Archive member included to satisfy reference by file (symbol)

../../../libs\libasr_dis_deepse_v2.a(asr_top_outside_port.o)
                              build/objs/system_msg_deal.o (symbol from plugin) (asrtop_asr_system_continue)
../../../libs\libasr_dis_deepse_v2.a(asr_dealwith_result.o)
                              build/objs/main.o (symbol from plugin) (config_recover_result)
../../../libs\libasr_dis_deepse_v2.a(decode_post_proc.o)
                              build/objs/ci_nlp_user.o (symbol from plugin) (nlp_set_close_func_addr)
../../../libs\libasr_dis_deepse_v2.a(decoder_inner_port_rpmsg.o)
                              build/objs/main.o (symbol from plugin) (decoder_task_init_port)
../../../libs\libasr_dis_deepse_v2.a(asrbest_result.o)
                              asr_dealwith_result.o (symbol from plugin) (get_cur_max_score)
../../../libs\libasr_dis_deepse_v2.a(cmp_twice_confidence.o)
                              asr_dealwith_result.o (symbol from plugin) (cmp_twice_confidence_compute)
../../../libs\libasr_dis_deepse_v2.a(decide_result.o)
                              asr_dealwith_result.o (symbol from plugin) (get_valid_cmd_word_count)
../../../libs\libasr_dis_deepse_v2.a(decoder_manage.o)
                              asr_dealwith_result.o (symbol from plugin) (sg_decoding_frames)
../../../libs\libasr_dis_deepse_v2.a(dynmic_confidence.o)
                              decoder_inner_port_rpmsg.o (symbol from plugin) (dynmic_confidence_config)
../../../libs\libasr_dis_deepse_v2.a(dnn_outside_port.o)
                              decoder_manage.o (symbol from plugin) (get_dnn_version)
../../../libs\libasr_dis_deepse_v2.a(flash_manage_outside_port.o)
                              build/objs/ci_flash_data_info.o (symbol from plugin) (is_flash_power_off)
../../../libs\libasr_dis_deepse_v2.a(vad_fe_outside_port.o)
                              asr_dealwith_result.o (symbol from plugin) (send_vadcfg_vadend_frames_msg)
../../../libs\libasr_dis_deepse_v2.a(ci_nlp.o)
                              build/objs/ci_nlp_user.o (symbol from plugin) (nlp_param_set)
../../../libs\libasr_dis_deepse_v2.a(ci_nlp_control.o)
                              build/objs/nlp_msg_deal.o (symbol from plugin) (nlp_timer_init)
../../../libs\libnewlib_port.a(sbrk.o)
                              build/objs/platform_config.o (symbol from plugin) (sbrk)
../../../libs\libfreertos_port.a(port.o)
                              build/objs/event_groups.o (symbol from plugin) (vPortSetMSIPInt)
../../../libs\libfreertos_port.a(portasm.o)
                              port.o (symbol from plugin) (vPortYield)
../../../libs\libdsu.a(ci130x_dsu.o)
                              build/objs/main.o (symbol from plugin) (dsu_init)
../../../libs\libdsu.a(ci130x_mailbox.o)
                              build/objs/platform_config.o (symbol from plugin) (mailbox_preinit)
../../../libs\libdsu.a(ci130x_scu.o)
                              build/objs/ci130x_init.o (symbol from plugin) (scu_unlock_system_config)
../../../libs\libdsu.a(ci130x_efuse.o)
                              ci130x_dsu.o (symbol from plugin) (efuse_unlock)
../../../libs\libdsu.a(ci130x_dpmu.o)
                              build/objs/ci130x_init.o (symbol from plugin) (dpmu_unlock_cfg_config)
../../../libs\libdsu.a(ci130x_nuclear_com.o)
                              build/objs/flash_control_inner_port.o (symbol from plugin) (nuclear_com_registe_serve)
../../../libs\libdsu.a(remote_api_for_host.o)
                              build/objs/main.o (symbol from plugin) (rc_caller_set_ssp_registe)
../../../libs\libcwsl_v2.a(ci_cwsl_voice.o)
                              asr_dealwith_result.o (symbol from plugin) (get_cwsl_threshold)
../../../libs\libcwsl_v2.a(cwsl_manage.o)
                              ci_cwsl_voice.o (symbol from plugin) (get_last_time)
../../../libs\libcwsl_v2.a(cwsl_template_manager.o)
                              cwsl_manage.o (symbol from plugin) (cwsl_tm_init)
../../../libs\libcwsl_v2.a(cwsl_algorithm.o)
                              cwsl_manage.o (symbol from plugin) (nn_output_callback)
../../../libs\libtts.a(tts_gb2312toUtf8.o)
                              remote_api_for_host.o (symbol from plugin) (get_pingyin_word)
../../../libs\libtts.a(tts_manage.o)
                              tts_gb2312toUtf8.o (symbol from plugin) (tts_conv_mutex)
../../../libs\libtts.a(tts_play_ctl.o)
                              tts_manage.o (symbol from plugin) (STOP_FALG)
../../../libs\libtts.a(tts_ringbuffer_block_module.o)
                              tts_manage.o (symbol from plugin) (tts_rbb_module_pushblock)
../../../libs\libtts.a(tts_serial_text_deal.o)
                              tts_manage.o (symbol from plugin) (tts_seial_reveice_task)
../../../libs\libtts.a(tts_utf8_ringbuffer.o)
                              tts_gb2312toUtf8.o (symbol from plugin) (tts_utf8_get_rb_handle)
../../../libs\libtts.a(tts_vocoder.o)
[...]
Memory Configuration

Name             Origin             Length             Attributes
BOOT_PARAMETER   0x000000001ff50a00 0x0000000000000200
SHARE_SRAM       0x000000001ff50c00 0x0000000000000400
SRAM             0x000000001ff51000 0x0000000000082000 xrw
*default*        0x0000000000000000 0xffffffffffffffff

Linker script and memory map

LOAD C:\TMP\offline_asr_alg_pro_sample.elf.aN3QuV.ltrans0.ltrans.o
LOAD C:\TMP\offline_asr_alg_pro_sample.elf.aN3QuV.ltrans1.ltrans.o
LOAD C:\TMP\offline_asr_alg_pro_sample.elf.aN3QuV.ltrans2.ltrans.o
LOAD C:\TMP\ccI493xN.debug.temp.o
LOAD C:\TMP\ccADYp7T.debug.temp.o
LOAD C:\TMP\ccMebkf1.debug.temp.o
LOAD C:\TMP\ccCIXH97.debug.temp.o
LOAD C:\TMP\ccGTmgme.debug.temp.o
LOAD C:\TMP\cc4YnEpk.debug.temp.o
LOAD C:\TMP\ccSN9XKq.debug.temp.o
LOAD C:\TMP\ccaA6d3A.debug.temp.o
LOAD C:\TMP\ccWtZ3bL.debug.temp.o
LOAD C:\TMP\ccsbw5LV.debug.temp.o
LOAD C:\TMP\cckkF4g6.debug.temp.o
LOAD C:\TMP\ccCeKk2f.debug.temp.o
LOAD C:\TMP\ccurDsEp.debug.temp.o
LOAD C:\TMP\cc4mQuHz.debug.temp.o
LOAD C:\TMP\ccIWyhNI.debug.temp.o
LOAD C:\TMP\cc3jCXPK.debug.temp.o
LOAD C:\TMP\ccgvtt3L.debug.temp.o
LOAD C:\TMP\ccfTeDlN.debug.temp.o
LOAD C:\TMP\ccWZjH4O.debug.temp.o
LOAD C:\TMP\cclzgnEQ.debug.temp.o
LOAD C:\TMP\ccyk2SdS.debug.temp.o
LOAD C:\TMP\cc5JXV3S.debug.temp.o
LOAD C:\TMP\cck6XbGT.debug.temp.o
LOAD C:\TMP\cclhQmJU.debug.temp.o
LOAD C:\TMP\cc6BlbRV.debug.temp.o
LOAD C:\TMP\ccvjaBPW.debug.temp.o
LOAD C:\TMP\ccomGTZW.debug.temp.o
LOAD C:\TMP\ccXqeyeX.debug.temp.o
LOAD C:\TMP\cc4Kj4jX.debug.temp.o
LOAD C:\TMP\ccbJp8LX.debug.temp.o
LOAD C:\TMP\ccE8798X.debug.temp.o
LOAD C:\TMP\ccvofot2.debug.temp.o
LOAD C:\TMP\cc4ArPz6.debug.temp.o
LOAD C:\TMP\ccrH5Ibb.debug.temp.o
LOAD C:\TMP\ccE48ZRf.debug.temp.o
LOAD C:\TMP\ccrK08ok.debug.temp.o
LOAD C:\TMP\ccGIia8n.debug.temp.o
LOAD C:\TMP\ccB6aNHr.debug.temp.o
LOAD C:\TMP\cccw5Llv.debug.temp.o
LOAD C:\TMP\ccJZeHqz.debug.temp.o
LOAD C:\TMP\ccOIVtmD.debug.temp.o
LOAD C:\TMP\cc3OlvyG.debug.temp.o
LOAD C:\TMP\cc83WKwJ.debug.temp.o
LOAD C:\TMP\ccV3UbWM.debug.temp.o
LOAD C:\TMP\ccuIdRpQ.debug.temp.o
LOAD C:\TMP\ccB4dIFT.debug.temp.o
LOAD C:\TMP\cc8baQbW.debug.temp.o
LOAD C:\TMP\ccptJBMY.debug.temp.o
LOAD C:\TMP\ccmaTYd1.debug.temp.o
LOAD C:\TMP\cc7cpS13.debug.temp.o
LOAD C:\TMP\cciP80K6.debug.temp.o
LOAD C:\TMP\ccXo35qd.debug.temp.o
LOAD C:\TMP\ccWQwJXj.debug.temp.o
LOAD C:\TMP\ccRoiAVq.debug.temp.o
LOAD C:\TMP\ccA2XEFx.debug.temp.o
LOAD C:\TMP\ccv8WvKD.debug.temp.o
LOAD C:\TMP\ccmEaLTJ.debug.temp.o
LOAD C:\TMP\ccHjnRTP.debug.temp.o
LOAD C:\TMP\ccWZxTkW.debug.temp.o
LOAD C:\TMP\ccHQVvC2.debug.temp.o
LOAD C:\TMP\ccGcEEa8.debug.temp.o
LOAD C:\TMP\ccjVFozd.debug.temp.o
LOAD C:\TMP\ccM2kFkj.debug.temp.o
LOAD C:\TMP\ccTwjxWo.debug.temp.o
LOAD C:\TMP\ccMdc3Cu.debug.temp.o
LOAD C:\TMP\cc3CJPzz.debug.temp.o
LOAD C:\TMP\ccSJYNiE.debug.temp.o
LOAD C:\TMP\cctvy05I.debug.temp.o
LOAD C:\TMP\ccWK50fO.debug.temp.o
LOAD C:\TMP\ccVaQBgT.debug.temp.o
LOAD C:\TMP\cc8HoMi2.debug.temp.o
LOAD C:\TMP\ccZBgybb.debug.temp.o
LOAD C:\TMP\ccCk0evk.debug.temp.o
LOAD C:\TMP\ccXZO8At.debug.temp.o
LOAD C:\TMP\ccCjNzXB.debug.temp.o
LOAD C:\TMP\cc7TaooK.debug.temp.o
LOAD C:\TMP\cc2vWLFS.debug.temp.o
LOAD C:\TMP\cc1RgIj1.debug.temp.o
LOAD C:\TMP\ccwsa3S9.debug.temp.o
LOAD C:\TMP\ccfwlDIh.debug.temp.o
LOAD C:\TMP\ccG2nPop.debug.temp.o
LOAD C:\TMP\ccVsCdwx.debug.temp.o
LOAD C:\TMP\cc09fZHF.debug.temp.o
LOAD C:\TMP\ccB16kKN.debug.temp.o
LOAD C:\TMP\ccEbozYU.debug.temp.o
LOAD C:\TMP\ccdyVE31.debug.temp.o
LOAD C:\TMP\ccGhq8c9.debug.temp.o
LOAD C:\TMP\ccVPMwNg.debug.temp.o
LOAD C:\TMP\ccEx8Leo.debug.temp.o
LOAD C:\TMP\ccv96LCz.debug.temp.o
LOAD C:\TMP\cc4HaZMK.debug.temp.o
LOAD C:\TMP\cczkt8nW.debug.temp.o
LOAD C:\TMP\ccEfA9P7.debug.temp.o
LOAD C:\TMP\cczr6xmj.debug.temp.o
LOAD C:\TMP\ccK9ac9t.debug.temp.o
LOAD C:\TMP\ccDOk3HE.debug.temp.o
LOAD C:\TMP\ccgh85HP.debug.temp.o
LOAD C:\TMP\ccP99wM0.debug.temp.o
LOAD C:\TMP\cckuBHTa.debug.temp.o
LOAD C:\TMP\ccp5NsRk.debug.temp.o
LOAD C:\TMP\cccrDFkv.debug.temp.o
LOAD C:\TMP\ccFc3tEF.debug.temp.o
LOAD C:\TMP\ccsCCPeP.debug.temp.o
LOAD C:\TMP\cc5iByTY.debug.temp.o
LOAD C:\TMP\cc80XQo8.debug.temp.o
LOAD C:\TMP\ccftTHgi.debug.temp.o
LOAD C:\TMP\ccWdDqZr.debug.temp.o
LOAD C:\TMP\ccld7iAF.debug.temp.o
LOAD C:\TMP\ccKQBJxT.debug.temp.o
LOAD C:\TMP\ccnHjzl7.debug.temp.o
LOAD C:\TMP\ccWXfNdl.debug.temp.o
LOAD C:\TMP\ccJJwxmy.debug.temp.o
LOAD C:\TMP\cckBHvhL.debug.temp.o
LOAD C:\TMP\ccB8UnDY.debug.temp.o
LOAD C:\TMP\ccw4u8Pb.debug.temp.o
LOAD C:\TMP\ccBnO7io.debug.temp.o
LOAD C:\TMP\ccm6HICA.debug.temp.o
LOAD C:\TMP\ccX50G0M.debug.temp.o
LOAD C:\TMP\ccsCytLZ.debug.temp.o
LOAD C:\TMP\ccBvpRmc.debug.temp.o
LOAD C:\TMP\ccWQz1io.debug.temp.o
LOAD C:\TMP\ccRuy35z.debug.temp.o
LOAD C:\TMP\ccIyLtXL.debug.temp.o
LOAD C:\TMP\ccfi1NfY.debug.temp.o
LOAD C:\TMP\ccSOKxhe.debug.temp.o
LOAD C:\TMP\ccPJPeeu.debug.temp.o
LOAD C:\TMP\ccMmFCEJ.debug.temp.o
LOAD C:\TMP\ccb49zVY.debug.temp.o
LOAD C:\TMP\cccdF1ge.debug.temp.o
LOAD C:\TMP\ccX7Kn3t.debug.temp.o
LOAD C:\TMP\ccqZVWBJ.debug.temp.o
LOAD C:\TMP\ccdvg3qY.debug.temp.o
LOAD C:\TMP\ccEnUK6c.debug.temp.o
LOAD C:\TMP\ccNYRmds.debug.temp.o
LOAD C:\TMP\ccMQemoH.debug.temp.o
LOAD C:\TMP\ccl1pdqW.debug.temp.o
LOAD build/objs/ci130x_vtable.o
LOAD build/objs/ci130x_startup.o
LOAD ../../../libs\libasr_dis_deepse_v2.a
LOAD ../../../libs\libnlp.a
LOAD ../../../libs\libnewlib_port.a
LOAD ../../../libs\libfreertos_port.a
LOAD ../../../libs\libdsu.a
LOAD ../../../libs\libflash_encrypt.a
LOAD ../../../libs\libcwsl_v2.a
LOAD ../../../libs\libtts.a
LOAD ../../../components/ci_ble/stack\libOnMicroBLE.a
LOAD ../../../components/ci_ble/stack\libcias_crypto.a
LOAD ../../../libs\libcikd_pro_cwsl_dis_frm.a
LOAD d:/software/yuyin/qiqiyinqiluntai/riscv-nuclei-elf-gcc-9.2.0.0/gcc_fix_raissrc/bin/../lib/gcc/riscv-nuclei-elf/9.2.0/../../../../riscv-nuclei-elf/lib/rv32imafc/ilp32f\libstdc++.a
LOAD d:/software/yuyin/qiqiyinqiluntai/riscv-nuclei-elf-gcc-9.2.0.0/gcc_fix_raissrc/bin/../lib/gcc/riscv-nuclei-elf/9.2.0/../../../../riscv-nuclei-elf/lib/rv32imafc/ilp32f\libm.a
LOAD d:/software/yuyin/qiqiyinqiluntai/riscv-nuclei-elf-gcc-9.2.0.0/gcc_fix_raissrc/bin/../lib/gcc/riscv-nuclei-elf/9.2.0/rv32imafc/ilp32f\libgcc.a
LOAD d:/software/yuyin/qiqiyinqiluntai/riscv-nuclei-elf-gcc-9.2.0.0/gcc_fix_raissrc/bin/../lib/gcc/riscv-nuclei-elf/9.2.0/../../../../riscv-nuclei-elf/lib/rv32imafc/ilp32f\libg_nano.a
LOAD d:/software/yuyin/qiqiyinqiluntai/riscv-nuclei-elf-gcc-9.2.0.0/gcc_fix_raissrc/bin/../lib/gcc/riscv-nuclei-elf/9.2.0/../../../../riscv-nuclei-elf/lib/rv32imafc/ilp32f\libc_nano.a
LOAD d:/software/yuyin/qiqiyinqiluntai/riscv-nuclei-elf-gcc-9.2.0.0/gcc_fix_raissrc/bin/../lib/gcc/riscv-nuclei-elf/9.2.0/rv32imafc/ilp32f\libgcc.a
START GROUP
LOAD d:/software/yuyin/qiqiyinqiluntai/riscv-nuclei-elf-gcc-9.2.0.0/gcc_fix_raissrc/bin/../lib/gcc/riscv-nuclei-elf/9.2.0/rv32imafc/ilp32f\libgcc.a
LOAD d:/software/yuyin/qiqiyinqiluntai/riscv-nuclei-elf-gcc-9.2.0.0/gcc_fix_raissrc/bin/../lib/gcc/riscv-nuclei-elf/9.2.0/../../../../riscv-nuclei-elf/lib/rv32imafc/ilp32f\libc_nano.a
LOAD d:/software/yuyin/qiqiyinqiluntai/riscv-nuclei-elf-gcc-9.2.0.0/gcc_fix_raissrc/bin/../lib/gcc/riscv-nuclei-elf/9.2.0/../../../../riscv-nuclei-elf/lib/rv32imafc/ilp32f\libgloss_nano.a
END GROUP
                0x0000000000000c00                STACK_SIZE = 0xc00
                0x000000001ffd2000                SRAM_HOST_END_ADDR = 0x1ffd2000
                0x000000001fff8000                CHIP_SRAM_END_ADDR = 0x1fff8000
                0x000000001ffd3000                SDK_ALG_PRO_SRAM_HOST_NULL_END_ADDR = 0x1ffd3000
                0x000000001ffd4000                SDK_ALG_PRO_SRAM_HOST_CWSL_END_ADDR = 0x1ffd4000
                0x000000001ffd3000                SDK_ALG_PRO_SRAM_HOST_AEC_END_ADDR = 0x1ffd3000
                0x000000001ffd3000                SDK_ALG_PRO_SRAM_HOST_DEREVERB_END_ADDR = 0x1ffd3000
                0x000000001ffce000                SDK_ALG_PRO_SRAM_HOST_DENOISE_END_ADDR = 0x1ffce000
                0x000000001ffcf000                SDK_ALG_PRO_SRAM_HOST_DOA_END_ADDR = 0x1ffcf000
                0x000000001ffce000                SDK_ALG_PRO_SRAM_HOST_DOA_DEREVERB_END_ADDR = 0x1ffce000
                0x000000001ffd0000                SDK_ALG_PRO_SRAM_HOST_VPR_END_ADDR = 0x1ffd0000
                0x000000001ffd0000                SDK_ALG_PRO_SRAM_HOST_WMANVPR_END_ADDR = 0x1ffd0000
                0x000000001ffd6000                SDK_ALG_PRO_SRAM_HOST_SED_END_ADDR = 0x1ffd6000
                0x000000001ffde000                SDK_ALG_PRO_SRAM_HOST_TTS_END_ADDR = 0x1ffde000
                0x000000001ffcb000                SDK_ALG_PRO_SRAM_HOST_BF_END_ADDR = 0x1ffcb000
                0x000000001ffd3000                SDK_ALG_PRO_SRAM_HOST_CWSL_AEC_END_ADDR = 0x1ffd3000
                0x000000001ffcf000                SDK_ALG_PRO_SRAM_HOST_DOA_AEC_END_ADDR = 0x1ffcf000
                0x000000001ffd2800                SDK_ALG_PRO_SRAM_HOST_DEREVERB_AEC_END_ADDR = 0x1ffd2800
                0x000000001ffc9800                SDK_ALG_PRO_SRAM_HOST_BF_AEC_END_ADDR = 0x1ffc9800
                0x000000001ffc8800                SDK_ALG_PRO_SRAM_HOST_BF_DEREVERB_END_ADDR = 0x1ffc8800
                0x000000001ffcf000                SDK_ALG_PRO_SRAM_HOST_CWSL_DOA_END_ADDR = 0x1ffcf000
                0x000000001ffaf800                SDK_ALG_PRO_SRAM_HOST_BF_DOA_END_ADDR = 0x1ffaf800
                0x000000001ffd3000                SDK_ALG_PRO_SRAM_HOST_ANY_MIC_AEC_END_ADDR = 0x1ffd3000
                0x000000001ffcf000                SDK_ALG_PRO_SRAM_HOST_CWSL_DOA_AEC_END_ADDR = 0x1ffcf000
                0x000000001ffd3000                SDK_ALG_PRO_SRAM_HOST_CWSL_ANY_MIC_AEC_END_ADDR = 0x1ffd3000
                0x000000001ffce000                SDK_ALG_PRO_SRAM_HOST_DOA_DEREVERB_AEC_END_ADDR = 0x1ffce000
                0x000000001ffcd800                SDK_ALG_PRO_SRAM_HOST_CWSL_DOA_DEREVERB_AEC_END_ADDR = 0x1ffcd800
                0x000000001ff50a00                BOOT_PARAMETER_ADDR = 0x1ff50a00
                0x0000000000000200                BOOT_PARAMETER_SIZE = 0x200
                0x000000001ff50c00                SHARE_SRAM_ADDR = 0x1ff50c00
                0x0000000000000400                SHARE_SRAM_SIZE = 0x400
                0x000000001ff51000                SRAM_START_ADDR = 0x1ff51000
                0x000000001ffd3000                SRAM_END_ADDR = SDK_ALG_PRO_SRAM_HOST_NULL_END_ADDR
                0x0000000000082000                SRAM_SIZE = (SRAM_END_ADDR - SRAM_START_ADDR)
                0x0000000000019000                SYS_HEAP_SIZE = 0x19000
                0x0000000000000c00                __stack_size = STACK_SIZE
                0x0000000000000c00                __int_stack_size = STACK_SIZE
                0x0000000000000c00                __stack_size = DEFINED (__stack_size)?__stack_size:0x800
                0x0000000000000c00                __int_stack_size = DEFINED (__int_stack_size)?__int_stack_size:0x400

.boot_parameter
                0x000000001ff50a00      0x116
 *.(boot_parameter)
 .boot_parameter
                0x000000001ff50a00      0x116 C:\TMP\offline_asr_alg_pro_sample.elf.aN3QuV.ltrans1.ltrans.o

.share_memory   0x000000001ff50c00      0x12c
 *(.share_mem)
 .share_mem     0x000000001ff50c00      0x12c C:\TMP\offline_asr_alg_pro_sample.elf.aN3QuV.ltrans0.ltrans.o
                0x000000001ff50c00                status_list.lto_priv.0

.init           0x000000001ff51000      0x272
 *(.vtable)
 .vtable        0x000000001ff51000      0x100 build/objs/ci130x_vtable.o
                0x000000001ff51000                vector_base
 *(.load_addr)
 .load_addr     0x000000001ff51100       0x3c build/objs/ci130x_startup.o
 *(SORT_NONE(.init))
 .init          0x000000001ff5113c      0x136 build/objs/ci130x_startup.o
                0x000000001ff5113c                _start
                0x000000001ff51162                _virtual_start
                0x000000001ff51250                disable_mcycle_minstret
                0x000000001ff51256                enable_mcycle_minstret
                0x000000001ff5125c                core_wfe_asm

.ilalign        0x000000001ff51272        0x2
                0x000000001ff51274                . = ALIGN (0x4)
 *fill*         0x000000001ff51272        0x2 
                0x000000001ff51274                PROVIDE (_ilm_lma = .)

.ialign         0x000000001ff51274        0x0
                0x000000001ff51274                PROVIDE (_ilm = .)

.text           0x000000001ff51280    0x14658
 *(.text.unlikely .text.unlikely.*)
 *(.text.startup .text.startup.*)
 .text.startup.main
                0x000000001ff51280      0x58e C:\TMP\offline_asr_alg_pro_sample.elf.aN3QuV.ltrans1.ltrans.o
                0x000000001ff51280                main
 *(.text .text.*)
 .text.asrSetBeam.constprop.0
                0x000000001ff5180e        0x8 C:\TMP\offline_asr_alg_pro_sample.elf.aN3QuV.ltrans0.ltrans.o
 .text.asr_result_clear.constprop.0
                0x000000001ff51816       0x30 C:\TMP\offline_asr_alg_pro_sample.elf.aN3QuV.ltrans0.ltrans.o
 .text.dynmic_confidence_en_cfg
                0x000000001ff51846        0x4 C:\TMP\offline_asr_alg_pro_sample.elf.aN3QuV.ltrans0.ltrans.o
                0x000000001ff51846                dynmic_confidence_en_cfg
 .text.CI0059   0x000000001ff5184a       0x2c C:\TMP\offline_asr_alg_pro_sample.elf.aN3QuV.ltrans0.ltrans.o
 .text.CI0074   0x000000001ff51876        0xa C:\TMP\offline_asr_alg_pro_sample.elf.aN3QuV.ltrans0.ltrans.o
 .text.CI0083   0x000000001ff51880       0x32 C:\TMP\offline_asr_alg_pro_sample.elf.aN3QuV.ltrans0.ltrans.o
 .text.get_utt2len
                0x000000001ff518b2       0x5e C:\TMP\offline_asr_alg_pro_sample.elf.aN3QuV.ltrans0.ltrans.o
 .text.fp32_to_int22
                0x000000001ff51910       0x46 C:\TMP\offline_asr_alg_pro_sample.elf.aN3QuV.ltrans0.ltrans.o
 .text.CI0057   0x000000001ff51956      0x130 C:\TMP\offline_asr_alg_pro_sample.elf.aN3QuV.ltrans0.ltrans.o
 .text.CI0096.isra.0
                0x000000001ff51a86      0x32a C:\TMP\offline_asr_alg_pro_sample.elf.aN3QuV.ltrans0.ltrans.o
 .text.CI0049   0x000000001ff51db0       0x56 C:\TMP\offline_asr_alg_pro_sample.elf.aN3QuV.ltrans0.ltrans.o
 .text.CI0098.isra.0
                0x000000001ff51e06       0x9a C:\TMP\offline_asr_alg_pro_sample.elf.aN3QuV.ltrans0.ltrans.o
 .text.CI0066   0x000000001ff51ea0       0x4c C:\TMP\offline_asr_alg_pro_sample.elf.aN3QuV.ltrans0.ltrans.o
 .text.CI0028   0x000000001ff51eec       0xd0 C:\TMP\offline_asr_alg_pro_sample.elf.aN3QuV.ltrans0.ltrans.o
 .text.rc_callee_print_pwk_db_in_host
                0x000000001ff51fbc        0x2 C:\TMP\offline_asr_alg_pro_sample.elf.aN3QuV.ltrans0.ltrans.o
                0x000000001ff51fbc                rc_callee_print_pwk_db_in_host
 .text.rc_callee_print_doa_angle_in_host
                0x000000001ff51fbe        0x2 C:\TMP\offline_asr_alg_pro_sample.elf.aN3QuV.ltrans0.ltrans.o
                0x000000001ff51fbe                rc_callee_print_doa_angle_in_host
 .text.rc_callee_sed_rslt_cb
                0x000000001ff51fc0        0x2 C:\TMP\offline_asr_alg_pro_sample.elf.aN3QuV.ltrans0.ltrans.o
                0x000000001ff51fc0                rc_callee_sed_rslt_cb
 .text.rc_callee_deal_one_frm_fft_rslt_callback
                0x000000001ff51fc2        0x2 C:\TMP\offline_asr_alg_pro_sample.elf.aN3QuV.ltrans0.ltrans.o
                0x000000001ff51fc2                rc_callee_deal_one_frm_fft_rslt_callback
 .text.rc_callee_set_tts_init_done
                0x000000001ff51fc4        0x4 C:\TMP\offline_asr_alg_pro_sample.elf.aN3QuV.ltrans0.ltrans.o
                0x000000001ff51fc4                rc_callee_set_tts_init_done
 .text.efuse_check_int_state
                0x000000001ff51fc8       0x14 C:\TMP\offline_asr_alg_pro_sample.elf.aN3QuV.ltrans0.ltrans.o
 .text.efuse_int_clear
                0x000000001ff51fdc       0x12 C:\TMP\offline_asr_alg_pro_sample.elf.aN3QuV.ltrans0.ltrans.o
 .text.prvTaskExitError
                0x000000001ff51fee       0x16 C:\TMP\offline_asr_alg_pro_sample.elf.aN3QuV.ltrans0.ltrans.o
 .text.decoder_setwordstag
                0x000000001ff52004       0x2a C:\TMP\offline_asr_alg_pro_sample.elf.aN3QuV.ltrans0.ltrans.o
 .text.check_equal_word
                0x000000001ff5202e       0x32 C:\TMP\offline_asr_alg_pro_sample.elf.aN3QuV.ltrans0.ltrans.o
 .text.clean_nlp_keywords
                0x000000001ff52060       0xb2 C:\TMP\offline_asr_alg_pro_sample.elf.aN3QuV.ltrans0.ltrans.o
 .text.CI0158   0x000000001ff52112       0x26 C:\TMP\offline_asr_alg_pro_sample.elf.aN3QuV.ltrans0.ltrans.o
 .text.CI0116.constprop.0
                0x000000001ff52138       0xa2 C:\TMP\offline_asr_alg_pro_sample.elf.aN3QuV.ltrans0.ltrans.o
 .text.CI0022   0x000000001ff521da       0x6e C:\TMP\offline_asr_alg_pro_sample.elf.aN3QuV.ltrans0.ltrans.o
 .text.CI0069   0x000000001ff52248      0x270 C:\TMP\offline_asr_alg_pro_sample.elf.aN3QuV.ltrans0.ltrans.o
 .text.rc_callee_malloc_in_host
                0x000000001ff524b8        0xe C:\TMP\offline_asr_alg_pro_sample.elf.aN3QuV.ltrans0.ltrans.o
                0x000000001ff524b8                rc_callee_malloc_in_host
 .text.readflash_to_mem
                0x000000001ff524c6       0x54 C:\TMP\offline_asr_alg_pro_sample.elf.aN3QuV.ltrans0.ltrans.o
 .text.rc_callee_set_tts_dnn_done
                0x000000001ff5251a        0x4 C:\TMP\offline_asr_alg_pro_sample.elf.aN3QuV.ltrans0.ltrans.o
                0x000000001ff5251a                rc_callee_set_tts_dnn_done
 .text.rc_callee_get_current_model_addr
                0x000000001ff5251e       0x14 C:\TMP\offline_asr_alg_pro_sample.elf.aN3QuV.ltrans0.ltrans.o
                0x000000001ff5251e                rc_callee_get_current_model_addr
 .text.get_cmd_words_type_id
                0x000000001ff52532       0x40 C:\TMP\offline_asr_alg_pro_sample.elf.aN3QuV.ltrans0.ltrans.o
 .text.get_cmd_words_semantic_id
                0x000000001ff52572       0x3e C:\TMP\offline_asr_alg_pro_sample.elf.aN3QuV.ltrans0.ltrans.o
 .text.set_intent_output.constprop.0
                0x000000001ff525b0      0x344 C:\TMP\offline_asr_alg_pro_sample.elf.aN3QuV.ltrans0.ltrans.o
 .text.decoder_bufinfo_clear
                0x000000001ff528f4       0x42 C:\TMP\offline_asr_alg_pro_sample.elf.aN3QuV.ltrans0.ltrans.o
 .text.eclic_set_irq_priority.constprop.0
                0x000000001ff52936       0x3a C:\TMP\offline_asr_alg_pro_sample.elf.aN3QuV.ltrans0.ltrans.o
                0x000000001ff52936                eclic_set_irq_priority.constprop.0
 .text.xQueueCreateMutex.constprop.0
                0x000000001ff52970       0x2e C:\TMP\offline_asr_alg_pro_sample.elf.aN3QuV.ltrans0.ltrans.o
                0x000000001ff52970                xQueueCreateMutex.constprop.0
 .text.pause_audio_play_prompt.constprop.0
                0x000000001ff5299e       0x82 C:\TMP\offline_asr_alg_pro_sample.elf.aN3QuV.ltrans0.ltrans.o
                0x000000001ff5299e                pause_audio_play_prompt.constprop.0
 .text.audio_play_queue_send.constprop.0
                0x000000001ff52a20       0x18 C:\TMP\offline_asr_alg_pro_sample.elf.aN3QuV.ltrans0.ltrans.o
                0x000000001ff52a20                audio_play_queue_send.constprop.0
 .text.cosine_dist.constprop.0
                0x000000001ff52a38       0x9c C:\TMP\offline_asr_alg_pro_sample.elf.aN3QuV.ltrans0.ltrans.o
                0x000000001ff52a38                cosine_dist.constprop.0
 .text.spk_tpl_load.constprop.0
                0x000000001ff52ad4       0x78 C:\TMP\offline_asr_alg_pro_sample.elf.aN3QuV.ltrans0.ltrans.o
                0x000000001ff52ad4                spk_tpl_load.constprop.0
 .text.frame_power.constprop.0
                0x000000001ff52b4c      0x18e C:\TMP\offline_asr_alg_pro_sample.elf.aN3QuV.ltrans0.ltrans.o
                0x000000001ff52b4c                frame_power.constprop.0
 .text.send_word_callback.constprop.0
                0x000000001ff52cda       0x9e C:\TMP\offline_asr_alg_pro_sample.elf.aN3QuV.ltrans0.ltrans.o
                0x000000001ff52cda                send_word_callback.constprop.0
 .text.CI0159.isra.0.lto_priv.0
                0x000000001ff52d78      0x146 C:\TMP\offline_asr_alg_pro_sample.elf.aN3QuV.ltrans0.ltrans.o
                0x000000001ff52d78                CI0159.isra.0.lto_priv.0
 .text.CI0157.part.0.lto_priv.0
                0x000000001ff52ebe       0x34 C:\TMP\offline_asr_alg_pro_sample.elf.aN3QuV.ltrans0.ltrans.o
                0x000000001ff52ebe                CI0157.part.0.lto_priv.0
 .text.CI0155.isra.0.lto_priv.0
                0x000000001ff52ef2       0x26 C:\TMP\offline_asr_alg_pro_sample.elf.aN3QuV.ltrans0.ltrans.o
                0x000000001ff52ef2                CI0155.isra.0.lto_priv.0
 .text.CI0002.isra.0
                0x000000001ff52f18       0xda C:\TMP\offline_asr_alg_pro_sample.elf.aN3QuV.ltrans0.ltrans.o
 .text.CI0060   0x000000001ff52ff2      0x14e C:\TMP\offline_asr_alg_pro_sample.elf.aN3QuV.ltrans0.ltrans.o
 .text.CI0118   0x000000001ff53140      0x268 C:\TMP\offline_asr_alg_pro_sample.elf.aN3QuV.ltrans0.ltrans.o
 .text.CI0114.lto_priv.0
                0x000000001ff533a8       0x84 C:\TMP\offline_asr_alg_pro_sample.elf.aN3QuV.ltrans0.ltrans.o
                0x000000001ff533a8                CI0114.lto_priv.0
 .text.free_utt2len.lto_priv.0
                0x000000001ff5342c       0x4a C:\TMP\offline_asr_alg_pro_sample.elf.aN3QuV.ltrans0.ltrans.o
                0x000000001ff5342c                free_utt2len.lto_priv.0
 .text.CI0154.lto_priv.0
                0x000000001ff53476      0x12a C:\TMP\offline_asr_alg_pro_sample.elf.aN3QuV.ltrans0.ltrans.o
                0x000000001ff53476                CI0154.lto_priv.0
 .text.asrGetCmdWordsAndScore.constprop.0
                0x000000001ff535a0       0x8a C:\TMP\offline_asr_alg_pro_sample.elf.aN3QuV.ltrans0.ltrans.o
 .text.check_cwsl_asr.part.0.constprop.0
                0x000000001ff5362a       0x82 C:\TMP\offline_asr_alg_pro_sample.elf.aN3QuV.ltrans0.ltrans.o
 .text.get_asr_result_for_final.constprop.0
                0x000000001ff536ac       0xc4 C:\TMP\offline_asr_alg_pro_sample.elf.aN3QuV.ltrans0.ltrans.o
 .text.CI0156.lto_priv.0
                0x000000001ff53770       0x82 C:\TMP\offline_asr_alg_pro_sample.elf.aN3QuV.ltrans0.ltrans.o
                0x000000001ff53770                CI0156.lto_priv.0
 .text.CI0001.lto_priv.0
                0x000000001ff537f2       0x72 C:\TMP\offline_asr_alg_pro_sample.elf.aN3QuV.ltrans0.ltrans.o
                0x000000001ff537f2                CI0001.lto_priv.0
 .text.CI0036   0x000000001ff53864      0x6dc C:\TMP\offline_asr_alg_pro_sample.elf.aN3QuV.ltrans0.ltrans.o
 .text.CI0120   0x000000001ff53f40      0x15e C:\TMP\offline_asr_alg_pro_sample.elf.aN3QuV.ltrans0.ltrans.o
 .text.dpmu_unlock_cfg_config
                0x000000001ff5409e       0x12 C:\TMP\offline_asr_alg_pro_sample.elf.aN3QuV.ltrans0.ltrans.o
                0x000000001ff5409e                dpmu_unlock_cfg_config
 .text.dpmu_config_update_en
                0x000000001ff540b0       0x3a C:\TMP\offline_asr_alg_pro_sample.elf.aN3QuV.ltrans0.ltrans.o
                0x000000001ff540b0                dpmu_config_update_en
 .text.dpmu_ldo3_lv_set
                0x000000001ff540ea       0x32 C:\TMP\offline_asr_alg_pro_sample.elf.aN3QuV.ltrans0.ltrans.o
                0x000000001ff540ea                dpmu_ldo3_lv_set
 .text.dpmu_ldo2_lv_set
                0x000000001ff5411c       0x2e C:\TMP\offline_asr_alg_pro_sample.elf.aN3QuV.ltrans0.ltrans.o
                0x000000001ff5411c                dpmu_ldo2_lv_set
 .text.dpmu_ldo1_lv_set
                0x000000001ff5414a       0x28 C:\TMP\offline_asr_alg_pro_sample.elf.aN3QuV.ltrans0.ltrans.o
                0x000000001ff5414a                dpmu_ldo1_lv_set
 .text.dpmu_set_pmu_trim_value
                0x000000001ff54172       0x32 C:\TMP\offline_asr_alg_pro_sample.elf.aN3QuV.ltrans0.ltrans.o
                0x000000001ff54172                dpmu_set_pmu_trim_value
 .text.dpmu_clean_reset_state
                0x000000001ff541a4       0x1a C:\TMP\offline_asr_alg_pro_sample.elf.aN3QuV.ltrans0.ltrans.o
 .text.dpmu_set_io_pull
                0x000000001ff541be       0x3e C:\TMP\offline_asr_alg_pro_sample.elf.aN3QuV.ltrans0.ltrans.o
                0x000000001ff541be                dpmu_set_io_pull
 .text.dpmu_software_reset_system_config
                0x000000001ff541fc       0x2e C:\TMP\offline_asr_alg_pro_sample.elf.aN3QuV.ltrans0.ltrans.o
                0x000000001ff541fc                dpmu_software_reset_system_config
 .text.dpmu_get_pll_frequency
                0x000000001ff5422a       0x3e C:\TMP\offline_asr_alg_pro_sample.elf.aN3QuV.ltrans0.ltrans.o
                0x000000001ff5422a                dpmu_get_pll_frequency
 .text.efuse_read_data
                0x000000001ff54268        0xe C:\TMP\offline_asr_alg_pro_sample.elf.aN3QuV.ltrans0.ltrans.o
                0x000000001ff54268                efuse_read_data
 .text.AON_EFUSE_IRQHandler
                0x000000001ff54276       0x72 C:\TMP\offline_asr_alg_pro_sample.elf.aN3QuV.ltrans0.ltrans.o
                0x000000001ff54276                AON_EFUSE_IRQHandler
 .text.efuse_check_idle
                0x000000001ff542e8        0xe C:\TMP\offline_asr_alg_pro_sample.elf.aN3QuV.ltrans0.ltrans.o
                0x000000001ff542e8                efuse_check_idle
 .text.efuse_read_start
                0x000000001ff542f6        0xe C:\TMP\offline_asr_alg_pro_sample.elf.aN3QuV.ltrans0.ltrans.o
                0x000000001ff542f6                efuse_read_start
 .text.efuse_clk_freq_sel
                0x000000001ff54304       0x10 C:\TMP\offline_asr_alg_pro_sample.elf.aN3QuV.ltrans0.ltrans.o
                0x000000001ff54304                efuse_clk_freq_sel
 .text.scu_get_system_reset_state
                0x000000001ff54314       0x32 C:\TMP\offline_asr_alg_pro_sample.elf.aN3QuV.ltrans0.ltrans.o
                0x000000001ff54314                scu_get_system_reset_state
 .text.scu_unlock_reset_config
                0x000000001ff54346       0x12 C:\TMP\offline_asr_alg_pro_sample.elf.aN3QuV.ltrans0.ltrans.o
                0x000000001ff54346                scu_unlock_reset_config
 .text.scu_set_device_reset_release
                0x000000001ff54358      0x144 C:\TMP\offline_asr_alg_pro_sample.elf.aN3QuV.ltrans0.ltrans.o
                0x000000001ff54358                scu_set_device_reset_release
 .text.scu_set_device_reset
                0x000000001ff5449c      0x150 C:\TMP\offline_asr_alg_pro_sample.elf.aN3QuV.ltrans0.ltrans.o
                0x000000001ff5449c                scu_set_device_reset
 .text.scu_unlock_clk_config
                0x000000001ff545ec       0x12 C:\TMP\offline_asr_alg_pro_sample.elf.aN3QuV.ltrans0.ltrans.o
                0x000000001ff545ec                scu_unlock_clk_config
 .text.scu_iis_codec_mclk_config
                0x000000001ff545fe       0x8c C:\TMP\offline_asr_alg_pro_sample.elf.aN3QuV.ltrans0.ltrans.o
                0x000000001ff545fe                scu_iis_codec_mclk_config
 .text.scu_iis_pad_mclk_config
                0x000000001ff5468a       0x74 C:\TMP\offline_asr_alg_pro_sample.elf.aN3QuV.ltrans0.ltrans.o
                0x000000001ff5468a                scu_iis_pad_mclk_config
 .text.scu_iis_pad_clk_config
                0x000000001ff546fe       0x74 C:\TMP\offline_asr_alg_pro_sample.elf.aN3QuV.ltrans0.ltrans.o
                0x000000001ff546fe                scu_iis_pad_clk_config
 .text.scu_iis_clk_config
                0x000000001ff54772       0xb2 C:\TMP\offline_asr_alg_pro_sample.elf.aN3QuV.ltrans0.ltrans.o
                0x000000001ff54772                scu_iis_clk_config
 .text.scu_iis_mclk_Config
                0x000000001ff54824       0x92 C:\TMP\offline_asr_alg_pro_sample.elf.aN3QuV.ltrans0.ltrans.o
                0x000000001ff54824                scu_iis_mclk_Config
 .text.scu_set_div_parameter
                0x000000001ff548b6      0x2ce C:\TMP\offline_asr_alg_pro_sample.elf.aN3QuV.ltrans0.ltrans.o
                0x000000001ff548b6                scu_set_div_parameter
 .text.scu_set_device_gate
                0x000000001ff54b84      0x1de C:\TMP\offline_asr_alg_pro_sample.elf.aN3QuV.ltrans0.ltrans.o
                0x000000001ff54b84                scu_set_device_gate
 .text.scu_unlock_system_config
                0x000000001ff54d62       0x12 C:\TMP\offline_asr_alg_pro_sample.elf.aN3QuV.ltrans0.ltrans.o
                0x000000001ff54d62                scu_unlock_system_config
 .text.dpmu_pll_config.constprop.0
                0x000000001ff54d74      0x15c C:\TMP\offline_asr_alg_pro_sample.elf.aN3QuV.ltrans0.ltrans.o
                0x000000001ff54d74                dpmu_pll_config.constprop.0
 .text.MAIL_BOX_IRQHandler
                0x000000001ff54ed0       0x52 C:\TMP\offline_asr_alg_pro_sample.elf.aN3QuV.ltrans0.ltrans.o
                0x000000001ff54ed0                MAIL_BOX_IRQHandler
 .text.xPortSetInterruptMask
                0x000000001ff54f22       0x1e C:\TMP\offline_asr_alg_pro_sample.elf.aN3QuV.ltrans0.ltrans.o
                0x000000001ff54f22                xPortSetInterruptMask
 .text.xQueueGenericSendFromISR.constprop.0
                0x000000001ff54f40       0x72 C:\TMP\offline_asr_alg_pro_sample.elf.aN3QuV.ltrans0.ltrans.o
                0x000000001ff54f40                xQueueGenericSendFromISR.constprop.0
 .text.xTimerPendFunctionCallFromISR.constprop.0
                0x000000001ff54fb2       0x28 C:\TMP\offline_asr_alg_pro_sample.elf.aN3QuV.ltrans0.ltrans.o
                0x000000001ff54fb2                xTimerPendFunctionCallFromISR.constprop.0
 .text.pause_play.constprop.0
                0x000000001ff54fda       0x38 C:\TMP\offline_asr_alg_pro_sample.elf.aN3QuV.ltrans0.ltrans.o
 .text.xTimerGenericCommand.constprop.0
                0x000000001ff55012       0x2e C:\TMP\offline_asr_alg_pro_sample.elf.aN3QuV.ltrans0.ltrans.o
                0x000000001ff55012                xTimerGenericCommand.constprop.0
 .text.set_nlp_delay_end
                0x000000001ff55040       0x12 C:\TMP\offline_asr_alg_pro_sample.elf.aN3QuV.ltrans0.ltrans.o
 .text.set_state_nlp_end
                0x000000001ff55052       0x12 C:\TMP\offline_asr_alg_pro_sample.elf.aN3QuV.ltrans0.ltrans.o
 .text.vPortExitCritical
                0x000000001ff55064       0x16 C:\TMP\offline_asr_alg_pro_sample.elf.aN3QuV.ltrans0.ltrans.o
                0x000000001ff55064                vPortExitCritical
 .text.vPortEnterCritical
                0x000000001ff5507a       0x20 C:\TMP\offline_asr_alg_pro_sample.elf.aN3QuV.ltrans0.ltrans.o
                0x000000001ff5507a                vPortEnterCritical
 .text.audio_play_hw_stop.constprop.0
                0x000000001ff5509a      0x100 C:\TMP\offline_asr_alg_pro_sample.elf.aN3QuV.ltrans0.ltrans.o
                0x000000001ff5509a                audio_play_hw_stop.constprop.0
 .text.set_state_enter_wakeup.constprop.0
                0x000000001ff5519a       0x5a C:\TMP\offline_asr_alg_pro_sample.elf.aN3QuV.ltrans0.ltrans.o
                0x000000001ff5519a                set_state_enter_wakeup.constprop.0
 .text.vPortSetup
                0x000000001ff551f4       0x9a C:\TMP\offline_asr_alg_pro_sample.elf.aN3QuV.ltrans0.ltrans.o
                0x000000001ff551f4                vPortSetup
 .text.vDoTaskSwitchContext
                0x000000001ff5528e       0x76 C:\TMP\offline_asr_alg_pro_sample.elf.aN3QuV.ltrans0.ltrans.o
                0x000000001ff5528e                vDoTaskSwitchContext
 .text.taskswitch
                0x000000001ff55304       0x14 C:\TMP\offline_asr_alg_pro_sample.elf.aN3QuV.ltrans0.ltrans.o
                0x000000001ff55304                taskswitch
 .text.vPortClearMSIPInt
                0x000000001ff55318       0x12 C:\TMP\offline_asr_alg_pro_sample.elf.aN3QuV.ltrans0.ltrans.o
                0x000000001ff55318                vPortClearMSIPInt
 .text.vPortSetMSIPInt
                0x000000001ff5532a       0x1a C:\TMP\offline_asr_alg_pro_sample.elf.aN3QuV.ltrans0.ltrans.o
                0x000000001ff5532a                vPortSetMSIPInt
 .text.xTaskCreate.constprop.0
                0x000000001ff55344      0x1fc C:\TMP\offline_asr_alg_pro_sample.elf.aN3QuV.ltrans0.ltrans.o
                0x000000001ff55344                xTaskCreate.constprop.0
 .text.vPortSysTickHandler
                0x000000001ff55540       0x60 C:\TMP\offline_asr_alg_pro_sample.elf.aN3QuV.ltrans0.ltrans.o
                0x000000001ff55540                vPortSysTickHandler
 .text.flash_manage_give_op_done_sem
                0x000000001ff555a0       0x34 C:\TMP\offline_asr_alg_pro_sample.elf.aN3QuV.ltrans0.ltrans.o
 .text.flash_manage_nuclear_com_outside_serve_cb.lto_priv.0
                0x000000001ff555d4       0x42 C:\TMP\offline_asr_alg_pro_sample.elf.aN3QuV.ltrans0.ltrans.o
                0x000000001ff555d4                flash_manage_nuclear_com_outside_serve_cb.lto_priv.0
 .text.give_flash_sem.lto_priv.0
                0x000000001ff55616       0x1e C:\TMP\offline_asr_alg_pro_sample.elf.aN3QuV.ltrans0.ltrans.o
                0x000000001ff55616                give_flash_sem.lto_priv.0
 .text.cm_get_pcm_buffer.constprop.0
                0x000000001ff55634       0x90 C:\TMP\offline_asr_alg_pro_sample.elf.aN3QuV.ltrans0.ltrans.o
                0x000000001ff55634                cm_get_pcm_buffer.constprop.0
 .text.cm_write_codec.constprop.0
                0x000000001ff556c4       0xa6 C:\TMP\offline_asr_alg_pro_sample.elf.aN3QuV.ltrans0.ltrans.o
                0x000000001ff556c4                cm_write_codec.constprop.0
 .text.IISDMA_ChannelIntENConfig.constprop.0
                0x000000001ff5576a       0x58 C:\TMP\offline_asr_alg_pro_sample.elf.aN3QuV.ltrans0.ltrans.o
                0x000000001ff5576a                IISDMA_ChannelIntENConfig.constprop.0
 .text.cm_release_pcm_buffer.constprop.0
                0x000000001ff557c2       0x6c C:\TMP\offline_asr_alg_pro_sample.elf.aN3QuV.ltrans0.ltrans.o
                0x000000001ff557c2                cm_release_pcm_buffer.constprop.0
 .text.rc_callee_alg_aes_addr
                0x000000001ff5582e       0x1c C:\TMP\offline_asr_alg_pro_sample.elf.aN3QuV.ltrans0.ltrans.o
                0x000000001ff5582e                rc_callee_alg_aes_addr
 .text.rc_callee_alg_aes_type_tip
                0x000000001ff5584a       0x1a C:\TMP\offline_asr_alg_pro_sample.elf.aN3QuV.ltrans0.ltrans.o
                0x000000001ff5584a                rc_callee_alg_aes_type_tip
 .text.rc_callee_print_bnpu_err_type_in_host
                0x000000001ff55864       0x2a C:\TMP\offline_asr_alg_pro_sample.elf.aN3QuV.ltrans0.ltrans.o
                0x000000001ff55864                rc_callee_print_bnpu_err_type_in_host
 .text.rc_callee_audio_deal_one_frm_callback
                0x000000001ff5588e       0xc8 C:\TMP\offline_asr_alg_pro_sample.elf.aN3QuV.ltrans0.ltrans.o
                0x000000001ff5588e                rc_callee_audio_deal_one_frm_callback
 .text.rc_callee_free_in_host
                0x000000001ff55956       0x40 C:\TMP\offline_asr_alg_pro_sample.elf.aN3QuV.ltrans0.ltrans.o
                0x000000001ff55956                rc_callee_free_in_host
 .text.mailbox_send_msg
                0x000000001ff55996       0xba C:\TMP\offline_asr_alg_pro_sample.elf.aN3QuV.ltrans0.ltrans.o
                0x000000001ff55996                mailbox_send_msg
 .text.nuclear_com_send.constprop.0
                0x000000001ff55a50       0xba C:\TMP\offline_asr_alg_pro_sample.elf.aN3QuV.ltrans0.ltrans.o
                0x000000001ff55a50                nuclear_com_send.constprop.0
 .text.asr_top_ept_cal_serve_rpmsg.lto_priv.0
                0x000000001ff55b0a       0x1c C:\TMP\offline_asr_alg_pro_sample.elf.aN3QuV.ltrans0.ltrans.o
                0x000000001ff55b0a                vad_fe_ept_cal_serve_rpmsg.lto_priv.0
                0x000000001ff55b0a                asr_top_ept_cal_serve_rpmsg.lto_priv.0
 .text.get_g_prun_count
                0x000000001ff55b26       0x1c C:\TMP\offline_asr_alg_pro_sample.elf.aN3QuV.ltrans0.ltrans.o
 .text.asrtop_asr_system_create_model.constprop.0
                0x000000001ff55b42       0x58 C:\TMP\offline_asr_alg_pro_sample.elf.aN3QuV.ltrans0.ltrans.o
                0x000000001ff55b42                asrtop_asr_system_create_model.constprop.0
 .text.pause_asr.constprop.0
                0x000000001ff55b9a      0x13c C:\TMP\offline_asr_alg_pro_sample.elf.aN3QuV.ltrans0.ltrans.o
 .text.prompt_play_by_cmd_handle.constprop.0
                0x000000001ff55cd6      0x16a C:\TMP\offline_asr_alg_pro_sample.elf.aN3QuV.ltrans0.ltrans.o
                0x000000001ff55cd6                prompt_play_by_cmd_handle.constprop.0
 .text.flash_manage_ept_cal_serve_rpmsg.lto_priv.0
                0x000000001ff55e40       0x1c C:\TMP\offline_asr_alg_pro_sample.elf.aN3QuV.ltrans0.ltrans.o
                0x000000001ff55e40                flash_manage_ept_cal_serve_rpmsg.lto_priv.0
 .text.remote_call_task.lto_priv.0
                0x000000001ff55e5c       0xfa C:\TMP\offline_asr_alg_pro_sample.elf.aN3QuV.ltrans0.ltrans.o
                0x000000001ff55e5c                remote_call_task.lto_priv.0
 .text.nuclear_com_irq_handler
                0x000000001ff55f56      0x16e C:\TMP\offline_asr_alg_pro_sample.elf.aN3QuV.ltrans0.ltrans.o
                0x000000001ff55f56                nuclear_com_irq_handler
 .text.ulSynchTrap
                0x000000001ff560c4      0x110 C:\TMP\offline_asr_alg_pro_sample.elf.aN3QuV.ltrans0.ltrans.o
                0x000000001ff560c4                ulSynchTrap
 .text.nlp_callback
                0x000000001ff561d4       0xc6 C:\TMP\offline_asr_alg_pro_sample.elf.aN3QuV.ltrans0.ltrans.o
 .text.ci_sprintf
                0x000000001ff5629a       0xb2 C:\TMP\offline_asr_alg_pro_sample.elf.aN3QuV.ltrans0.ltrans.o
 .text.asr_result_callback_nlp.constprop.0
                0x000000001ff5634c      0xf58 C:\TMP\offline_asr_alg_pro_sample.elf.aN3QuV.ltrans0.ltrans.o
 .text.app_deal_asr_reuslt_callback.constprop.0
                0x000000001ff572a4      0xba4 C:\TMP\offline_asr_alg_pro_sample.elf.aN3QuV.ltrans0.ltrans.o
 .text.flash_manage_req_wait_op_done_sem
                0x000000001ff57e48       0x48 C:\TMP\offline_asr_alg_pro_sample.elf.aN3QuV.ltrans0.ltrans.o
 .text.wait_flash_sem
                0x000000001ff57e90       0x3e C:\TMP\offline_asr_alg_pro_sample.elf.aN3QuV.ltrans0.ltrans.o
 .text.post_erase_flash.constprop.0
                0x000000001ff57ece       0x70 C:\TMP\offline_asr_alg_pro_sample.elf.aN3QuV.ltrans0.ltrans.o
                0x000000001ff57ece                post_erase_flash.constprop.0
 .text.post_spic_read_unique_id
                0x000000001ff57f3e       0x36 C:\TMP\offline_asr_alg_pro_sample.elf.aN3QuV.ltrans0.ltrans.o
 .text.post_write_flash
                0x000000001ff57f74       0x3e C:\TMP\offline_asr_alg_pro_sample.elf.aN3QuV.ltrans0.ltrans.o
                0x000000001ff57f74                post_write_flash
 .text.post_read_flash
                0x000000001ff57fb2       0x94 C:\TMP\offline_asr_alg_pro_sample.elf.aN3QuV.ltrans0.ltrans.o
                0x000000001ff57fb2                post_read_flash
 .text.rc_callee_flash_get_en_data
                0x000000001ff58046       0x1c C:\TMP\offline_asr_alg_pro_sample.elf.aN3QuV.ltrans0.ltrans.o
                0x000000001ff58046                rc_callee_flash_get_en_data
 .text.rc_callee_get_dqt_bias
                0x000000001ff58062       0x50 C:\TMP\offline_asr_alg_pro_sample.elf.aN3QuV.ltrans0.ltrans.o
                0x000000001ff58062                rc_callee_get_dqt_bias
 .text.rc_callee_get_data_in
                0x000000001ff580b2       0x14 C:\TMP\offline_asr_alg_pro_sample.elf.aN3QuV.ltrans0.ltrans.o
                0x000000001ff580b2                rc_callee_get_data_in
 .text.rc_callee_get_pingyin_word
                0x000000001ff580c6       0x6c C:\TMP\offline_asr_alg_pro_sample.elf.aN3QuV.ltrans0.ltrans.o
                0x000000001ff580c6                rc_callee_get_pingyin_word
 .text.decoder_task_clear_done
                0x000000001ff58132       0x36 C:\TMP\offline_asr_alg_pro_sample.elf.aN3QuV.ltrans0.ltrans.o
 .text.decoder_release_done
                0x000000001ff58168       0x36 C:\TMP\offline_asr_alg_pro_sample.elf.aN3QuV.ltrans0.ltrans.o
 .text.decodersys_clear
                0x000000001ff5819e       0xae C:\TMP\offline_asr_alg_pro_sample.elf.aN3QuV.ltrans0.ltrans.o
 .text.decoer_create_lm_get_ac_info
                0x000000001ff5824c     0x102c C:\TMP\offline_asr_alg_pro_sample.elf.aN3QuV.ltrans0.ltrans.o
 .text.send_notdeal_msg_to_decoder_queue
                0x000000001ff59278       0xca C:\TMP\offline_asr_alg_pro_sample.elf.aN3QuV.ltrans0.ltrans.o
 .text.decoder_manage_task
                0x000000001ff59342      0x7e6 C:\TMP\offline_asr_alg_pro_sample.elf.aN3QuV.ltrans0.ltrans.o
                0x000000001ff59342                decoder_manage_task
 .text.get_cha_check
                0x000000001ff59b28       0x10 C:\TMP\offline_asr_alg_pro_sample.elf.aN3QuV.ltrans1.ltrans.o
 .text.limit_min_max
                0x000000001ff59b38       0x12 C:\TMP\offline_asr_alg_pro_sample.elf.aN3QuV.ltrans1.ltrans.o
 .text.uart_send_bytes
                0x000000001ff59b4a       0x22 C:\TMP\offline_asr_alg_pro_sample.elf.aN3QuV.ltrans1.ltrans.o
 .text.default_play_done_callback
                0x000000001ff59b6c        0x2 C:\TMP\offline_asr_alg_pro_sample.elf.aN3QuV.ltrans1.ltrans.o
 .text.other_func_serve_cb
                0x000000001ff59b6e       0x1a C:\TMP\offline_asr_alg_pro_sample.elf.aN3QuV.ltrans1.ltrans.o
 .text.icodec_config
                0x000000001ff59b88      0x112 C:\TMP\offline_asr_alg_pro_sample.elf.aN3QuV.ltrans1.ltrans.o
 .text.icodec_stop
                0x000000001ff59c9a       0x20 C:\TMP\offline_asr_alg_pro_sample.elf.aN3QuV.ltrans1.ltrans.o
 .text.inner_codec_adc_dig_gain_set
                0x000000001ff59cba       0x44 C:\TMP\offline_asr_alg_pro_sample.elf.aN3QuV.ltrans1.ltrans.o
 .text.get_pga_gain_reg_data_from_db
                0x000000001ff59cfe       0x3a C:\TMP\offline_asr_alg_pro_sample.elf.aN3QuV.ltrans1.ltrans.o
 .text.icodec_ioctl
                0x000000001ff59d38       0xfe C:\TMP\offline_asr_alg_pro_sample.elf.aN3QuV.ltrans1.ltrans.o
 .text.central_diff
                0x000000001ff59e36       0x82 C:\TMP\offline_asr_alg_pro_sample.elf.aN3QuV.ltrans1.ltrans.o
 .text.get_combination_voice_number
                0x000000001ff59eb8       0x54 C:\TMP\offline_asr_alg_pro_sample.elf.aN3QuV.ltrans1.ltrans.o
 .text.hotid_update
                0x000000001ff59f0c       0x1c C:\TMP\offline_asr_alg_pro_sample.elf.aN3QuV.ltrans1.ltrans.o
 .text.ADPCM_Decode
                0x000000001ff59f28       0xa0 C:\TMP\offline_asr_alg_pro_sample.elf.aN3QuV.ltrans1.ltrans.o
 .text.de_codeadpcm_mono_to_mono
                0x000000001ff59fc8       0x3e C:\TMP\offline_asr_alg_pro_sample.elf.aN3QuV.ltrans1.ltrans.o
 .text.save_audio_info
                0x000000001ff5a006       0x6e C:\TMP\offline_asr_alg_pro_sample.elf.aN3QuV.ltrans1.ltrans.o
 .text.audio_play_prompt_init
                0x000000001ff5a074        0x4 C:\TMP\offline_asr_alg_pro_sample.elf.aN3QuV.ltrans1.ltrans.o
 .text.registe_decoder_ops
                0x000000001ff5a078       0x20 C:\TMP\offline_asr_alg_pro_sample.elf.aN3QuV.ltrans1.ltrans.o
 .text.do_call_callback_fun
                0x000000001ff5a098       0x30 C:\TMP\offline_asr_alg_pro_sample.elf.aN3QuV.ltrans1.ltrans.o
 .text.audio_play_prompt_destroy
                0x000000001ff5a0c8        0x4 C:\TMP\offline_asr_alg_pro_sample.elf.aN3QuV.ltrans1.ltrans.o
 .text.audio_play_prompt_clear
                0x000000001ff5a0cc        0xc C:\TMP\offline_asr_alg_pro_sample.elf.aN3QuV.ltrans1.ltrans.o
 .text.audio_play_adpcm_decode
                0x000000001ff5a0d8       0x62 C:\TMP\offline_asr_alg_pro_sample.elf.aN3QuV.ltrans1.ltrans.o
 .text.audio_play_ms_wav_decode
                0x000000001ff5a13a       0x9c C:\TMP\offline_asr_alg_pro_sample.elf.aN3QuV.ltrans1.ltrans.o
 .text.audio_play_adpcm_decode2
                0x000000001ff5a1d6      0x132 C:\TMP\offline_asr_alg_pro_sample.elf.aN3QuV.ltrans1.ltrans.o
 .text.audio_play_mp3_clear
                0x000000001ff5a308       0x16 C:\TMP\offline_asr_alg_pro_sample.elf.aN3QuV.ltrans1.ltrans.o
 .text.audio_play_mp3_destroy
                0x000000001ff5a31e       0x1e C:\TMP\offline_asr_alg_pro_sample.elf.aN3QuV.ltrans1.ltrans.o
 .text.prvInsertBlockIntoFreeList
                0x000000001ff5a33c       0x42 C:\TMP\offline_asr_alg_pro_sample.elf.aN3QuV.ltrans1.ltrans.o
 .text.prvResetNextTaskUnblockTime
                0x000000001ff5a37e       0x1e C:\TMP\offline_asr_alg_pro_sample.elf.aN3QuV.ltrans1.ltrans.o
 .text.prvCopyDataFromQueue
                0x000000001ff5a39c       0x2c C:\TMP\offline_asr_alg_pro_sample.elf.aN3QuV.ltrans1.ltrans.o
 .text.prvIsQueueEmpty
                0x000000001ff5a3c8       0x18 C:\TMP\offline_asr_alg_pro_sample.elf.aN3QuV.ltrans1.ltrans.o
 .text.GPIO_IRQ_Default_proc
                0x000000001ff5a3e0       0x46 C:\TMP\offline_asr_alg_pro_sample.elf.aN3QuV.ltrans1.ltrans.o
 .text.iis_clk_gate
                0x000000001ff5a426       0x50 C:\TMP\offline_asr_alg_pro_sample.elf.aN3QuV.ltrans1.ltrans.o
 .text.UART_BAUDRATEConfig
                0x000000001ff5a476       0x6c C:\TMP\offline_asr_alg_pro_sample.elf.aN3QuV.ltrans1.ltrans.o
 .text.inner_codec_dac_enable
                0x000000001ff5a4e2       0xa2 C:\TMP\offline_asr_alg_pro_sample.elf.aN3QuV.ltrans1.ltrans.o
 .text.icodec_start
                0x000000001ff5a584       0x1a C:\TMP\offline_asr_alg_pro_sample.elf.aN3QuV.ltrans1.ltrans.o
 .text.icodec_init
                0x000000001ff5a59e      0x318 C:\TMP\offline_asr_alg_pro_sample.elf.aN3QuV.ltrans1.ltrans.o
 .text.erase_feb
                0x000000001ff5a8b6       0x32 C:\TMP\offline_asr_alg_pro_sample.elf.aN3QuV.ltrans1.ltrans.o
 .text.write_feb_status
                0x000000001ff5a8e8       0x56 C:\TMP\offline_asr_alg_pro_sample.elf.aN3QuV.ltrans1.ltrans.o
 .text.write_item_status
                0x000000001ff5a93e       0x8a C:\TMP\offline_asr_alg_pro_sample.elf.aN3QuV.ltrans1.ltrans.o
 .text.traverse_feb
                0x000000001ff5a9c8      0x26c C:\TMP\offline_asr_alg_pro_sample.elf.aN3QuV.ltrans1.ltrans.o
 .text.find_item
                0x000000001ff5ac34       0x58 C:\TMP\offline_asr_alg_pro_sample.elf.aN3QuV.ltrans1.ltrans.o
 .text.find_id  0x000000001ff5ac8c       0x40 C:\TMP\offline_asr_alg_pro_sample.elf.aN3QuV.ltrans1.ltrans.o
 .text.reclaim_block
                0x000000001ff5accc       0x54 C:\TMP\offline_asr_alg_pro_sample.elf.aN3QuV.ltrans1.ltrans.o
 .text.write_item
                0x000000001ff5ad20      0x11c C:\TMP\offline_asr_alg_pro_sample.elf.aN3QuV.ltrans1.ltrans.o
 .text.init_item
                0x000000001ff5ae3c       0xca C:\TMP\offline_asr_alg_pro_sample.elf.aN3QuV.ltrans1.ltrans.o
 .text.cheak_play_event
                0x000000001ff5af06       0x30 C:\TMP\offline_asr_alg_pro_sample.elf.aN3QuV.ltrans1.ltrans.o
 .text.prvCheckForValidListAndQueue
                0x000000001ff5af36       0x7c C:\TMP\offline_asr_alg_pro_sample.elf.aN3QuV.ltrans1.ltrans.o
 .text.prvSwitchTimerLists
                0x000000001ff5afb2       0x64 C:\TMP\offline_asr_alg_pro_sample.elf.aN3QuV.ltrans1.ltrans.o
 .text.prvInsertTimerInActiveList
                0x000000001ff5b016       0x3e C:\TMP\offline_asr_alg_pro_sample.elf.aN3QuV.ltrans1.ltrans.o
 .text.decoder_task_timeout_deal.lto_priv.0
                0x000000001ff5b054       0x1c C:\TMP\offline_asr_alg_pro_sample.elf.aN3QuV.ltrans1.ltrans.o
                0x000000001ff5b054                decoder_task_timeout_deal.lto_priv.0
 .text.decide_clear
                0x000000001ff5b070        0xe C:\TMP\offline_asr_alg_pro_sample.elf.aN3QuV.ltrans1.ltrans.o
                0x000000001ff5b070                decide_clear
 .text.asrbest_result_clear
                0x000000001ff5b07e       0x34 C:\TMP\offline_asr_alg_pro_sample.elf.aN3QuV.ltrans1.ltrans.o
                0x000000001ff5b07e                asrbest_result_clear
 .text.check_gb_cmd.part.0
                0x000000001ff5b0b2       0x3c C:\TMP\offline_asr_alg_pro_sample.elf.aN3QuV.ltrans1.ltrans.o
                0x000000001ff5b0b2                check_gb_cmd.part.0
 .text.get_g_asrtop_asrsys_clear_flag
                0x000000001ff5b0ee       0x1c C:\TMP\offline_asr_alg_pro_sample.elf.aN3QuV.ltrans1.ltrans.o
                0x000000001ff5b0ee                get_g_asrtop_asrsys_clear_flag
 .text.set_g_asrtop_asrsys_clear_flag
                0x000000001ff5b10a       0x1c C:\TMP\offline_asr_alg_pro_sample.elf.aN3QuV.ltrans1.ltrans.o
                0x000000001ff5b10a                set_g_asrtop_asrsys_clear_flag
 .text.IIC0_IRQHandler
                0x000000001ff5b126      0x26e C:\TMP\offline_asr_alg_pro_sample.elf.aN3QuV.ltrans1.ltrans.o
                0x000000001ff5b126                IIC0_IRQHandler
 .text.AON_PC_IRQHandler
                0x000000001ff5b394       0x12 C:\TMP\offline_asr_alg_pro_sample.elf.aN3QuV.ltrans1.ltrans.o
                0x000000001ff5b394                AON_PC_IRQHandler
 .text.PB_IRQHandler
                0x000000001ff5b3a6       0x12 C:\TMP\offline_asr_alg_pro_sample.elf.aN3QuV.ltrans1.ltrans.o
                0x000000001ff5b3a6                PB_IRQHandler
 .text.PA_IRQHandler
                0x000000001ff5b3b8       0x12 C:\TMP\offline_asr_alg_pro_sample.elf.aN3QuV.ltrans1.ltrans.o
                0x000000001ff5b3b8                PA_IRQHandler
 .text.check_curr_trap
                0x000000001ff5b3ca        0xe C:\TMP\offline_asr_alg_pro_sample.elf.aN3QuV.ltrans1.ltrans.o
                0x000000001ff5b3ca                check_curr_trap
 .text.send_msg_to_sys_task
                0x000000001ff5b3d8       0x30 C:\TMP\offline_asr_alg_pro_sample.elf.aN3QuV.ltrans1.ltrans.o
 .text.uart_irq_handler
                0x000000001ff5b408       0xb4 C:\TMP\offline_asr_alg_pro_sample.elf.aN3QuV.ltrans1.ltrans.o
 .text.exit_wakeup_timer_callback
                0x000000001ff5b4bc       0x1e C:\TMP\offline_asr_alg_pro_sample.elf.aN3QuV.ltrans1.ltrans.o
 .text.eclic_set_irq_lvl_abs.lto_priv.0
                0x000000001ff5b4da       0x4a C:\TMP\offline_asr_alg_pro_sample.elf.aN3QuV.ltrans1.ltrans.o
                0x000000001ff5b4da                eclic_set_irq_lvl_abs.lto_priv.0
 .text.decoder_port_free
                0x000000001ff5b524       0x10 C:\TMP\offline_asr_alg_pro_sample.elf.aN3QuV.ltrans1.ltrans.o
                0x000000001ff5b524                decoder_port_free
 .text.decoder_release
                0x000000001ff5b534      0x158 C:\TMP\offline_asr_alg_pro_sample.elf.aN3QuV.ltrans1.ltrans.o
                0x000000001ff5b534                decoder_release
 .text.decoder_port_malloc
                0x000000001ff5b68c       0x14 C:\TMP\offline_asr_alg_pro_sample.elf.aN3QuV.ltrans1.ltrans.o
                0x000000001ff5b68c                decoder_port_malloc
 .text.codec_manage_inner_serve_cb
                0x000000001ff5b6a0       0xa4 C:\TMP\offline_asr_alg_pro_sample.elf.aN3QuV.ltrans1.ltrans.o
 .text.is_valid_cmd_handle
                0x000000001ff5b744       0x1e C:\TMP\offline_asr_alg_pro_sample.elf.aN3QuV.ltrans1.ltrans.o
                0x000000001ff5b744                is_valid_cmd_handle
 .text.ciss_set
                0x000000001ff5b762       0x16 C:\TMP\offline_asr_alg_pro_sample.elf.aN3QuV.ltrans1.ltrans.o
                0x000000001ff5b762                ciss_set
 .text.cached_flash_reader_read
                0x000000001ff5b778       0xa6 C:\TMP\offline_asr_alg_pro_sample.elf.aN3QuV.ltrans1.ltrans.o
                0x000000001ff5b778                cached_flash_reader_read
 .text._printf  0x000000001ff5b81e       0x76 C:\TMP\offline_asr_alg_pro_sample.elf.aN3QuV.ltrans1.ltrans.o
                0x000000001ff5b81e                _printf
 .text.decoder_rpmsg_serve_cb
                0x000000001ff5b894      0x3dc C:\TMP\offline_asr_alg_pro_sample.elf.aN3QuV.ltrans1.ltrans.o
 .text.asr_top_outside_serve_cb
                0x000000001ff5bc70       0x76 C:\TMP\offline_asr_alg_pro_sample.elf.aN3QuV.ltrans1.ltrans.o
 .text.play_exit_wakeup_done_cb
                0x000000001ff5bce6       0x2c C:\TMP\offline_asr_alg_pro_sample.elf.aN3QuV.ltrans1.ltrans.o
 .text.spk_verify_callback
                0x000000001ff5bd12       0xcc C:\TMP\offline_asr_alg_pro_sample.elf.aN3QuV.ltrans1.ltrans.o
 .text.spk_enroll_callback
                0x000000001ff5bdde       0x34 C:\TMP\offline_asr_alg_pro_sample.elf.aN3QuV.ltrans1.ltrans.o
 .text.iis_wait_load_ctrl
                0x000000001ff5be12       0x38 C:\TMP\offline_asr_alg_pro_sample.elf.aN3QuV.ltrans1.ltrans.o
                0x000000001ff5be12                iis_wait_load_ctrl
 .text.IISxDMA_TADDR0.part.0
                0x000000001ff5be4a       0x2c C:\TMP\offline_asr_alg_pro_sample.elf.aN3QuV.ltrans1.ltrans.o
 .text.IISDMA_ADDRRollBackINT.part.0
                0x000000001ff5be76       0x2c C:\TMP\offline_asr_alg_pro_sample.elf.aN3QuV.ltrans1.ltrans.o
                0x000000001ff5be76                IISDMA_ADDRRollBackINT.part.0
 .text.cm_input_interrupt_handler
                0x000000001ff5bea2       0x70 C:\TMP\offline_asr_alg_pro_sample.elf.aN3QuV.ltrans1.ltrans.o
 .text.get_iis_dma_channel.lto_priv.0
                0x000000001ff5bf12       0x58 C:\TMP\offline_asr_alg_pro_sample.elf.aN3QuV.ltrans1.ltrans.o
                0x000000001ff5bf12                get_iis_dma_channel.lto_priv.0
 .text.cm_config_codec.part.0
                0x000000001ff5bf6a      0x6a0 C:\TMP\offline_asr_alg_pro_sample.elf.aN3QuV.ltrans1.ltrans.o
 .text.init_iis.isra.0
                0x000000001ff5c60a       0x8a C:\TMP\offline_asr_alg_pro_sample.elf.aN3QuV.ltrans1.ltrans.o
 .text.asr_result_callback.part.0
                0x000000001ff5c694      0x120 C:\TMP\offline_asr_alg_pro_sample.elf.aN3QuV.ltrans1.ltrans.o
                0x000000001ff5c694                asr_result_callback.part.0
 .text.audio_play_prompt_config
                0x000000001ff5c7b4       0xac C:\TMP\offline_asr_alg_pro_sample.elf.aN3QuV.ltrans1.ltrans.o
 .text.audio_play_mp3_decode
                0x000000001ff5c860      0x110 C:\TMP\offline_asr_alg_pro_sample.elf.aN3QuV.ltrans1.ltrans.o
 .text.audio_play_mp3_init
                0x000000001ff5c970       0x2e C:\TMP\offline_asr_alg_pro_sample.elf.aN3QuV.ltrans1.ltrans.o
 .text.prvAddCurrentTaskToDelayedList.lto_priv.0
                0x000000001ff5c99e       0x70 C:\TMP\offline_asr_alg_pro_sample.elf.aN3QuV.ltrans1.ltrans.o
                0x000000001ff5c99e                prvAddCurrentTaskToDelayedList.lto_priv.0
 .text.xTaskGetSchedulerState
                0x000000001ff5ca0e       0x14 C:\TMP\offline_asr_alg_pro_sample.elf.aN3QuV.ltrans1.ltrans.o
                0x000000001ff5ca0e                xTaskGetSchedulerState
 .text.cinv_port_mutex_give
                0x000000001ff5ca22       0x36 C:\TMP\offline_asr_alg_pro_sample.elf.aN3QuV.ltrans1.ltrans.o
 .text.xTaskCheckForTimeOut
                0x000000001ff5ca58       0x64 C:\TMP\offline_asr_alg_pro_sample.elf.aN3QuV.ltrans1.ltrans.o
                0x000000001ff5ca58                xTaskCheckForTimeOut
 .text.xTaskRemoveFromEventList
                0x000000001ff5cabc       0x70 C:\TMP\offline_asr_alg_pro_sample.elf.aN3QuV.ltrans1.ltrans.o
                0x000000001ff5cabc                xTaskRemoveFromEventList
 .text.audio_play_queue_reset
                0x000000001ff5cb2c       0x4c C:\TMP\offline_asr_alg_pro_sample.elf.aN3QuV.ltrans1.ltrans.o
 .text.vTaskPlaceOnEventList
                0x000000001ff5cb78       0x1c C:\TMP\offline_asr_alg_pro_sample.elf.aN3QuV.ltrans1.ltrans.o
                0x000000001ff5cb78                vTaskPlaceOnEventList
 .text.xTaskIncrementTick
                0x000000001ff5cb94       0xea C:\TMP\offline_asr_alg_pro_sample.elf.aN3QuV.ltrans1.ltrans.o
                0x000000001ff5cb94                xTaskIncrementTick
 .text.xTaskResumeAll
                0x000000001ff5cc7e       0xbe C:\TMP\offline_asr_alg_pro_sample.elf.aN3QuV.ltrans1.ltrans.o
                0x000000001ff5cc7e                xTaskResumeAll
 .text.vTaskSuspendAll
                0x000000001ff5cd3c        0xc C:\TMP\offline_asr_alg_pro_sample.elf.aN3QuV.ltrans1.ltrans.o
                0x000000001ff5cd3c                vTaskSuspendAll
 .text.vPortFree
                0x000000001ff5cd48       0x4a C:\TMP\offline_asr_alg_pro_sample.elf.aN3QuV.ltrans1.ltrans.o
                0x000000001ff5cd48                vPortFree
 .text.free_bak_data
                0x000000001ff5cd92       0x26 C:\TMP\offline_asr_alg_pro_sample.elf.aN3QuV.ltrans1.ltrans.o
 .text.prvIdleTask
                0x000000001ff5cdb8       0x60 C:\TMP\offline_asr_alg_pro_sample.elf.aN3QuV.ltrans1.ltrans.o
 .text.vQueueDelete
                0x000000001ff5ce18       0x38 C:\TMP\offline_asr_alg_pro_sample.elf.aN3QuV.ltrans1.ltrans.o
 .text.pvPortMalloc
                0x000000001ff5ce50       0xf2 C:\TMP\offline_asr_alg_pro_sample.elf.aN3QuV.ltrans1.ltrans.o
                0x000000001ff5ce50                pvPortMalloc
 .text.realloc_buffer
                0x000000001ff5cf42       0x3a C:\TMP\offline_asr_alg_pro_sample.elf.aN3QuV.ltrans1.ltrans.o
 .text.cmd_info_change_cur_model_group_inner.part.0
                0x000000001ff5cf7c      0x114 C:\TMP\offline_asr_alg_pro_sample.elf.aN3QuV.ltrans1.ltrans.o
 .text.cmd_file_change_cur_model_group
                0x000000001ff5d090       0xac C:\TMP\offline_asr_alg_pro_sample.elf.aN3QuV.ltrans1.ltrans.o
 .text.get_file_table
                0x000000001ff5d13c       0x4a C:\TMP\offline_asr_alg_pro_sample.elf.aN3QuV.ltrans1.ltrans.o
 .text.get_file_addr
                0x000000001ff5d186       0xaa C:\TMP\offline_asr_alg_pro_sample.elf.aN3QuV.ltrans1.ltrans.o
 .text.get_current_model_addr
                0x000000001ff5d230       0x8e C:\TMP\offline_asr_alg_pro_sample.elf.aN3QuV.ltrans1.ltrans.o
                0x000000001ff5d230                get_current_model_addr
 .text.flash_control_inner_serve_cb
                0x000000001ff5d2be       0x76 C:\TMP\offline_asr_alg_pro_sample.elf.aN3QuV.ltrans1.ltrans.o
 .text.prvListTasksWithinSingleList
                0x000000001ff5d334       0xca C:\TMP\offline_asr_alg_pro_sample.elf.aN3QuV.ltrans1.ltrans.o
 .text.vTaskDelay
                0x000000001ff5d3fe       0x28 C:\TMP\offline_asr_alg_pro_sample.elf.aN3QuV.ltrans1.ltrans.o
                0x000000001ff5d3fe                vTaskDelay
 .text.spk_door_close_task
                0x000000001ff5d426       0xa2 C:\TMP\offline_asr_alg_pro_sample.elf.aN3QuV.ltrans1.ltrans.o
 .text.pause_read_data
                0x000000001ff5d4c8       0x3c C:\TMP\offline_asr_alg_pro_sample.elf.aN3QuV.ltrans1.ltrans.o
 .text.prvUnlockQueue.lto_priv.0
                0x000000001ff5d504       0x7a C:\TMP\offline_asr_alg_pro_sample.elf.aN3QuV.ltrans1.ltrans.o
                0x000000001ff5d504                prvUnlockQueue.lto_priv.0
 .text.xQueuePeek
                0x000000001ff5d57e       0xe6 C:\TMP\offline_asr_alg_pro_sample.elf.aN3QuV.ltrans1.ltrans.o
 .text.prvCopyDataToQueue.lto_priv.0
                0x000000001ff5d664       0xc8 C:\TMP\offline_asr_alg_pro_sample.elf.aN3QuV.ltrans1.ltrans.o
                0x000000001ff5d664                prvCopyDataToQueue.lto_priv.0
 .text.xQueueReceiveFromISR
                0x000000001ff5d72c       0x76 C:\TMP\offline_asr_alg_pro_sample.elf.aN3QuV.ltrans1.ltrans.o
                0x000000001ff5d72c                xQueueReceiveFromISR
 .text.cm_output_interrupt_handler
                0x000000001ff5d7a2      0x102 C:\TMP\offline_asr_alg_pro_sample.elf.aN3QuV.ltrans1.ltrans.o
 .text.IIS_DMA_IRQHandler
                0x000000001ff5d8a4      0x112 C:\TMP\offline_asr_alg_pro_sample.elf.aN3QuV.ltrans1.ltrans.o
                0x000000001ff5d8a4                IIS_DMA_IRQHandler
 .text.xQueueSemaphoreTake
                0x000000001ff5d9b6      0x20e C:\TMP\offline_asr_alg_pro_sample.elf.aN3QuV.ltrans1.ltrans.o
                0x000000001ff5d9b6                xQueueSemaphoreTake
 .text.resume_asr
                0x000000001ff5dbc4       0xb2 C:\TMP\offline_asr_alg_pro_sample.elf.aN3QuV.ltrans1.ltrans.o
                0x000000001ff5dbc4                resume_asr
 .text.cmd_info_change_cur_model_group.part.0
                0x000000001ff5dc76       0x6e C:\TMP\offline_asr_alg_pro_sample.elf.aN3QuV.ltrans1.ltrans.o
 .text.change_asr_normal_word
                0x000000001ff5dce4       0x3a C:\TMP\offline_asr_alg_pro_sample.elf.aN3QuV.ltrans1.ltrans.o
 .text.cmd_info_is_wakeup_word
                0x000000001ff5dd1e       0x42 C:\TMP\offline_asr_alg_pro_sample.elf.aN3QuV.ltrans1.ltrans.o
                0x000000001ff5dd1e                cmd_info_is_wakeup_word
 .text.cmd_info_get_semantic_id
                0x000000001ff5dd60       0x5a C:\TMP\offline_asr_alg_pro_sample.elf.aN3QuV.ltrans1.ltrans.o
                0x000000001ff5dd60                cmd_info_get_semantic_id
 .text.cmd_info_get_command_id
                0x000000001ff5ddba       0x52 C:\TMP\offline_asr_alg_pro_sample.elf.aN3QuV.ltrans1.ltrans.o
                0x000000001ff5ddba                cmd_info_get_command_id
 .text.cmd_info_find_command_by_string
                0x000000001ff5de0c       0xac C:\TMP\offline_asr_alg_pro_sample.elf.aN3QuV.ltrans1.ltrans.o
                0x000000001ff5de0c                cmd_info_find_command_by_string
 .text.send_asrout.lto_priv.0
                0x000000001ff5deb8      0x3f0 C:\TMP\offline_asr_alg_pro_sample.elf.aN3QuV.ltrans1.ltrans.o
                0x000000001ff5deb8                send_asrout.lto_priv.0
 .text.check_is_wakeup
                0x000000001ff5e2a8       0x1a C:\TMP\offline_asr_alg_pro_sample.elf.aN3QuV.ltrans1.ltrans.o
                0x000000001ff5e2a8                check_is_wakeup
 .text.exit_wakeup_deal
                0x000000001ff5e2c2       0x68 C:\TMP\offline_asr_alg_pro_sample.elf.aN3QuV.ltrans1.ltrans.o
 .text.cinv_port_mutex_take
                0x000000001ff5e32a       0x32 C:\TMP\offline_asr_alg_pro_sample.elf.aN3QuV.ltrans1.ltrans.o
 .text.task_init
                0x000000001ff5e35c     0x1530 C:\TMP\offline_asr_alg_pro_sample.elf.aN3QuV.ltrans1.ltrans.o
 .text.cinv_item_init.part.0
                0x000000001ff5f88c       0x46 C:\TMP\offline_asr_alg_pro_sample.elf.aN3QuV.ltrans1.ltrans.o
 .text.cinv_item_delete
                0x000000001ff5f8d2       0x5e C:\TMP\offline_asr_alg_pro_sample.elf.aN3QuV.ltrans1.ltrans.o
 .text.cinv_item_read
                0x000000001ff5f930       0xc4 C:\TMP\offline_asr_alg_pro_sample.elf.aN3QuV.ltrans1.ltrans.o
                0x000000001ff5f930                cinv_item_read
 .text.cinv_item_write
                0x000000001ff5f9f4       0x8a C:\TMP\offline_asr_alg_pro_sample.elf.aN3QuV.ltrans1.ltrans.o
 .text.vol_set  0x000000001ff5fa7e       0x5c C:\TMP\offline_asr_alg_pro_sample.elf.aN3QuV.ltrans1.ltrans.o
 .text.xQueueReceive
                0x000000001ff5fada       0xe2 C:\TMP\offline_asr_alg_pro_sample.elf.aN3QuV.ltrans1.ltrans.o
                0x000000001ff5fada                xQueueReceive
 .text.clear_decode_queuemsg
                0x000000001ff5fbbc       0xde C:\TMP\offline_asr_alg_pro_sample.elf.aN3QuV.ltrans1.ltrans.o
                0x000000001ff5fbbc                clear_decode_queuemsg
 .text.UserTaskManageProcess
                0x000000001ff5fc9a      0x5ae C:\TMP\offline_asr_alg_pro_sample.elf.aN3QuV.ltrans1.ltrans.o
 .text.spk_task
                0x000000001ff60248      0xafe C:\TMP\offline_asr_alg_pro_sample.elf.aN3QuV.ltrans1.ltrans.o
 .text.cm_start_codec
                0x000000001ff60d46      0x1dc C:\TMP\offline_asr_alg_pro_sample.elf.aN3QuV.ltrans1.ltrans.o
 .text.audio_in_manage_inner_task
                0x000000001ff60f22      0x242 C:\TMP\offline_asr_alg_pro_sample.elf.aN3QuV.ltrans1.ltrans.o
 .text.clean_play_queue
                0x000000001ff61164       0x3a C:\TMP\offline_asr_alg_pro_sample.elf.aN3QuV.ltrans1.ltrans.o
 .text.pop_from_play_queue
                0x000000001ff6119e       0x2e C:\TMP\offline_asr_alg_pro_sample.elf.aN3QuV.ltrans1.ltrans.o
 .text.prompt_play_inner.isra.0.lto_priv.0
                0x000000001ff611cc      0x26e C:\TMP\offline_asr_alg_pro_sample.elf.aN3QuV.ltrans1.ltrans.o
                0x000000001ff611cc                prompt_play_inner.isra.0.lto_priv.0
 .text.combination_callback.lto_priv.0
                0x000000001ff6143a       0xc6 C:\TMP\offline_asr_alg_pro_sample.elf.aN3QuV.ltrans1.ltrans.o
                0x000000001ff6143a                combination_callback.lto_priv.0
 .text.task_get_play_data
                0x000000001ff61500      0x5a0 C:\TMP\offline_asr_alg_pro_sample.elf.aN3QuV.ltrans1.ltrans.o
 .text.finsh_read_data
                0x000000001ff61aa0       0x18 C:\TMP\offline_asr_alg_pro_sample.elf.aN3QuV.ltrans1.ltrans.o
 .text.audio_play_decode_continue
                0x000000001ff61ab8      0x4b2 C:\TMP\offline_asr_alg_pro_sample.elf.aN3QuV.ltrans1.ltrans.o
 .text.task_audio_play
                0x000000001ff61f6a      0x5d0 C:\TMP\offline_asr_alg_pro_sample.elf.aN3QuV.ltrans1.ltrans.o
 .text.prvTimerTask
                0x000000001ff6253a      0x1a6 C:\TMP\offline_asr_alg_pro_sample.elf.aN3QuV.ltrans1.ltrans.o
 .text.xQueueGiveFromISR
                0x000000001ff626e0       0x64 C:\TMP\offline_asr_alg_pro_sample.elf.aN3QuV.ltrans2.ltrans.o
                0x000000001ff626e0                xQueueGiveFromISR
 .text.uxListRemove
                0x000000001ff62744       0x20 C:\TMP\offline_asr_alg_pro_sample.elf.aN3QuV.ltrans2.ltrans.o
                0x000000001ff62744                uxListRemove
 .text.vListInsert
                0x000000001ff62764       0x2e C:\TMP\offline_asr_alg_pro_sample.elf.aN3QuV.ltrans2.ltrans.o
                0x000000001ff62764                vListInsert
 .text.vListInsertEnd
                0x000000001ff62792       0x18 C:\TMP\offline_asr_alg_pro_sample.elf.aN3QuV.ltrans2.ltrans.o
                0x000000001ff62792                vListInsertEnd
 .text.vListInitialise
                0x000000001ff627aa       0x14 C:\TMP\offline_asr_alg_pro_sample.elf.aN3QuV.ltrans2.ltrans.o
                0x000000001ff627aa                vListInitialise
 .text.xQueueGenericCreate
                0x000000001ff627be       0x74 C:\TMP\offline_asr_alg_pro_sample.elf.aN3QuV.ltrans2.ltrans.o
                0x000000001ff627be                xQueueGenericCreate
 .text.xEventGroupCreate
                0x000000001ff62832       0x1e C:\TMP\offline_asr_alg_pro_sample.elf.aN3QuV.ltrans2.ltrans.o
                0x000000001ff62832                xEventGroupCreate
 .text.get_src_clk
                0x000000001ff62850        0xc C:\TMP\offline_asr_alg_pro_sample.elf.aN3QuV.ltrans2.ltrans.o
                0x000000001ff62850                get_src_clk
 .text.init_irq_pri
                0x000000001ff6285c       0x22 C:\TMP\offline_asr_alg_pro_sample.elf.aN3QuV.ltrans2.ltrans.o
                0x000000001ff6285c                init_irq_pri
 .text._delay_10us_240M
                0x000000001ff6287e       0x2e C:\TMP\offline_asr_alg_pro_sample.elf.aN3QuV.ltrans2.ltrans.o
                0x000000001ff6287e                _delay_10us_240M
 .text.AON_TIM_INT1_IRQHandler
                0x000000001ff628ac        0x2 C:\TMP\offline_asr_alg_pro_sample.elf.aN3QuV.ltrans2.ltrans.o
                0x000000001ff628ac                AON_TIM_INT1_IRQHandler
 .text.IWDG_IRQHandler
                0x000000001ff628ae        0x2 C:\TMP\offline_asr_alg_pro_sample.elf.aN3QuV.ltrans2.ltrans.o
                0x000000001ff628ae                IWDG_IRQHandler
 .text.AON_TIM_INT0_IRQHandler
                0x000000001ff628b0        0x2 C:\TMP\offline_asr_alg_pro_sample.elf.aN3QuV.ltrans2.ltrans.o
                0x000000001ff628b0                AON_TIM_INT0_IRQHandler
 .text.EXT1_IRQHandler
                0x000000001ff628b2        0x2 C:\TMP\offline_asr_alg_pro_sample.elf.aN3QuV.ltrans2.ltrans.o
                0x000000001ff628b2                EXT1_IRQHandler
 .text.EXT0_IRQHandler
                0x000000001ff628b4        0x2 C:\TMP\offline_asr_alg_pro_sample.elf.aN3QuV.ltrans2.ltrans.o
                0x000000001ff628b4                EXT0_IRQHandler
 .text.VDT_IRQHandler
                0x000000001ff628b6        0x2 C:\TMP\offline_asr_alg_pro_sample.elf.aN3QuV.ltrans2.ltrans.o
                0x000000001ff628b6                VDT_IRQHandler
 .text.V11_OK_IRQHandler
                0x000000001ff628b8        0x2 C:\TMP\offline_asr_alg_pro_sample.elf.aN3QuV.ltrans2.ltrans.o
                0x000000001ff628b8                V11_OK_IRQHandler
 .text.DTR_IRQHandler
                0x000000001ff628ba        0x2 C:\TMP\offline_asr_alg_pro_sample.elf.aN3QuV.ltrans2.ltrans.o
                0x000000001ff628ba                DTR_IRQHandler
 .text.PDM_IRQHandler
                0x000000001ff628bc        0x2 C:\TMP\offline_asr_alg_pro_sample.elf.aN3QuV.ltrans2.ltrans.o
                0x000000001ff628bc                PDM_IRQHandler
 .text.ALC_IRQHandler
                0x000000001ff628be        0x2 C:\TMP\offline_asr_alg_pro_sample.elf.aN3QuV.ltrans2.ltrans.o
                0x000000001ff628be                ALC_IRQHandler
 .text.IIS2_IRQHandler
                0x000000001ff628c0        0x2 C:\TMP\offline_asr_alg_pro_sample.elf.aN3QuV.ltrans2.ltrans.o
                0x000000001ff628c0                IIS2_IRQHandler
 .text.IIS1_IRQHandler
                0x000000001ff628c2        0x2 C:\TMP\offline_asr_alg_pro_sample.elf.aN3QuV.ltrans2.ltrans.o
                0x000000001ff628c2                IIS1_IRQHandler
 .text.IIS0_IRQHandler
                0x000000001ff628c4        0x2 C:\TMP\offline_asr_alg_pro_sample.elf.aN3QuV.ltrans2.ltrans.o
                0x000000001ff628c4                IIS0_IRQHandler
 .text.UART2_IRQHandler
                0x000000001ff628c6        0x2 C:\TMP\offline_asr_alg_pro_sample.elf.aN3QuV.ltrans2.ltrans.o
                0x000000001ff628c6                UART2_IRQHandler
 .text.UART1_IRQHandler
                0x000000001ff628c8        0x2 C:\TMP\offline_asr_alg_pro_sample.elf.aN3QuV.ltrans2.ltrans.o
                0x000000001ff628c8                UART1_IRQHandler
 .text.UART0_IRQHandler
                0x000000001ff628ca        0x2 C:\TMP\offline_asr_alg_pro_sample.elf.aN3QuV.ltrans2.ltrans.o
                0x000000001ff628ca                UART0_IRQHandler
 .text.TIMER3_IRQHandler
                0x000000001ff628cc        0x2 C:\TMP\offline_asr_alg_pro_sample.elf.aN3QuV.ltrans2.ltrans.o
                0x000000001ff628cc                TIMER3_IRQHandler
 .text.TIMER2_IRQHandler
                0x000000001ff628ce        0x2 C:\TMP\offline_asr_alg_pro_sample.elf.aN3QuV.ltrans2.ltrans.o
                0x000000001ff628ce                TIMER2_IRQHandler
 .text.TIMER1_IRQHandler
                0x000000001ff628d0        0x2 C:\TMP\offline_asr_alg_pro_sample.elf.aN3QuV.ltrans2.ltrans.o
                0x000000001ff628d0                TIMER1_IRQHandler
 .text.TIMER0_IRQHandler
                0x000000001ff628d2        0x2 C:\TMP\offline_asr_alg_pro_sample.elf.aN3QuV.ltrans2.ltrans.o
                0x000000001ff628d2                TIMER0_IRQHandler
 .text.DMA_IRQHandler
                0x000000001ff628d4       0x2a C:\TMP\offline_asr_alg_pro_sample.elf.aN3QuV.ltrans2.ltrans.o
                0x000000001ff628d4                DMA_IRQHandler
 .text.ADC_IRQHandler
                0x000000001ff628fe        0x2 C:\TMP\offline_asr_alg_pro_sample.elf.aN3QuV.ltrans2.ltrans.o
                0x000000001ff628fe                ADC_IRQHandler
 .text.NPU_IRQHandler
                0x000000001ff62900        0x2 C:\TMP\offline_asr_alg_pro_sample.elf.aN3QuV.ltrans2.ltrans.o
                0x000000001ff62900                NPU_IRQHandler
 .text.SCU_IRQHandler
                0x000000001ff62902        0x2 C:\TMP\offline_asr_alg_pro_sample.elf.aN3QuV.ltrans2.ltrans.o
                0x000000001ff62902                SCU_IRQHandler
 .text.TWDG_IRQHandler
                0x000000001ff62904        0x2 C:\TMP\offline_asr_alg_pro_sample.elf.aN3QuV.ltrans2.ltrans.o
                0x000000001ff62904                TWDG_IRQHandler
 .text._fini    0x000000001ff62906        0x2 C:\TMP\offline_asr_alg_pro_sample.elf.aN3QuV.ltrans2.ltrans.o
                0x000000001ff62906                _fini
 .text._init    0x000000001ff62908       0xc0 C:\TMP\offline_asr_alg_pro_sample.elf.aN3QuV.ltrans2.ltrans.o
                0x000000001ff62908                _init
 .text.xQueueGenericSend
                0x000000001ff629c8       0xee C:\TMP\offline_asr_alg_pro_sample.elf.aN3QuV.ltrans2.ltrans.o
                0x000000001ff629c8                xQueueGenericSend
 .text.xEventGroupSetBits
                0x000000001ff62ab6       0xbc C:\TMP\offline_asr_alg_pro_sample.elf.aN3QuV.ltrans2.ltrans.o
                0x000000001ff62ab6                xEventGroupSetBits
 .text.vEventGroupSetBitsCallback
                0x000000001ff62b72        0xc C:\TMP\offline_asr_alg_pro_sample.elf.aN3QuV.ltrans2.ltrans.o
                0x000000001ff62b72                vEventGroupSetBitsCallback
 .text.xEventGroupWaitBits
                0x000000001ff62b7e       0xd0 C:\TMP\offline_asr_alg_pro_sample.elf.aN3QuV.ltrans2.ltrans.o
                0x000000001ff62b7e                xEventGroupWaitBits
 .text.handle_trap
                0x000000001ff62c4e      0x118 C:\TMP\offline_asr_alg_pro_sample.elf.aN3QuV.ltrans2.ltrans.o
                0x000000001ff62c4e                handle_trap
 .text.sbrk     0x000000001ff62d66       0x6e ../../../libs\libnewlib_port.a(sbrk.o)
                0x000000001ff62d66                sbrk
 .text.get_heap_bytes_remaining_size
                0x000000001ff62dd4        0x6 ../../../libs\libnewlib_port.a(sbrk.o)
                0x000000001ff62dd4                get_heap_bytes_remaining_size
 .text.__malloc_lock
                0x000000001ff62dda        0xc ../../../libs\libnewlib_port.a(sbrk.o)
                0x000000001ff62dda                __malloc_lock
 .text.__malloc_unlock
                0x000000001ff62de6        0xc ../../../libs\libnewlib_port.a(sbrk.o)
                0x000000001ff62de6                __malloc_unlock
 .text.__wrap_memcmp
                0x000000001ff62df2       0x10 ../../../libs\libnewlib_port.a(sbrk.o)
                0x000000001ff62df2                __wrap_memcmp
 .text.__wrap_memcpy
                0x000000001ff62e02       0x10 ../../../libs\libnewlib_port.a(sbrk.o)
                0x000000001ff62e02                __wrap_memcpy
 .text.__wrap_memmove
                0x000000001ff62e12       0x10 ../../../libs\libnewlib_port.a(sbrk.o)
                0x000000001ff62e12                __wrap_memmove
 .text.__wrap_memset
                0x000000001ff62e22       0x10 ../../../libs\libnewlib_port.a(sbrk.o)
                0x000000001ff62e22                __wrap_memset
 .text.__wrap_strcat
                0x000000001ff62e32       0x10 ../../../libs\libnewlib_port.a(sbrk.o)
                0x000000001ff62e32                __wrap_strcat
 .text.__wrap_strcmp
                0x000000001ff62e42       0x10 ../../../libs\libnewlib_port.a(sbrk.o)
                0x000000001ff62e42                __wrap_strcmp
 .text.__wrap_strcpy
                0x000000001ff62e52       0x10 ../../../libs\libnewlib_port.a(sbrk.o)
                0x000000001ff62e52                __wrap_strcpy
 .text.__wrap_strlen
                0x000000001ff62e62       0x10 ../../../libs\libnewlib_port.a(sbrk.o)
                0x000000001ff62e62                __wrap_strlen
 .text.__wrap_strncmp
                0x000000001ff62e72       0x10 ../../../libs\libnewlib_port.a(sbrk.o)
                0x000000001ff62e72                __wrap_strncmp
 .text.__wrap_strncpy
                0x000000001ff62e82        0xe ../../../libs\libnewlib_port.a(sbrk.o)
                0x000000001ff62e82                __wrap_strncpy
 .text.__wrap_strstr
                0x000000001ff62e90        0xe ../../../libs\libnewlib_port.a(sbrk.o)
                0x000000001ff62e90                __wrap_strstr
 .text.__wrap_malloc
                0x000000001ff62e9e       0x10 ../../../libs\libnewlib_port.a(sbrk.o)
                0x000000001ff62e9e                __wrap_malloc
 .text.__wrap_free
                0x000000001ff62eae       0x10 ../../../libs\libnewlib_port.a(sbrk.o)
                0x000000001ff62eae                __wrap_free
 .text.__wrap_cosf
                0x000000001ff62ebe       0x10 ../../../libs\libnewlib_port.a(sbrk.o)
                0x000000001ff62ebe                __wrap_cosf
 .text.__wrap_sinf
                0x000000001ff62ece       0x10 ../../../libs\libnewlib_port.a(sbrk.o)
                0x000000001ff62ece                __wrap_sinf
 .text.__wrap_sqrtf
                0x000000001ff62ede       0x10 ../../../libs\libnewlib_port.a(sbrk.o)
                0x000000001ff62ede                __wrap_sqrtf
 .text.__wrap_fabsf
                0x000000001ff62eee       0x10 ../../../libs\libnewlib_port.a(sbrk.o)
                0x000000001ff62eee                __wrap_fabsf
 .text.__wrap_logf
                0x000000001ff62efe       0x10 ../../../libs\libnewlib_port.a(sbrk.o)
                0x000000001ff62efe                __wrap_logf
 .text.__wrap_log10f
                0x000000001ff62f0e       0x10 ../../../libs\libnewlib_port.a(sbrk.o)
                0x000000001ff62f0e                __wrap_log10f
 *fill*         0x000000001ff62f1e       0x22 
 .text.entry    0x000000001ff62f40      0x5f4 ../../../libs\libfreertos_port.a(portasm.o)
                0x000000001ff62f40                trap_entry
                0x000000001ff63030                irq_entry
                0x000000001ff631a4                eclic_mtip_handler
                0x000000001ff63264                eclic_msip_handler
                0x000000001ff63340                vPortYield_from_ulSynchTrap
                0x000000001ff63380                vPortYield
                0x000000001ff634b0                xPortStartScheduler
                0x000000001ff63520                vPortEndScheduler
 .text          0x000000001ff63534       0x60 d:/software/yuyin/qiqiyinqiluntai/riscv-nuclei-elf-gcc-9.2.0.0/gcc_fix_raissrc/bin/../lib/gcc/riscv-nuclei-elf/9.2.0/rv32imafc/ilp32f\libgcc.a(save-restore.o)
                0x000000001ff63534                __riscv_save_12
                0x000000001ff6353c                __riscv_save_11
                0x000000001ff6353c                __riscv_save_8
                0x000000001ff6353c                __riscv_save_9
                0x000000001ff6353c                __riscv_save_10
                0x000000001ff6354a                __riscv_save_4
                0x000000001ff6354a                __riscv_save_5
                0x000000001ff6354a                __riscv_save_6
                0x000000001ff6354a                __riscv_save_7
                0x000000001ff63564                __riscv_save_1
                0x000000001ff63564                __riscv_save_2
                0x000000001ff63564                __riscv_save_0
                0x000000001ff63564                __riscv_save_3
                0x000000001ff63570                __riscv_restore_12
                0x000000001ff63574                __riscv_restore_11
                0x000000001ff63574                __riscv_restore_8
                0x000000001ff63574                __riscv_restore_10
                0x000000001ff63574                __riscv_restore_9
                0x000000001ff6357e                __riscv_restore_6
                0x000000001ff6357e                __riscv_restore_5
                0x000000001ff6357e                __riscv_restore_4
                0x000000001ff6357e                __riscv_restore_7
                0x000000001ff63588                __riscv_restore_2
                0x000000001ff63588                __riscv_restore_0
                0x000000001ff63588                __riscv_restore_1
                0x000000001ff63588                __riscv_restore_3
 .text          0x000000001ff63594      0x3a8 d:/software/yuyin/qiqiyinqiluntai/riscv-nuclei-elf-gcc-9.2.0.0/gcc_fix_raissrc/bin/../lib/gcc/riscv-nuclei-elf/9.2.0/rv32imafc/ilp32f\libgcc.a(_divdi3.o)
                0x000000001ff63594                __divdi3
 .text          0x000000001ff6393c      0x694 d:/software/yuyin/qiqiyinqiluntai/riscv-nuclei-elf-gcc-9.2.0.0/gcc_fix_raissrc/bin/../lib/gcc/riscv-nuclei-elf/9.2.0/rv32imafc/ilp32f\libgcc.a(divdf3.o)
                0x000000001ff6393c                __divdf3
 .text          0x000000001ff63fd0      0x5a0 d:/software/yuyin/qiqiyinqiluntai/riscv-nuclei-elf-gcc-9.2.0.0/gcc_fix_raissrc/bin/../lib/gcc/riscv-nuclei-elf/9.2.0/rv32imafc/ilp32f\libgcc.a(muldf3.o)
                0x000000001ff63fd0                __muldf3
 .text          0x000000001ff64570       0x68 d:/software/yuyin/qiqiyinqiluntai/riscv-nuclei-elf-gcc-9.2.0.0/gcc_fix_raissrc/bin/../lib/gcc/riscv-nuclei-elf/9.2.0/rv32imafc/ilp32f\libgcc.a(floatsidf.o)
                0x000000001ff64570                __floatsidf
 .text          0x000000001ff645d8       0xbc d:/software/yuyin/qiqiyinqiluntai/riscv-nuclei-elf-gcc-9.2.0.0/gcc_fix_raissrc/bin/../lib/gcc/riscv-nuclei-elf/9.2.0/rv32imafc/ilp32f\libgcc.a(extendsfdf2.o)
                0x000000001ff645d8                __extendsfdf2
 .text          0x000000001ff64694      0x20e d:/software/yuyin/qiqiyinqiluntai/riscv-nuclei-elf-gcc-9.2.0.0/gcc_fix_raissrc/bin/../lib/gcc/riscv-nuclei-elf/9.2.0/rv32imafc/ilp32f\libgcc.a(truncdfsf2.o)
                0x000000001ff64694                __truncdfsf2
 .text          0x000000001ff648a2       0x3c d:/software/yuyin/qiqiyinqiluntai/riscv-nuclei-elf-gcc-9.2.0.0/gcc_fix_raissrc/bin/../lib/gcc/riscv-nuclei-elf/9.2.0/rv32imafc/ilp32f\libgcc.a(_clzsi2.o)
                0x000000001ff648a2                __clzsi2
 .text.atexit   0x000000001ff648de        0xa d:/software/yuyin/qiqiyinqiluntai/riscv-nuclei-elf-gcc-9.2.0.0/gcc_fix_raissrc/bin/../lib/gcc/riscv-nuclei-elf/9.2.0/../../../../riscv-nuclei-elf/lib/rv32imafc/ilp32f\libg_nano.a(lib_a-atexit.o)
                0x000000001ff648de                atexit
 .text.exit     0x000000001ff648e8       0x24 d:/software/yuyin/qiqiyinqiluntai/riscv-nuclei-elf-gcc-9.2.0.0/gcc_fix_raissrc/bin/../lib/gcc/riscv-nuclei-elf/9.2.0/../../../../riscv-nuclei-elf/lib/rv32imafc/ilp32f\libg_nano.a(lib_a-exit.o)
                0x000000001ff648e8                exit
 .text.__libc_fini_array
                0x000000001ff6490c       0x3a d:/software/yuyin/qiqiyinqiluntai/riscv-nuclei-elf-gcc-9.2.0.0/gcc_fix_raissrc/bin/../lib/gcc/riscv-nuclei-elf/9.2.0/../../../../riscv-nuclei-elf/lib/rv32imafc/ilp32f\libg_nano.a(lib_a-fini.o)
                0x000000001ff6490c                __libc_fini_array
 .text.__libc_init_array
                0x000000001ff64946       0x6e d:/software/yuyin/qiqiyinqiluntai/riscv-nuclei-elf-gcc-9.2.0.0/gcc_fix_raissrc/bin/../lib/gcc/riscv-nuclei-elf/9.2.0/../../../../riscv-nuclei-elf/lib/rv32imafc/ilp32f\libg_nano.a(lib_a-init.o)
                0x000000001ff64946                __libc_init_array
 .text.rand     0x000000001ff649b4       0x86 d:/software/yuyin/qiqiyinqiluntai/riscv-nuclei-elf-gcc-9.2.0.0/gcc_fix_raissrc/bin/../lib/gcc/riscv-nuclei-elf/9.2.0/../../../../riscv-nuclei-elf/lib/rv32imafc/ilp32f\libg_nano.a(lib_a-rand.o)
                0x000000001ff649b4                rand
 .text.strtok   0x000000001ff64a3a       0x7c d:/software/yuyin/qiqiyinqiluntai/riscv-nuclei-elf-gcc-9.2.0.0/gcc_fix_raissrc/bin/../lib/gcc/riscv-nuclei-elf/9.2.0/../../../../riscv-nuclei-elf/lib/rv32imafc/ilp32f\libg_nano.a(lib_a-strtok.o)
                0x000000001ff64a3a                strtok
 .text.__strtok_r
                0x000000001ff64ab6       0x5c d:/software/yuyin/qiqiyinqiluntai/riscv-nuclei-elf-gcc-9.2.0.0/gcc_fix_raissrc/bin/../lib/gcc/riscv-nuclei-elf/9.2.0/../../../../riscv-nuclei-elf/lib/rv32imafc/ilp32f\libg_nano.a(lib_a-strtok_r.o)
                0x000000001ff64ab6                __strtok_r
 .text.__register_exitproc
                0x000000001ff64b12       0x7c d:/software/yuyin/qiqiyinqiluntai/riscv-nuclei-elf-gcc-9.2.0.0/gcc_fix_raissrc/bin/../lib/gcc/riscv-nuclei-elf/9.2.0/../../../../riscv-nuclei-elf/lib/rv32imafc/ilp32f\libg_nano.a(lib_a-__atexit.o)
                0x000000001ff64b12                __register_exitproc
 .text.__call_exitprocs
                0x000000001ff64b8e       0xc4 d:/software/yuyin/qiqiyinqiluntai/riscv-nuclei-elf-gcc-9.2.0.0/gcc_fix_raissrc/bin/../lib/gcc/riscv-nuclei-elf/9.2.0/../../../../riscv-nuclei-elf/lib/rv32imafc/ilp32f\libg_nano.a(lib_a-__call_atexit.o)
                0x000000001ff64b8e                __call_exitprocs
 .text.strchr   0x000000001ff64c52       0x1a d:/software/yuyin/qiqiyinqiluntai/riscv-nuclei-elf-gcc-9.2.0.0/gcc_fix_raissrc/bin/../lib/gcc/riscv-nuclei-elf/9.2.0/../../../../riscv-nuclei-elf/lib/rv32imafc/ilp32f\libg_nano.a(lib_a-strchr.o)
                0x000000001ff64c52                strchr
 .text._exit    0x000000001ff64c6c       0x2a d:/software/yuyin/qiqiyinqiluntai/riscv-nuclei-elf-gcc-9.2.0.0/gcc_fix_raissrc/bin/../lib/gcc/riscv-nuclei-elf/9.2.0/../../../../riscv-nuclei-elf/lib/rv32imafc/ilp32f\libgloss_nano.a(sys_exit.o)
                0x000000001ff64c6c                _exit
 .text.__errno  0x000000001ff64c96        0x6 d:/software/yuyin/qiqiyinqiluntai/riscv-nuclei-elf-gcc-9.2.0.0/gcc_fix_raissrc/bin/../lib/gcc/riscv-nuclei-elf/9.2.0/../../../../riscv-nuclei-elf/lib/rv32imafc/ilp32f\libc_nano.a(lib_a-errno.o)
                0x000000001ff64c96                __errno
 .text          0x000000001ff64c9c      0x31c d:/software/yuyin/qiqiyinqiluntai/riscv-nuclei-elf-gcc-9.2.0.0/gcc_fix_raissrc/bin/../lib/gcc/riscv-nuclei-elf/9.2.0/../../../../riscv-nuclei-elf/lib/rv32imafc/ilp32f\libm.a(lib_a-wf_pow.o)
                0x000000001ff64c9c                powf
 .text          0x000000001ff64fb8      0x64e d:/software/yuyin/qiqiyinqiluntai/riscv-nuclei-elf-gcc-9.2.0.0/gcc_fix_raissrc/bin/../lib/gcc/riscv-nuclei-elf/9.2.0/../../../../riscv-nuclei-elf/lib/rv32imafc/ilp32f\libm.a(lib_a-ef_pow.o)
                0x000000001ff64fb8                __ieee754_powf
 .text          0x000000001ff65606       0xc6 d:/software/yuyin/qiqiyinqiluntai/riscv-nuclei-elf-gcc-9.2.0.0/gcc_fix_raissrc/bin/../lib/gcc/riscv-nuclei-elf/9.2.0/../../../../riscv-nuclei-elf/lib/rv32imafc/ilp32f\libm.a(lib_a-ef_sqrt.o)
                0x000000001ff65606                __ieee754_sqrtf
 .text          0x000000001ff656cc       0x12 d:/software/yuyin/qiqiyinqiluntai/riscv-nuclei-elf-gcc-9.2.0.0/gcc_fix_raissrc/bin/../lib/gcc/riscv-nuclei-elf/9.2.0/../../../../riscv-nuclei-elf/lib/rv32imafc/ilp32f\libm.a(lib_a-sf_finite.o)
                0x000000001ff656cc                finitef
 .text          0x000000001ff656de        0xa d:/software/yuyin/qiqiyinqiluntai/riscv-nuclei-elf-gcc-9.2.0.0/gcc_fix_raissrc/bin/../lib/gcc/riscv-nuclei-elf/9.2.0/../../../../riscv-nuclei-elf/lib/rv32imafc/ilp32f\libm.a(lib_a-sf_nan.o)
                0x000000001ff656de                nanf
 .text          0x000000001ff656e8       0xd2 d:/software/yuyin/qiqiyinqiluntai/riscv-nuclei-elf-gcc-9.2.0.0/gcc_fix_raissrc/bin/../lib/gcc/riscv-nuclei-elf/9.2.0/../../../../riscv-nuclei-elf/lib/rv32imafc/ilp32f\libm.a(lib_a-sf_rint.o)
                0x000000001ff656e8                rintf
 .text          0x000000001ff657ba       0xfe d:/software/yuyin/qiqiyinqiluntai/riscv-nuclei-elf-gcc-9.2.0.0/gcc_fix_raissrc/bin/../lib/gcc/riscv-nuclei-elf/9.2.0/../../../../riscv-nuclei-elf/lib/rv32imafc/ilp32f\libm.a(lib_a-sf_scalbn.o)
                0x000000001ff657ba                scalbnf
 .text          0x000000001ff658b8        0x4 d:/software/yuyin/qiqiyinqiluntai/riscv-nuclei-elf-gcc-9.2.0.0/gcc_fix_raissrc/bin/../lib/gcc/riscv-nuclei-elf/9.2.0/../../../../riscv-nuclei-elf/lib/rv32imafc/ilp32f\libm.a(lib_a-s_matherr.o)
                0x000000001ff658b8                matherr
 .text          0x000000001ff658bc       0x1c d:/software/yuyin/qiqiyinqiluntai/riscv-nuclei-elf-gcc-9.2.0.0/gcc_fix_raissrc/bin/../lib/gcc/riscv-nuclei-elf/9.2.0/../../../../riscv-nuclei-elf/lib/rv32imafc/ilp32f\libm.a(lib_a-sf_copysign.o)
                0x000000001ff658bc                copysignf
 *(.gnu.linkonce.t.*)

.fini
 *(SORT_NONE(.fini))
                0x000000001ff658d8                . = ALIGN (0x4)
                [!provide]                        PROVIDE (__etext = .)
                [!provide]                        PROVIDE (_etext = .)
                [!provide]                        PROVIDE (etext = .)
                0x000000001ff658d8                PROVIDE (_eilm = .)

.preinit_array  0x000000001ff658d8        0x0
                0x000000001ff658d8                PROVIDE (__preinit_array_start = .)
 *(.preinit_array)
                0x000000001ff658d8                PROVIDE (__preinit_array_end = .)

.init_array     0x000000001ff658d8        0x0
                0x000000001ff658d8                PROVIDE (__init_array_start = .)
 *(SORT_BY_INIT_PRIORITY(.init_array.*) SORT_BY_INIT_PRIORITY(.ctors.*))
 *(.init_array EXCLUDE_FILE(*crtend?.o *crtend.o *crtbegin?.o *crtbegin.o) .ctors)
                0x000000001ff658d8                PROVIDE (__init_array_end = .)

.fini_array     0x000000001ff658d8        0x0
                0x000000001ff658d8                PROVIDE (__fini_array_start = .)
 *(SORT_BY_INIT_PRIORITY(.fini_array.*) SORT_BY_INIT_PRIORITY(.dtors.*))
 *(.fini_array EXCLUDE_FILE(*crtend?.o *crtend.o *crtbegin?.o *crtbegin.o) .dtors)
                0x000000001ff658d8                PROVIDE (__fini_array_end = .)

.ctors
 *crtbegin.o(.ctors)
 *crtbegin?.o(.ctors)
 *(EXCLUDE_FILE(*crtend?.o *crtend.o) .ctors)
 *(SORT_BY_NAME(.ctors.*))
 *(.ctors)

.dtors
 *crtbegin.o(.dtors)
 *crtbegin?.o(.dtors)
 *(EXCLUDE_FILE(*crtend?.o *crtend.o) .dtors)
 *(SORT_BY_NAME(.dtors.*))
 *(.dtors)

.ro_data        0x000000001ff658d8     0x1ec0
 *(.rdata)
 *(.rodata .rodata.*)
 .rodata.CI0057.str1.4
                0x000000001ff658d8        0x2 C:\TMP\offline_asr_alg_pro_sample.elf.aN3QuV.ltrans0.ltrans.o
 *fill*         0x000000001ff658da        0x2 
 .rodata.pause_audio_play_prompt.constprop.0.str1.4
                0x000000001ff658dc        0x7 C:\TMP\offline_asr_alg_pro_sample.elf.aN3QuV.ltrans0.ltrans.o
 *fill*         0x000000001ff658e3        0x1 
 .rodata.CI0154.lto_priv.0.str1.4
                0x000000001ff658e4        0xd C:\TMP\offline_asr_alg_pro_sample.elf.aN3QuV.ltrans0.ltrans.o
 *fill*         0x000000001ff658f1        0x3 
 .rodata.asrGetCmdWordsAndScore.constprop.0.str1.4
                0x000000001ff658f4        0x4 C:\TMP\offline_asr_alg_pro_sample.elf.aN3QuV.ltrans0.ltrans.o
 .rodata.cm_get_pcm_buffer.constprop.0.str1.4
                0x000000001ff658f8       0x8b C:\TMP\offline_asr_alg_pro_sample.elf.aN3QuV.ltrans0.ltrans.o
 *fill*         0x000000001ff65983        0x1 
 .rodata.cm_write_codec.constprop.0.str1.4
                0x000000001ff65984       0x12 C:\TMP\offline_asr_alg_pro_sample.elf.aN3QuV.ltrans0.ltrans.o
 *fill*         0x000000001ff65996        0x2 
 .rodata.IISDMA_ChannelIntENConfig.constprop.0.str1.4
                0x000000001ff65998       0x1b C:\TMP\offline_asr_alg_pro_sample.elf.aN3QuV.ltrans0.ltrans.o
                                         0x1f (size before relaxing)
 *fill*         0x000000001ff659b3        0x1 
 .rodata.rc_callee_alg_aes_addr.str1.4
                0x000000001ff659b4       0x1d C:\TMP\offline_asr_alg_pro_sample.elf.aN3QuV.ltrans0.ltrans.o
 *fill*         0x000000001ff659d1        0x3 
 .rodata.rc_callee_alg_aes_type_tip.str1.4
                0x000000001ff659d4       0x68 C:\TMP\offline_asr_alg_pro_sample.elf.aN3QuV.ltrans0.ltrans.o
 .rodata.rc_callee_print_bnpu_err_type_in_host.str1.4
                0x000000001ff65a3c       0x2e C:\TMP\offline_asr_alg_pro_sample.elf.aN3QuV.ltrans0.ltrans.o
 *fill*         0x000000001ff65a6a        0x2 
 .rodata.rc_callee_audio_deal_one_frm_callback.str1.4
                0x000000001ff65a6c       0x1f C:\TMP\offline_asr_alg_pro_sample.elf.aN3QuV.ltrans0.ltrans.o
 *fill*         0x000000001ff65a8b        0x1 
 .rodata.rc_callee_free_in_host.str1.4
                0x000000001ff65a8c       0x12 C:\TMP\offline_asr_alg_pro_sample.elf.aN3QuV.ltrans0.ltrans.o
                                         0x16 (size before relaxing)
 *fill*         0x000000001ff65a9e        0x2 
 .rodata.mailbox_send_msg.str1.4
                0x000000001ff65aa0       0x27 C:\TMP\offline_asr_alg_pro_sample.elf.aN3QuV.ltrans0.ltrans.o
 *fill*         0x000000001ff65ac7        0x1 
 .rodata.nuclear_com_send.constprop.0.str1.4
                0x000000001ff65ac8        0xe C:\TMP\offline_asr_alg_pro_sample.elf.aN3QuV.ltrans0.ltrans.o
 *fill*         0x000000001ff65ad6        0x2 
 .rodata.asrtop_asr_system_create_model.constprop.0.str1.4
                0x000000001ff65ad8       0x2a C:\TMP\offline_asr_alg_pro_sample.elf.aN3QuV.ltrans0.ltrans.o
 *fill*         0x000000001ff65b02        0x2 
 .rodata.pause_asr.constprop.0.str1.4
                0x000000001ff65b04       0x36 C:\TMP\offline_asr_alg_pro_sample.elf.aN3QuV.ltrans0.ltrans.o
 *fill*         0x000000001ff65b3a        0x2 
 .rodata.prompt_play_by_cmd_handle.constprop.0.str1.4
                0x000000001ff65b3c       0x40 C:\TMP\offline_asr_alg_pro_sample.elf.aN3QuV.ltrans0.ltrans.o
 .rodata.nuclear_com_irq_handler.str1.4
                0x000000001ff65b7c       0x20 C:\TMP\offline_asr_alg_pro_sample.elf.aN3QuV.ltrans0.ltrans.o
 .rodata.nlp_callback.str1.4
                0x000000001ff65b9c       0x18 C:\TMP\offline_asr_alg_pro_sample.elf.aN3QuV.ltrans0.ltrans.o
 .rodata.ci_sprintf.str1.4
                0x000000001ff65bb4       0x16 C:\TMP\offline_asr_alg_pro_sample.elf.aN3QuV.ltrans0.ltrans.o
 *fill*         0x000000001ff65bca        0x2 
 .rodata.asr_result_callback_nlp.constprop.0.str1.4
                0x000000001ff65bcc      0x107 C:\TMP\offline_asr_alg_pro_sample.elf.aN3QuV.ltrans0.ltrans.o
 *fill*         0x000000001ff65cd3        0x1 
 .rodata.app_deal_asr_reuslt_callback.constprop.0.str1.4
                0x000000001ff65cd4       0x34 C:\TMP\offline_asr_alg_pro_sample.elf.aN3QuV.ltrans0.ltrans.o
 .rodata.flash_manage_req_wait_op_done_sem.str1.4
                0x000000001ff65d08        0xd C:\TMP\offline_asr_alg_pro_sample.elf.aN3QuV.ltrans0.ltrans.o
 *fill*         0x000000001ff65d15        0x3 
 .rodata.post_erase_flash.constprop.0.str1.4
                0x000000001ff65d18       0x2b C:\TMP\offline_asr_alg_pro_sample.elf.aN3QuV.ltrans0.ltrans.o
 *fill*         0x000000001ff65d43        0x1 
 .rodata.decoer_create_lm_get_ac_info.str1.4
                0x000000001ff65d44      0x1c7 C:\TMP\offline_asr_alg_pro_sample.elf.aN3QuV.ltrans0.ltrans.o
 *fill*         0x000000001ff65f0b        0x1 