Archive member included to satisfy reference by file (symbol)

../../../libs\libasr_dis_deepse_v2.a(asr_top_outside_port.o)
                              build/objs/system_msg_deal.o (symbol from plugin) (asrtop_asr_system_continue)
../../../libs\libasr_dis_deepse_v2.a(asr_dealwith_result.o)
                              build/objs/main.o (symbol from plugin) (config_recover_result)
../../../libs\libasr_dis_deepse_v2.a(decode_post_proc.o)
                              build/objs/ci_nlp_user.o (symbol from plugin) (nlp_set_close_func_addr)
../../../libs\libasr_dis_deepse_v2.a(decoder_inner_port_rpmsg.o)
                              build/objs/main.o (symbol from plugin) (decoder_task_init_port)
../../../libs\libasr_dis_deepse_v2.a(asrbest_result.o)
                              asr_dealwith_result.o (symbol from plugin) (get_cur_max_score)
../../../libs\libasr_dis_deepse_v2.a(cmp_twice_confidence.o)
                              asr_dealwith_result.o (symbol from plugin) (cmp_twice_confidence_compute)
../../../libs\libasr_dis_deepse_v2.a(decide_result.o)
                              asr_dealwith_result.o (symbol from plugin) (get_valid_cmd_word_count)
../../../libs\libasr_dis_deepse_v2.a(decoder_manage.o)
                              asr_dealwith_result.o (symbol from plugin) (sg_decoding_frames)
../../../libs\libasr_dis_deepse_v2.a(dynmic_confidence.o)
                              decoder_inner_port_rpmsg.o (symbol from plugin) (dynmic_confidence_config)
../../../libs\libasr_dis_deepse_v2.a(dnn_outside_port.o)
                              decoder_manage.o (symbol from plugin) (get_dnn_version)
../../../libs\libasr_dis_deepse_v2.a(flash_manage_outside_port.o)
                              build/objs/ci_flash_data_info.o (symbol from plugin) (is_flash_power_off)
../../../libs\libasr_dis_deepse_v2.a(vad_fe_outside_port.o)
                              asr_dealwith_result.o (symbol from plugin) (send_vadcfg_vadend_frames_msg)
../../../libs\libasr_dis_deepse_v2.a(ci_nlp.o)
                              build/objs/ci_nlp_user.o (symbol from plugin) (nlp_param_set)
../../../libs\libasr_dis_deepse_v2.a(ci_nlp_control.o)
                              build/objs/nlp_msg_deal.o (symbol from plugin) (nlp_timer_init)
../../../libs\libnewlib_port.a(sbrk.o)
                              build/objs/platform_config.o (symbol from plugin) (sbrk)
../../../libs\libfreertos_port.a(port.o)
                              build/objs/event_groups.o (symbol from plugin) (vPortSetMSIPInt)
../../../libs\libfreertos_port.a(portasm.o)
                              port.o (symbol from plugin) (vPortYield)
../../../libs\libdsu.a(ci130x_dsu.o)
                              build/objs/main.o (symbol from plugin) (dsu_init)
../../../libs\libdsu.a(ci130x_mailbox.o)
                              build/objs/platform_config.o (symbol from plugin) (mailbox_preinit)
../../../libs\libdsu.a(ci130x_scu.o)
                              build/objs/ci130x_init.o (symbol from plugin) (scu_unlock_system_config)
../../../libs\libdsu.a(ci130x_efuse.o)
                              ci130x_dsu.o (symbol from plugin) (efuse_unlock)
../../../libs\libdsu.a(ci130x_dpmu.o)
                              build/objs/ci130x_init.o (symbol from plugin) (dpmu_unlock_cfg_config)
../../../libs\libdsu.a(ci130x_nuclear_com.o)
                              build/objs/flash_control_inner_port.o (symbol from plugin) (nuclear_com_registe_serve)
../../../libs\libdsu.a(remote_api_for_host.o)
                              build/objs/main.o (symbol from plugin) (rc_caller_set_ssp_registe)
../../../libs\libcwsl_v2.a(ci_cwsl_voice.o)
                              asr_dealwith_result.o (symbol from plugin) (get_cwsl_threshold)
../../../libs\libcwsl_v2.a(cwsl_manage.o)
                              ci_cwsl_voice.o (symbol from plugin) (get_last_time)
../../../libs\libcwsl_v2.a(cwsl_template_manager.o)
                              cwsl_manage.o (symbol from plugin) (cwsl_tm_init)
../../../libs\libcwsl_v2.a(cwsl_algorithm.o)
                              cwsl_manage.o (symbol from plugin) (nn_output_callback)
../../../libs\libtts.a(tts_gb2312toUtf8.o)
                              remote_api_for_host.o (symbol from plugin) (get_pingyin_word)
../../../libs\libtts.a(tts_manage.o)
                              tts_gb2312toUtf8.o (symbol from plugin) (tts_conv_mutex)
../../../libs\libtts.a(tts_play_ctl.o)
                              tts_manage.o (symbol from plugin) (STOP_FALG)
../../../libs\libtts.a(tts_ringbuffer_block_module.o)
                              tts_manage.o (symbol from plugin) (tts_rbb_module_pushblock)
../../../libs\libtts.a(tts_serial_text_deal.o)
                              tts_manage.o (symbol from plugin) (tts_seial_reveice_task)
../../../libs\libtts.a(tts_utf8_ringbuffer.o)
                              tts_gb2312toUtf8.o (symbol from plugin) (tts_utf8_get_rb_handle)
../../../libs\libtts.a(tts_vocoder.o)
[...]
Memory Configuration

Name             Origin             Length             Attributes
BOOT_PARAMETER   0x000000001ff50a00 0x0000000000000200
SHARE_SRAM       0x000000001ff50c00 0x0000000000000400
SRAM             0x000000001ff51000 0x0000000000082000 xrw
*default*        0x0000000000000000 0xffffffffffffffff

Linker script and memory map

LOAD C:\TMP\offline_asr_alg_pro_sample.elf.b891F8.ltrans0.ltrans.o
LOAD C:\TMP\offline_asr_alg_pro_sample.elf.b891F8.ltrans1.ltrans.o
LOAD C:\TMP\offline_asr_alg_pro_sample.elf.b891F8.ltrans2.ltrans.o
LOAD C:\TMP\cc4s3EdR.debug.temp.o
LOAD C:\TMP\ccYW5KsB.debug.temp.o
LOAD C:\TMP\ccEZxtyl.debug.temp.o
LOAD C:\TMP\ccy1xjQ4.debug.temp.o
LOAD C:\TMP\cciIvMYN.debug.temp.o
LOAD C:\TMP\ccQgCayx.debug.temp.o
LOAD C:\TMP\cccBOFeg.debug.temp.o
LOAD C:\TMP\ccahmjQY.debug.temp.o
LOAD C:\TMP\ccEpC6SH.debug.temp.o
LOAD C:\TMP\ccYcQwMq.debug.temp.o
LOAD C:\TMP\ccOMIhK9.debug.temp.o
LOAD C:\TMP\cciz9ZEW.debug.temp.o
LOAD C:\TMP\cceWvamJ.debug.temp.o
LOAD C:\TMP\ccYGNEyw.debug.temp.o
LOAD C:\TMP\cckL7JBj.debug.temp.o
LOAD C:\TMP\ccUOZWQ5.debug.temp.o
LOAD C:\TMP\cciuyMWR.debug.temp.o
LOAD C:\TMP\cc07AM6D.debug.temp.o
LOAD C:\TMP\ccUHimDq.debug.temp.o
LOAD C:\TMP\ccafTL0c.debug.temp.o
LOAD C:\TMP\ccyumBsZ.debug.temp.o
LOAD C:\TMP\ccgmWGaL.debug.temp.o
LOAD C:\TMP\ccw73b6w.debug.temp.o
LOAD C:\TMP\ccYyEeSi.debug.temp.o
LOAD C:\TMP\ccALoHI4.debug.temp.o
LOAD C:\TMP\ccAa11KP.debug.temp.o
LOAD C:\TMP\cceYZeEA.debug.temp.o
LOAD C:\TMP\cck65jYl.debug.temp.o
LOAD C:\TMP\ccAZlPm7.debug.temp.o
LOAD C:\TMP\cceV4HGS.debug.temp.o
LOAD C:\TMP\ccCGoaTH.debug.temp.o
LOAD C:\TMP\cc8xpy0w.debug.temp.o
LOAD C:\TMP\ccod47ym.debug.temp.o
LOAD C:\TMP\ccGjyXTb.debug.temp.o
LOAD C:\TMP\cc0AF0u0.debug.temp.o
LOAD C:\TMP\ccou7saP.debug.temp.o
LOAD C:\TMP\cc2bDKGD.debug.temp.o
LOAD C:\TMP\ccG3VYDs.debug.temp.o
LOAD C:\TMP\ccYhyOrh.debug.temp.o
LOAD C:\TMP\ccEI2vr5.debug.temp.o
LOAD C:\TMP\cc4MDIvT.debug.temp.o
LOAD C:\TMP\ccYCb3MH.debug.temp.o
LOAD C:\TMP\ccEDAK8v.debug.temp.o
LOAD C:\TMP\ccY2lklk.debug.temp.o
LOAD C:\TMP\ccIHgMJ7.debug.temp.o
LOAD C:\TMP\cc0zFOYU.debug.temp.o
LOAD C:\TMP\ccC8UnJI.debug.temp.o
LOAD C:\TMP\ccOXVxkw.debug.temp.o
LOAD C:\TMP\ccwNoESn.debug.temp.o
LOAD C:\TMP\ccAAKAhf.debug.temp.o
LOAD C:\TMP\ccYxaF76.debug.temp.o
LOAD C:\TMP\ccAekhOY.debug.temp.o
LOAD C:\TMP\cckDmjzQ.debug.temp.o
LOAD C:\TMP\cc4bOPAH.debug.temp.o
LOAD C:\TMP\ccQb5Boy.debug.temp.o
LOAD C:\TMP\cc4vtgDp.debug.temp.o
LOAD C:\TMP\cc6tBOIg.debug.temp.o
LOAD C:\TMP\ccCb1x36.debug.temp.o
LOAD C:\TMP\ccA5xdkX.debug.temp.o
LOAD C:\TMP\ccyFoY1N.debug.temp.o
LOAD C:\TMP\ccSKHYAE.debug.temp.o
LOAD C:\TMP\ccS3eQqu.debug.temp.o
LOAD C:\TMP\cc6loV0j.debug.temp.o
LOAD C:\TMP\ccurih59.debug.temp.o
LOAD C:\TMP\cc8ssy1Z.debug.temp.o
LOAD C:\TMP\ccgW0mQT.debug.temp.o
LOAD C:\TMP\ccYHDjAN.debug.temp.o
LOAD C:\TMP\ccMMSdLH.debug.temp.o
LOAD C:\TMP\cccdd0MB.debug.temp.o
LOAD C:\TMP\ccoOo9Sv.debug.temp.o
LOAD C:\TMP\ccKgx8ap.debug.temp.o
LOAD C:\TMP\ccUkmKji.debug.temp.o
LOAD C:\TMP\ccYrczTb.debug.temp.o
LOAD C:\TMP\cckokWj5.debug.temp.o
LOAD C:\TMP\ccacWA0X.debug.temp.o
LOAD C:\TMP\ccClD7xQ.debug.temp.o
LOAD C:\TMP\ccSIs19I.debug.temp.o
LOAD C:\TMP\ccylPf8B.debug.temp.o
LOAD C:\TMP\ccoJlUav.debug.temp.o
LOAD C:\TMP\ccQsXq4n.debug.temp.o
LOAD C:\TMP\ccIrIP9f.debug.temp.o
LOAD C:\TMP\cc8DXO57.debug.temp.o
LOAD C:\TMP\cck13a6Z.debug.temp.o
LOAD C:\TMP\cc6kZWjS.debug.temp.o
LOAD C:\TMP\ccorz3BK.debug.temp.o
LOAD C:\TMP\cciHq7QG.debug.temp.o
LOAD C:\TMP\ccGAuDSC.debug.temp.o
LOAD C:\TMP\cc8JT6kz.debug.temp.o
LOAD C:\TMP\cceS3VRv.debug.temp.o
LOAD C:\TMP\cc4xFUjs.debug.temp.o
LOAD C:\TMP\ccemE1Xn.debug.temp.o
LOAD C:\TMP\cc6CuKsj.debug.temp.o
LOAD C:\TMP\ccC2SLsf.debug.temp.o
LOAD C:\TMP\cca3vxva.debug.temp.o
LOAD C:\TMP\ccgT4DC5.debug.temp.o
LOAD C:\TMP\cc8h3mA0.debug.temp.o
LOAD C:\TMP\ccQ7HTUV.debug.temp.o
LOAD C:\TMP\ccgqe25Q.debug.temp.o
LOAD C:\TMP\cceyGvlM.debug.temp.o
LOAD C:\TMP\ccIyAJMG.debug.temp.o
LOAD C:\TMP\ccOw1ziB.debug.temp.o
LOAD C:\TMP\ccI682Ev.debug.temp.o
LOAD C:\TMP\cc8uuEeq.debug.temp.o
LOAD C:\TMP\ccYMvsLo.debug.temp.o
LOAD C:\TMP\ccAfoDmn.debug.temp.o
LOAD C:\TMP\ccMY1oOl.debug.temp.o
LOAD C:\TMP\ccScRHCk.debug.temp.o
LOAD C:\TMP\ccCP2Shj.debug.temp.o
LOAD C:\TMP\cc8C5q1h.debug.temp.o
LOAD C:\TMP\ccWZXe1f.debug.temp.o
LOAD C:\TMP\ccqgEfNd.debug.temp.o
LOAD C:\TMP\ccQEV04b.debug.temp.o
LOAD C:\TMP\ccAryJha.debug.temp.o
LOAD C:\TMP\ccKtkkG7.debug.temp.o
LOAD C:\TMP\ccyUsNV4.debug.temp.o
LOAD C:\TMP\ccOFI8B2.debug.temp.o
LOAD C:\TMP\ccec8Tm0.debug.temp.o
LOAD C:\TMP\cc0FqvYX.debug.temp.o
LOAD C:\TMP\cceYVnQU.debug.temp.o
LOAD C:\TMP\ccY4EoVR.debug.temp.o
LOAD C:\TMP\ccoft24O.debug.temp.o
LOAD C:\TMP\cc4FL54L.debug.temp.o
LOAD C:\TMP\cccvbGXM.debug.temp.o
LOAD C:\TMP\cc2Ov9GN.debug.temp.o
LOAD C:\TMP\ccWKa2uO.debug.temp.o
LOAD C:\TMP\ccoaMNJP.debug.temp.o
LOAD C:\TMP\cc8spgWP.debug.temp.o
LOAD C:\TMP\ccW1nGzQ.debug.temp.o
LOAD C:\TMP\ccoZIY3Q.debug.temp.o
LOAD C:\TMP\ccQuhhFQ.debug.temp.o
LOAD C:\TMP\cc6dYWkQ.debug.temp.o
LOAD C:\TMP\cceXoPrQ.debug.temp.o
LOAD C:\TMP\ccEv7fpQ.debug.temp.o
LOAD C:\TMP\ccsMuXCP.debug.temp.o
LOAD C:\TMP\ccUVr8CO.debug.temp.o
LOAD C:\TMP\cckcVf4N.debug.temp.o
LOAD build/objs/ci130x_vtable.o
LOAD build/objs/ci130x_startup.o
LOAD ../../../libs\libasr_dis_deepse_v2.a
LOAD ../../../libs\libnlp.a
LOAD ../../../libs\libnewlib_port.a
LOAD ../../../libs\libfreertos_port.a
LOAD ../../../libs\libdsu.a
LOAD ../../../libs\libflash_encrypt.a
LOAD ../../../libs\libcwsl_v2.a
LOAD ../../../libs\libtts.a
LOAD ../../../components/ci_ble/stack\libOnMicroBLE.a
LOAD ../../../components/ci_ble/stack\libcias_crypto.a
LOAD ../../../libs\libcikd_pro_cwsl_dis_frm.a
LOAD d:/software/yuyin/qiqiyinqiluntai/riscv-nuclei-elf-gcc-9.2.0.0/gcc_fix_raissrc/bin/../lib/gcc/riscv-nuclei-elf/9.2.0/../../../../riscv-nuclei-elf/lib/rv32imafc/ilp32f\libstdc++.a
LOAD d:/software/yuyin/qiqiyinqiluntai/riscv-nuclei-elf-gcc-9.2.0.0/gcc_fix_raissrc/bin/../lib/gcc/riscv-nuclei-elf/9.2.0/../../../../riscv-nuclei-elf/lib/rv32imafc/ilp32f\libm.a
LOAD d:/software/yuyin/qiqiyinqiluntai/riscv-nuclei-elf-gcc-9.2.0.0/gcc_fix_raissrc/bin/../lib/gcc/riscv-nuclei-elf/9.2.0/rv32imafc/ilp32f\libgcc.a
LOAD d:/software/yuyin/qiqiyinqiluntai/riscv-nuclei-elf-gcc-9.2.0.0/gcc_fix_raissrc/bin/../lib/gcc/riscv-nuclei-elf/9.2.0/../../../../riscv-nuclei-elf/lib/rv32imafc/ilp32f\libg_nano.a
LOAD d:/software/yuyin/qiqiyinqiluntai/riscv-nuclei-elf-gcc-9.2.0.0/gcc_fix_raissrc/bin/../lib/gcc/riscv-nuclei-elf/9.2.0/../../../../riscv-nuclei-elf/lib/rv32imafc/ilp32f\libc_nano.a
LOAD d:/software/yuyin/qiqiyinqiluntai/riscv-nuclei-elf-gcc-9.2.0.0/gcc_fix_raissrc/bin/../lib/gcc/riscv-nuclei-elf/9.2.0/rv32imafc/ilp32f\libgcc.a
START GROUP
LOAD d:/software/yuyin/qiqiyinqiluntai/riscv-nuclei-elf-gcc-9.2.0.0/gcc_fix_raissrc/bin/../lib/gcc/riscv-nuclei-elf/9.2.0/rv32imafc/ilp32f\libgcc.a
LOAD d:/software/yuyin/qiqiyinqiluntai/riscv-nuclei-elf-gcc-9.2.0.0/gcc_fix_raissrc/bin/../lib/gcc/riscv-nuclei-elf/9.2.0/../../../../riscv-nuclei-elf/lib/rv32imafc/ilp32f\libc_nano.a
LOAD d:/software/yuyin/qiqiyinqiluntai/riscv-nuclei-elf-gcc-9.2.0.0/gcc_fix_raissrc/bin/../lib/gcc/riscv-nuclei-elf/9.2.0/../../../../riscv-nuclei-elf/lib/rv32imafc/ilp32f\libgloss_nano.a
END GROUP
                0x0000000000000c00                STACK_SIZE = 0xc00
                0x000000001ffd2000                SRAM_HOST_END_ADDR = 0x1ffd2000
                0x000000001fff8000                CHIP_SRAM_END_ADDR = 0x1fff8000
                0x000000001ffd3000                SDK_ALG_PRO_SRAM_HOST_NULL_END_ADDR = 0x1ffd3000
                0x000000001ffd4000                SDK_ALG_PRO_SRAM_HOST_CWSL_END_ADDR = 0x1ffd4000
                0x000000001ffd3000                SDK_ALG_PRO_SRAM_HOST_AEC_END_ADDR = 0x1ffd3000
                0x000000001ffd3000                SDK_ALG_PRO_SRAM_HOST_DEREVERB_END_ADDR = 0x1ffd3000
                0x000000001ffce000                SDK_ALG_PRO_SRAM_HOST_DENOISE_END_ADDR = 0x1ffce000
                0x000000001ffcf000                SDK_ALG_PRO_SRAM_HOST_DOA_END_ADDR = 0x1ffcf000
                0x000000001ffce000                SDK_ALG_PRO_SRAM_HOST_DOA_DEREVERB_END_ADDR = 0x1ffce000
                0x000000001ffd0000                SDK_ALG_PRO_SRAM_HOST_VPR_END_ADDR = 0x1ffd0000
                0x000000001ffd0000                SDK_ALG_PRO_SRAM_HOST_WMANVPR_END_ADDR = 0x1ffd0000
                0x000000001ffd6000                SDK_ALG_PRO_SRAM_HOST_SED_END_ADDR = 0x1ffd6000
                0x000000001ffde000                SDK_ALG_PRO_SRAM_HOST_TTS_END_ADDR = 0x1ffde000
                0x000000001ffcb000                SDK_ALG_PRO_SRAM_HOST_BF_END_ADDR = 0x1ffcb000
                0x000000001ffd3000                SDK_ALG_PRO_SRAM_HOST_CWSL_AEC_END_ADDR = 0x1ffd3000
                0x000000001ffcf000                SDK_ALG_PRO_SRAM_HOST_DOA_AEC_END_ADDR = 0x1ffcf000
                0x000000001ffd2800                SDK_ALG_PRO_SRAM_HOST_DEREVERB_AEC_END_ADDR = 0x1ffd2800
                0x000000001ffc9800                SDK_ALG_PRO_SRAM_HOST_BF_AEC_END_ADDR = 0x1ffc9800
                0x000000001ffc8800                SDK_ALG_PRO_SRAM_HOST_BF_DEREVERB_END_ADDR = 0x1ffc8800
                0x000000001ffcf000                SDK_ALG_PRO_SRAM_HOST_CWSL_DOA_END_ADDR = 0x1ffcf000
                0x000000001ffaf800                SDK_ALG_PRO_SRAM_HOST_BF_DOA_END_ADDR = 0x1ffaf800
                0x000000001ffd3000                SDK_ALG_PRO_SRAM_HOST_ANY_MIC_AEC_END_ADDR = 0x1ffd3000
                0x000000001ffcf000                SDK_ALG_PRO_SRAM_HOST_CWSL_DOA_AEC_END_ADDR = 0x1ffcf000
                0x000000001ffd3000                SDK_ALG_PRO_SRAM_HOST_CWSL_ANY_MIC_AEC_END_ADDR = 0x1ffd3000
                0x000000001ffce000                SDK_ALG_PRO_SRAM_HOST_DOA_DEREVERB_AEC_END_ADDR = 0x1ffce000
                0x000000001ffcd800                SDK_ALG_PRO_SRAM_HOST_CWSL_DOA_DEREVERB_AEC_END_ADDR = 0x1ffcd800
                0x000000001ff50a00                BOOT_PARAMETER_ADDR = 0x1ff50a00
                0x0000000000000200                BOOT_PARAMETER_SIZE = 0x200
                0x000000001ff50c00                SHARE_SRAM_ADDR = 0x1ff50c00
                0x0000000000000400                SHARE_SRAM_SIZE = 0x400
                0x000000001ff51000                SRAM_START_ADDR = 0x1ff51000
                0x000000001ffd3000                SRAM_END_ADDR = SDK_ALG_PRO_SRAM_HOST_NULL_END_ADDR
                0x0000000000082000                SRAM_SIZE = (SRAM_END_ADDR - SRAM_START_ADDR)
                0x0000000000019000                SYS_HEAP_SIZE = 0x19000
                0x0000000000000c00                __stack_size = STACK_SIZE
                0x0000000000000c00                __int_stack_size = STACK_SIZE
                0x0000000000000c00                __stack_size = DEFINED (__stack_size)?__stack_size:0x800
                0x0000000000000c00                __int_stack_size = DEFINED (__int_stack_size)?__int_stack_size:0x400

.boot_parameter
                0x000000001ff50a00      0x116
 *.(boot_parameter)
 .boot_parameter
                0x000000001ff50a00      0x116 C:\TMP\offline_asr_alg_pro_sample.elf.b891F8.ltrans1.ltrans.o

.share_memory   0x000000001ff50c00      0x12c
 *(.share_mem)
 .share_mem     0x000000001ff50c00      0x12c C:\TMP\offline_asr_alg_pro_sample.elf.b891F8.ltrans0.ltrans.o
                0x000000001ff50c00                status_list.lto_priv.0

.init           0x000000001ff51000      0x272
 *(.vtable)
 .vtable        0x000000001ff51000      0x100 build/objs/ci130x_vtable.o
                0x000000001ff51000                vector_base
 *(.load_addr)
 .load_addr     0x000000001ff51100       0x3c build/objs/ci130x_startup.o
 *(SORT_NONE(.init))
 .init          0x000000001ff5113c      0x136 build/objs/ci130x_startup.o
                0x000000001ff5113c                _start
                0x000000001ff51162                _virtual_start
                0x000000001ff51250                disable_mcycle_minstret
                0x000000001ff51256                enable_mcycle_minstret
                0x000000001ff5125c                core_wfe_asm

.ilalign        0x000000001ff51272        0x2
                0x000000001ff51274                . = ALIGN (0x4)
 *fill*         0x000000001ff51272        0x2 
                0x000000001ff51274                PROVIDE (_ilm_lma = .)

.ialign         0x000000001ff51274        0x0
                0x000000001ff51274                PROVIDE (_ilm = .)

.text           0x000000001ff51280    0x14398
 *(.text.unlikely .text.unlikely.*)
 *(.text.startup .text.startup.*)
 .text.startup.main
                0x000000001ff51280      0x58e C:\TMP\offline_asr_alg_pro_sample.elf.b891F8.ltrans1.ltrans.o
                0x000000001ff51280                main
 *(.text .text.*)
 .text.asrSetBeam.constprop.0
                0x000000001ff5180e        0x8 C:\TMP\offline_asr_alg_pro_sample.elf.b891F8.ltrans0.ltrans.o
 .text.asr_result_clear.constprop.0
                0x000000001ff51816       0x30 C:\TMP\offline_asr_alg_pro_sample.elf.b891F8.ltrans0.ltrans.o
 .text.dynmic_confidence_en_cfg
                0x000000001ff51846        0x4 C:\TMP\offline_asr_alg_pro_sample.elf.b891F8.ltrans0.ltrans.o
                0x000000001ff51846                dynmic_confidence_en_cfg
 .text.CI0059   0x000000001ff5184a       0x2c C:\TMP\offline_asr_alg_pro_sample.elf.b891F8.ltrans0.ltrans.o
 .text.CI0074   0x000000001ff51876        0xa C:\TMP\offline_asr_alg_pro_sample.elf.b891F8.ltrans0.ltrans.o
 .text.CI0083   0x000000001ff51880       0x32 C:\TMP\offline_asr_alg_pro_sample.elf.b891F8.ltrans0.ltrans.o
 .text.get_utt2len
                0x000000001ff518b2       0x5e C:\TMP\offline_asr_alg_pro_sample.elf.b891F8.ltrans0.ltrans.o
 .text.fp32_to_int22
                0x000000001ff51910       0x46 C:\TMP\offline_asr_alg_pro_sample.elf.b891F8.ltrans0.ltrans.o
 .text.CI0057   0x000000001ff51956      0x130 C:\TMP\offline_asr_alg_pro_sample.elf.b891F8.ltrans0.ltrans.o
 .text.CI0096.isra.0
                0x000000001ff51a86      0x32a C:\TMP\offline_asr_alg_pro_sample.elf.b891F8.ltrans0.ltrans.o
 .text.CI0049   0x000000001ff51db0       0x56 C:\TMP\offline_asr_alg_pro_sample.elf.b891F8.ltrans0.ltrans.o
 .text.CI0098.isra.0
                0x000000001ff51e06       0x9a C:\TMP\offline_asr_alg_pro_sample.elf.b891F8.ltrans0.ltrans.o
 .text.CI0066   0x000000001ff51ea0       0x4c C:\TMP\offline_asr_alg_pro_sample.elf.b891F8.ltrans0.ltrans.o
 .text.CI0028   0x000000001ff51eec       0xd0 C:\TMP\offline_asr_alg_pro_sample.elf.b891F8.ltrans0.ltrans.o
 .text.rc_callee_print_pwk_db_in_host
                0x000000001ff51fbc        0x2 C:\TMP\offline_asr_alg_pro_sample.elf.b891F8.ltrans0.ltrans.o
                0x000000001ff51fbc                rc_callee_print_pwk_db_in_host
 .text.rc_callee_print_doa_angle_in_host
                0x000000001ff51fbe        0x2 C:\TMP\offline_asr_alg_pro_sample.elf.b891F8.ltrans0.ltrans.o
                0x000000001ff51fbe                rc_callee_print_doa_angle_in_host
 .text.rc_callee_sed_rslt_cb
                0x000000001ff51fc0        0x2 C:\TMP\offline_asr_alg_pro_sample.elf.b891F8.ltrans0.ltrans.o
                0x000000001ff51fc0                rc_callee_sed_rslt_cb
 .text.rc_callee_deal_one_frm_fft_rslt_callback
                0x000000001ff51fc2        0x2 C:\TMP\offline_asr_alg_pro_sample.elf.b891F8.ltrans0.ltrans.o
                0x000000001ff51fc2                rc_callee_deal_one_frm_fft_rslt_callback
 .text.rc_callee_set_tts_init_done
                0x000000001ff51fc4        0x4 C:\TMP\offline_asr_alg_pro_sample.elf.b891F8.ltrans0.ltrans.o
                0x000000001ff51fc4                rc_callee_set_tts_init_done
 .text.efuse_check_int_state
                0x000000001ff51fc8       0x14 C:\TMP\offline_asr_alg_pro_sample.elf.b891F8.ltrans0.ltrans.o
 .text.efuse_int_clear
                0x000000001ff51fdc       0x12 C:\TMP\offline_asr_alg_pro_sample.elf.b891F8.ltrans0.ltrans.o
 .text.prvTaskExitError
                0x000000001ff51fee       0x16 C:\TMP\offline_asr_alg_pro_sample.elf.b891F8.ltrans0.ltrans.o
 .text.decoder_setwordstag
                0x000000001ff52004       0x2a C:\TMP\offline_asr_alg_pro_sample.elf.b891F8.ltrans0.ltrans.o
 .text.check_equal_word
                0x000000001ff5202e       0x32 C:\TMP\offline_asr_alg_pro_sample.elf.b891F8.ltrans0.ltrans.o
 .text.clean_nlp_keywords
                0x000000001ff52060       0xb2 C:\TMP\offline_asr_alg_pro_sample.elf.b891F8.ltrans0.ltrans.o
 .text.CI0158   0x000000001ff52112       0x26 C:\TMP\offline_asr_alg_pro_sample.elf.b891F8.ltrans0.ltrans.o
 .text.CI0116.constprop.0
                0x000000001ff52138       0xa2 C:\TMP\offline_asr_alg_pro_sample.elf.b891F8.ltrans0.ltrans.o
 .text.CI0022   0x000000001ff521da       0x6e C:\TMP\offline_asr_alg_pro_sample.elf.b891F8.ltrans0.ltrans.o
 .text.CI0069   0x000000001ff52248      0x270 C:\TMP\offline_asr_alg_pro_sample.elf.b891F8.ltrans0.ltrans.o
 .text.rc_callee_malloc_in_host
                0x000000001ff524b8        0xe C:\TMP\offline_asr_alg_pro_sample.elf.b891F8.ltrans0.ltrans.o
                0x000000001ff524b8                rc_callee_malloc_in_host
 .text.readflash_to_mem
                0x000000001ff524c6       0x54 C:\TMP\offline_asr_alg_pro_sample.elf.b891F8.ltrans0.ltrans.o
 .text.rc_callee_set_tts_dnn_done
                0x000000001ff5251a        0x4 C:\TMP\offline_asr_alg_pro_sample.elf.b891F8.ltrans0.ltrans.o
                0x000000001ff5251a                rc_callee_set_tts_dnn_done
 .text.rc_callee_get_current_model_addr
                0x000000001ff5251e       0x14 C:\TMP\offline_asr_alg_pro_sample.elf.b891F8.ltrans0.ltrans.o
                0x000000001ff5251e                rc_callee_get_current_model_addr
 .text.get_cmd_words_type_id
                0x000000001ff52532       0x40 C:\TMP\offline_asr_alg_pro_sample.elf.b891F8.ltrans0.ltrans.o
 .text.get_cmd_words_semantic_id
                0x000000001ff52572       0x3e C:\TMP\offline_asr_alg_pro_sample.elf.b891F8.ltrans0.ltrans.o
 .text.set_intent_output.constprop.0
                0x000000001ff525b0      0x344 C:\TMP\offline_asr_alg_pro_sample.elf.b891F8.ltrans0.ltrans.o
 .text.decoder_bufinfo_clear
                0x000000001ff528f4       0x42 C:\TMP\offline_asr_alg_pro_sample.elf.b891F8.ltrans0.ltrans.o
 .text.eclic_set_irq_priority.constprop.0
                0x000000001ff52936       0x3a C:\TMP\offline_asr_alg_pro_sample.elf.b891F8.ltrans0.ltrans.o
                0x000000001ff52936                eclic_set_irq_priority.constprop.0
 .text.xQueueCreateMutex.constprop.0
                0x000000001ff52970       0x2e C:\TMP\offline_asr_alg_pro_sample.elf.b891F8.ltrans0.ltrans.o
                0x000000001ff52970                xQueueCreateMutex.constprop.0
 .text.pause_audio_play_prompt.constprop.0
                0x000000001ff5299e       0x82 C:\TMP\offline_asr_alg_pro_sample.elf.b891F8.ltrans0.ltrans.o
                0x000000001ff5299e                pause_audio_play_prompt.constprop.0
 .text.audio_play_queue_send.constprop.0
                0x000000001ff52a20       0x18 C:\TMP\offline_asr_alg_pro_sample.elf.b891F8.ltrans0.ltrans.o
                0x000000001ff52a20                audio_play_queue_send.constprop.0
 .text.cosine_dist.constprop.0
                0x000000001ff52a38       0x9c C:\TMP\offline_asr_alg_pro_sample.elf.b891F8.ltrans0.ltrans.o
                0x000000001ff52a38                cosine_dist.constprop.0
 .text.spk_tpl_load.constprop.0
                0x000000001ff52ad4       0x78 C:\TMP\offline_asr_alg_pro_sample.elf.b891F8.ltrans0.ltrans.o
                0x000000001ff52ad4                spk_tpl_load.constprop.0
 .text.send_word_callback.constprop.0
                0x000000001ff52b4c       0x9e C:\TMP\offline_asr_alg_pro_sample.elf.b891F8.ltrans0.ltrans.o
                0x000000001ff52b4c                send_word_callback.constprop.0
 .text.CI0159.isra.0.lto_priv.0
                0x000000001ff52bea      0x146 C:\TMP\offline_asr_alg_pro_sample.elf.b891F8.ltrans0.ltrans.o
                0x000000001ff52bea                CI0159.isra.0.lto_priv.0
 .text.CI0157.part.0.lto_priv.0
                0x000000001ff52d30       0x34 C:\TMP\offline_asr_alg_pro_sample.elf.b891F8.ltrans0.ltrans.o
                0x000000001ff52d30                CI0157.part.0.lto_priv.0
 .text.CI0155.isra.0.lto_priv.0
                0x000000001ff52d64       0x26 C:\TMP\offline_asr_alg_pro_sample.elf.b891F8.ltrans0.ltrans.o
                0x000000001ff52d64                CI0155.isra.0.lto_priv.0
 .text.CI0002.isra.0
                0x000000001ff52d8a       0xda C:\TMP\offline_asr_alg_pro_sample.elf.b891F8.ltrans0.ltrans.o
 .text.CI0060   0x000000001ff52e64      0x14e C:\TMP\offline_asr_alg_pro_sample.elf.b891F8.ltrans0.ltrans.o
 .text.CI0118   0x000000001ff52fb2      0x268 C:\TMP\offline_asr_alg_pro_sample.elf.b891F8.ltrans0.ltrans.o
 .text.CI0114.lto_priv.0
                0x000000001ff5321a       0x84 C:\TMP\offline_asr_alg_pro_sample.elf.b891F8.ltrans0.ltrans.o
                0x000000001ff5321a                CI0114.lto_priv.0
 .text.free_utt2len.lto_priv.0
                0x000000001ff5329e       0x4a C:\TMP\offline_asr_alg_pro_sample.elf.b891F8.ltrans0.ltrans.o
                0x000000001ff5329e                free_utt2len.lto_priv.0
 .text.CI0154.lto_priv.0
                0x000000001ff532e8      0x12a C:\TMP\offline_asr_alg_pro_sample.elf.b891F8.ltrans0.ltrans.o
                0x000000001ff532e8                CI0154.lto_priv.0
 .text.asrGetCmdWordsAndScore.constprop.0
                0x000000001ff53412       0x8a C:\TMP\offline_asr_alg_pro_sample.elf.b891F8.ltrans0.ltrans.o
 .text.check_cwsl_asr.part.0.constprop.0
                0x000000001ff5349c       0x82 C:\TMP\offline_asr_alg_pro_sample.elf.b891F8.ltrans0.ltrans.o
 .text.get_asr_result_for_final.constprop.0
                0x000000001ff5351e       0xc4 C:\TMP\offline_asr_alg_pro_sample.elf.b891F8.ltrans0.ltrans.o
 .text.CI0156.lto_priv.0
                0x000000001ff535e2       0x82 C:\TMP\offline_asr_alg_pro_sample.elf.b891F8.ltrans0.ltrans.o
                0x000000001ff535e2                CI0156.lto_priv.0
 .text.CI0001.lto_priv.0
                0x000000001ff53664       0x72 C:\TMP\offline_asr_alg_pro_sample.elf.b891F8.ltrans0.ltrans.o
                0x000000001ff53664                CI0001.lto_priv.0
 .text.CI0036   0x000000001ff536d6      0x6dc C:\TMP\offline_asr_alg_pro_sample.elf.b891F8.ltrans0.ltrans.o
 .text.CI0120   0x000000001ff53db2      0x15e C:\TMP\offline_asr_alg_pro_sample.elf.b891F8.ltrans0.ltrans.o
 .text.dpmu_unlock_cfg_config
                0x000000001ff53f10       0x12 C:\TMP\offline_asr_alg_pro_sample.elf.b891F8.ltrans0.ltrans.o
                0x000000001ff53f10                dpmu_unlock_cfg_config
 .text.dpmu_config_update_en
                0x000000001ff53f22       0x3a C:\TMP\offline_asr_alg_pro_sample.elf.b891F8.ltrans0.ltrans.o
                0x000000001ff53f22                dpmu_config_update_en
 .text.dpmu_ldo3_lv_set
                0x000000001ff53f5c       0x32 C:\TMP\offline_asr_alg_pro_sample.elf.b891F8.ltrans0.ltrans.o
                0x000000001ff53f5c                dpmu_ldo3_lv_set
 .text.dpmu_ldo2_lv_set
                0x000000001ff53f8e       0x2e C:\TMP\offline_asr_alg_pro_sample.elf.b891F8.ltrans0.ltrans.o
                0x000000001ff53f8e                dpmu_ldo2_lv_set
 .text.dpmu_ldo1_lv_set
                0x000000001ff53fbc       0x28 C:\TMP\offline_asr_alg_pro_sample.elf.b891F8.ltrans0.ltrans.o
                0x000000001ff53fbc                dpmu_ldo1_lv_set
 .text.dpmu_set_pmu_trim_value
                0x000000001ff53fe4       0x32 C:\TMP\offline_asr_alg_pro_sample.elf.b891F8.ltrans0.ltrans.o
                0x000000001ff53fe4                dpmu_set_pmu_trim_value
 .text.dpmu_clean_reset_state
                0x000000001ff54016       0x1a C:\TMP\offline_asr_alg_pro_sample.elf.b891F8.ltrans0.ltrans.o
 .text.dpmu_set_io_pull
                0x000000001ff54030       0x3e C:\TMP\offline_asr_alg_pro_sample.elf.b891F8.ltrans0.ltrans.o
                0x000000001ff54030                dpmu_set_io_pull
 .text.dpmu_software_reset_system_config
                0x000000001ff5406e       0x2e C:\TMP\offline_asr_alg_pro_sample.elf.b891F8.ltrans0.ltrans.o
                0x000000001ff5406e                dpmu_software_reset_system_config
 .text.dpmu_get_pll_frequency
                0x000000001ff5409c       0x3e C:\TMP\offline_asr_alg_pro_sample.elf.b891F8.ltrans0.ltrans.o
                0x000000001ff5409c                dpmu_get_pll_frequency
 .text.efuse_read_data
                0x000000001ff540da        0xe C:\TMP\offline_asr_alg_pro_sample.elf.b891F8.ltrans0.ltrans.o
                0x000000001ff540da                efuse_read_data
 .text.AON_EFUSE_IRQHandler
                0x000000001ff540e8       0x72 C:\TMP\offline_asr_alg_pro_sample.elf.b891F8.ltrans0.ltrans.o
                0x000000001ff540e8                AON_EFUSE_IRQHandler
 .text.efuse_check_idle
                0x000000001ff5415a        0xe C:\TMP\offline_asr_alg_pro_sample.elf.b891F8.ltrans0.ltrans.o
                0x000000001ff5415a                efuse_check_idle
 .text.efuse_read_start
                0x000000001ff54168        0xe C:\TMP\offline_asr_alg_pro_sample.elf.b891F8.ltrans0.ltrans.o
                0x000000001ff54168                efuse_read_start
 .text.efuse_clk_freq_sel
                0x000000001ff54176       0x10 C:\TMP\offline_asr_alg_pro_sample.elf.b891F8.ltrans0.ltrans.o
                0x000000001ff54176                efuse_clk_freq_sel
 .text.scu_get_system_reset_state
                0x000000001ff54186       0x32 C:\TMP\offline_asr_alg_pro_sample.elf.b891F8.ltrans0.ltrans.o
                0x000000001ff54186                scu_get_system_reset_state
 .text.scu_unlock_reset_config
                0x000000001ff541b8       0x12 C:\TMP\offline_asr_alg_pro_sample.elf.b891F8.ltrans0.ltrans.o
                0x000000001ff541b8                scu_unlock_reset_config
 .text.scu_set_device_reset_release
                0x000000001ff541ca      0x144 C:\TMP\offline_asr_alg_pro_sample.elf.b891F8.ltrans0.ltrans.o
                0x000000001ff541ca                scu_set_device_reset_release
 .text.scu_set_device_reset
                0x000000001ff5430e      0x150 C:\TMP\offline_asr_alg_pro_sample.elf.b891F8.ltrans0.ltrans.o
                0x000000001ff5430e                scu_set_device_reset
 .text.scu_unlock_clk_config
                0x000000001ff5445e       0x12 C:\TMP\offline_asr_alg_pro_sample.elf.b891F8.ltrans0.ltrans.o
                0x000000001ff5445e                scu_unlock_clk_config
 .text.scu_iis_codec_mclk_config
                0x000000001ff54470       0x8c C:\TMP\offline_asr_alg_pro_sample.elf.b891F8.ltrans0.ltrans.o
                0x000000001ff54470                scu_iis_codec_mclk_config
 .text.scu_iis_pad_mclk_config
                0x000000001ff544fc       0x74 C:\TMP\offline_asr_alg_pro_sample.elf.b891F8.ltrans0.ltrans.o
                0x000000001ff544fc                scu_iis_pad_mclk_config
 .text.scu_iis_pad_clk_config
                0x000000001ff54570       0x74 C:\TMP\offline_asr_alg_pro_sample.elf.b891F8.ltrans0.ltrans.o
                0x000000001ff54570                scu_iis_pad_clk_config
 .text.scu_iis_clk_config
                0x000000001ff545e4       0xb2 C:\TMP\offline_asr_alg_pro_sample.elf.b891F8.ltrans0.ltrans.o
                0x000000001ff545e4                scu_iis_clk_config
 .text.scu_iis_mclk_Config
                0x000000001ff54696       0x92 C:\TMP\offline_asr_alg_pro_sample.elf.b891F8.ltrans0.ltrans.o
                0x000000001ff54696                scu_iis_mclk_Config
 .text.scu_set_div_parameter
                0x000000001ff54728      0x2ce C:\TMP\offline_asr_alg_pro_sample.elf.b891F8.ltrans0.ltrans.o
                0x000000001ff54728                scu_set_div_parameter
 .text.scu_set_device_gate
                0x000000001ff549f6      0x1de C:\TMP\offline_asr_alg_pro_sample.elf.b891F8.ltrans0.ltrans.o
                0x000000001ff549f6                scu_set_device_gate
 .text.scu_unlock_system_config
                0x000000001ff54bd4       0x12 C:\TMP\offline_asr_alg_pro_sample.elf.b891F8.ltrans0.ltrans.o
                0x000000001ff54bd4                scu_unlock_system_config
 .text.dpmu_pll_config.constprop.0
                0x000000001ff54be6      0x15c C:\TMP\offline_asr_alg_pro_sample.elf.b891F8.ltrans0.ltrans.o
                0x000000001ff54be6                dpmu_pll_config.constprop.0
 .text.MAIL_BOX_IRQHandler
                0x000000001ff54d42       0x52 C:\TMP\offline_asr_alg_pro_sample.elf.b891F8.ltrans0.ltrans.o
                0x000000001ff54d42                MAIL_BOX_IRQHandler
 .text.xPortSetInterruptMask
                0x000000001ff54d94       0x1e C:\TMP\offline_asr_alg_pro_sample.elf.b891F8.ltrans0.ltrans.o
                0x000000001ff54d94                xPortSetInterruptMask
 .text.xQueueGenericSendFromISR.constprop.0
                0x000000001ff54db2       0x72 C:\TMP\offline_asr_alg_pro_sample.elf.b891F8.ltrans0.ltrans.o
                0x000000001ff54db2                xQueueGenericSendFromISR.constprop.0
 .text.xTimerPendFunctionCallFromISR.constprop.0
                0x000000001ff54e24       0x28 C:\TMP\offline_asr_alg_pro_sample.elf.b891F8.ltrans0.ltrans.o
                0x000000001ff54e24                xTimerPendFunctionCallFromISR.constprop.0
 .text.pause_play.constprop.0
                0x000000001ff54e4c       0x38 C:\TMP\offline_asr_alg_pro_sample.elf.b891F8.ltrans0.ltrans.o
 .text.xTimerGenericCommand.constprop.0
                0x000000001ff54e84       0x2e C:\TMP\offline_asr_alg_pro_sample.elf.b891F8.ltrans0.ltrans.o
                0x000000001ff54e84                xTimerGenericCommand.constprop.0
 .text.set_nlp_delay_end
                0x000000001ff54eb2       0x12 C:\TMP\offline_asr_alg_pro_sample.elf.b891F8.ltrans0.ltrans.o
 .text.set_state_nlp_end
                0x000000001ff54ec4       0x12 C:\TMP\offline_asr_alg_pro_sample.elf.b891F8.ltrans0.ltrans.o
 .text.vPortExitCritical
                0x000000001ff54ed6       0x16 C:\TMP\offline_asr_alg_pro_sample.elf.b891F8.ltrans0.ltrans.o
                0x000000001ff54ed6                vPortExitCritical
 .text.vPortEnterCritical
                0x000000001ff54eec       0x20 C:\TMP\offline_asr_alg_pro_sample.elf.b891F8.ltrans0.ltrans.o
                0x000000001ff54eec                vPortEnterCritical
 .text.audio_play_hw_stop.constprop.0
                0x000000001ff54f0c      0x100 C:\TMP\offline_asr_alg_pro_sample.elf.b891F8.ltrans0.ltrans.o
                0x000000001ff54f0c                audio_play_hw_stop.constprop.0
 .text.set_state_enter_wakeup.constprop.0
                0x000000001ff5500c       0x5a C:\TMP\offline_asr_alg_pro_sample.elf.b891F8.ltrans0.ltrans.o
                0x000000001ff5500c                set_state_enter_wakeup.constprop.0
 .text.vPortSetup
                0x000000001ff55066       0x9a C:\TMP\offline_asr_alg_pro_sample.elf.b891F8.ltrans0.ltrans.o
                0x000000001ff55066                vPortSetup
 .text.vDoTaskSwitchContext
                0x000000001ff55100       0x76 C:\TMP\offline_asr_alg_pro_sample.elf.b891F8.ltrans0.ltrans.o
                0x000000001ff55100                vDoTaskSwitchContext
 .text.taskswitch
                0x000000001ff55176       0x14 C:\TMP\offline_asr_alg_pro_sample.elf.b891F8.ltrans0.ltrans.o
                0x000000001ff55176                taskswitch
 .text.vPortClearMSIPInt
                0x000000001ff5518a       0x12 C:\TMP\offline_asr_alg_pro_sample.elf.b891F8.ltrans0.ltrans.o
                0x000000001ff5518a                vPortClearMSIPInt
 .text.vPortSetMSIPInt
                0x000000001ff5519c       0x1a C:\TMP\offline_asr_alg_pro_sample.elf.b891F8.ltrans0.ltrans.o
                0x000000001ff5519c                vPortSetMSIPInt
 .text.xTaskCreate.constprop.0
                0x000000001ff551b6      0x1fc C:\TMP\offline_asr_alg_pro_sample.elf.b891F8.ltrans0.ltrans.o
                0x000000001ff551b6                xTaskCreate.constprop.0
 .text.vPortSysTickHandler
                0x000000001ff553b2       0x60 C:\TMP\offline_asr_alg_pro_sample.elf.b891F8.ltrans0.ltrans.o
                0x000000001ff553b2                vPortSysTickHandler
 .text.flash_manage_give_op_done_sem
                0x000000001ff55412       0x34 C:\TMP\offline_asr_alg_pro_sample.elf.b891F8.ltrans0.ltrans.o
 .text.flash_manage_nuclear_com_outside_serve_cb.lto_priv.0
                0x000000001ff55446       0x42 C:\TMP\offline_asr_alg_pro_sample.elf.b891F8.ltrans0.ltrans.o
                0x000000001ff55446                flash_manage_nuclear_com_outside_serve_cb.lto_priv.0
 .text.give_flash_sem.lto_priv.0
                0x000000001ff55488       0x1e C:\TMP\offline_asr_alg_pro_sample.elf.b891F8.ltrans0.ltrans.o
                0x000000001ff55488                give_flash_sem.lto_priv.0
 .text.cm_get_pcm_buffer.constprop.0
                0x000000001ff554a6       0x90 C:\TMP\offline_asr_alg_pro_sample.elf.b891F8.ltrans0.ltrans.o
                0x000000001ff554a6                cm_get_pcm_buffer.constprop.0
 .text.cm_write_codec.constprop.0
                0x000000001ff55536       0xa6 C:\TMP\offline_asr_alg_pro_sample.elf.b891F8.ltrans0.ltrans.o
                0x000000001ff55536                cm_write_codec.constprop.0
 .text.IISDMA_ChannelIntENConfig.constprop.0
                0x000000001ff555dc       0x58 C:\TMP\offline_asr_alg_pro_sample.elf.b891F8.ltrans0.ltrans.o
                0x000000001ff555dc                IISDMA_ChannelIntENConfig.constprop.0
 .text.cm_release_pcm_buffer.constprop.0
                0x000000001ff55634       0x6c C:\TMP\offline_asr_alg_pro_sample.elf.b891F8.ltrans0.ltrans.o
                0x000000001ff55634                cm_release_pcm_buffer.constprop.0
 .text.rc_callee_alg_aes_addr
                0x000000001ff556a0       0x1c C:\TMP\offline_asr_alg_pro_sample.elf.b891F8.ltrans0.ltrans.o
                0x000000001ff556a0                rc_callee_alg_aes_addr
 .text.rc_callee_alg_aes_type_tip
                0x000000001ff556bc       0x1a C:\TMP\offline_asr_alg_pro_sample.elf.b891F8.ltrans0.ltrans.o
                0x000000001ff556bc                rc_callee_alg_aes_type_tip
 .text.rc_callee_print_bnpu_err_type_in_host
                0x000000001ff556d6       0x2a C:\TMP\offline_asr_alg_pro_sample.elf.b891F8.ltrans0.ltrans.o
                0x000000001ff556d6                rc_callee_print_bnpu_err_type_in_host
 .text.rc_callee_audio_deal_one_frm_callback
                0x000000001ff55700       0xc8 C:\TMP\offline_asr_alg_pro_sample.elf.b891F8.ltrans0.ltrans.o
                0x000000001ff55700                rc_callee_audio_deal_one_frm_callback
 .text.rc_callee_free_in_host
                0x000000001ff557c8       0x40 C:\TMP\offline_asr_alg_pro_sample.elf.b891F8.ltrans0.ltrans.o
                0x000000001ff557c8                rc_callee_free_in_host
 .text.mailbox_send_msg
                0x000000001ff55808       0xba C:\TMP\offline_asr_alg_pro_sample.elf.b891F8.ltrans0.ltrans.o
                0x000000001ff55808                mailbox_send_msg
 .text.nuclear_com_send.constprop.0
                0x000000001ff558c2       0xba C:\TMP\offline_asr_alg_pro_sample.elf.b891F8.ltrans0.ltrans.o
                0x000000001ff558c2                nuclear_com_send.constprop.0
 .text.asr_top_ept_cal_serve_rpmsg.lto_priv.0
                0x000000001ff5597c       0x1c C:\TMP\offline_asr_alg_pro_sample.elf.b891F8.ltrans0.ltrans.o
                0x000000001ff5597c                vad_fe_ept_cal_serve_rpmsg.lto_priv.0
                0x000000001ff5597c                asr_top_ept_cal_serve_rpmsg.lto_priv.0
 .text.get_g_prun_count
                0x000000001ff55998       0x1c C:\TMP\offline_asr_alg_pro_sample.elf.b891F8.ltrans0.ltrans.o
 .text.asrtop_asr_system_create_model.constprop.0
                0x000000001ff559b4       0x58 C:\TMP\offline_asr_alg_pro_sample.elf.b891F8.ltrans0.ltrans.o
                0x000000001ff559b4                asrtop_asr_system_create_model.constprop.0
 .text.pause_asr.constprop.0
                0x000000001ff55a0c      0x13c C:\TMP\offline_asr_alg_pro_sample.elf.b891F8.ltrans0.ltrans.o
 .text.prompt_play_by_cmd_handle.constprop.0
                0x000000001ff55b48      0x16a C:\TMP\offline_asr_alg_pro_sample.elf.b891F8.ltrans0.ltrans.o
                0x000000001ff55b48                prompt_play_by_cmd_handle.constprop.0
 .text.flash_manage_ept_cal_serve_rpmsg.lto_priv.0
                0x000000001ff55cb2       0x1c C:\TMP\offline_asr_alg_pro_sample.elf.b891F8.ltrans0.ltrans.o
                0x000000001ff55cb2                flash_manage_ept_cal_serve_rpmsg.lto_priv.0
 .text.remote_call_task.lto_priv.0
                0x000000001ff55cce       0xfa C:\TMP\offline_asr_alg_pro_sample.elf.b891F8.ltrans0.ltrans.o
                0x000000001ff55cce                remote_call_task.lto_priv.0
 .text.nuclear_com_irq_handler
                0x000000001ff55dc8      0x16e C:\TMP\offline_asr_alg_pro_sample.elf.b891F8.ltrans0.ltrans.o
                0x000000001ff55dc8                nuclear_com_irq_handler
 .text.ulSynchTrap
                0x000000001ff55f36      0x110 C:\TMP\offline_asr_alg_pro_sample.elf.b891F8.ltrans0.ltrans.o
                0x000000001ff55f36                ulSynchTrap
 .text.nlp_callback
                0x000000001ff56046       0xc6 C:\TMP\offline_asr_alg_pro_sample.elf.b891F8.ltrans0.ltrans.o
 .text.ci_sprintf
                0x000000001ff5610c       0xb2 C:\TMP\offline_asr_alg_pro_sample.elf.b891F8.ltrans0.ltrans.o
 .text.asr_result_callback_nlp.constprop.0
                0x000000001ff561be      0xf58 C:\TMP\offline_asr_alg_pro_sample.elf.b891F8.ltrans0.ltrans.o
 .text.app_deal_asr_reuslt_callback.constprop.0
                0x000000001ff57116      0xba4 C:\TMP\offline_asr_alg_pro_sample.elf.b891F8.ltrans0.ltrans.o
 .text.flash_manage_req_wait_op_done_sem
                0x000000001ff57cba       0x48 C:\TMP\offline_asr_alg_pro_sample.elf.b891F8.ltrans0.ltrans.o
 .text.wait_flash_sem
                0x000000001ff57d02       0x3e C:\TMP\offline_asr_alg_pro_sample.elf.b891F8.ltrans0.ltrans.o
 .text.post_erase_flash.constprop.0
                0x000000001ff57d40       0x70 C:\TMP\offline_asr_alg_pro_sample.elf.b891F8.ltrans0.ltrans.o
                0x000000001ff57d40                post_erase_flash.constprop.0
 .text.post_spic_read_unique_id
                0x000000001ff57db0       0x36 C:\TMP\offline_asr_alg_pro_sample.elf.b891F8.ltrans0.ltrans.o
 .text.post_write_flash
                0x000000001ff57de6       0x3e C:\TMP\offline_asr_alg_pro_sample.elf.b891F8.ltrans0.ltrans.o
                0x000000001ff57de6                post_write_flash
 .text.post_read_flash
                0x000000001ff57e24       0x94 C:\TMP\offline_asr_alg_pro_sample.elf.b891F8.ltrans0.ltrans.o
                0x000000001ff57e24                post_read_flash
 .text.rc_callee_flash_get_en_data
                0x000000001ff57eb8       0x1c C:\TMP\offline_asr_alg_pro_sample.elf.b891F8.ltrans0.ltrans.o
                0x000000001ff57eb8                rc_callee_flash_get_en_data
 .text.rc_callee_get_dqt_bias
                0x000000001ff57ed4       0x50 C:\TMP\offline_asr_alg_pro_sample.elf.b891F8.ltrans0.ltrans.o
                0x000000001ff57ed4                rc_callee_get_dqt_bias
 .text.rc_callee_get_data_in
                0x000000001ff57f24       0x14 C:\TMP\offline_asr_alg_pro_sample.elf.b891F8.ltrans0.ltrans.o
                0x000000001ff57f24                rc_callee_get_data_in
 .text.rc_callee_get_pingyin_word
                0x000000001ff57f38       0x6c C:\TMP\offline_asr_alg_pro_sample.elf.b891F8.ltrans0.ltrans.o
                0x000000001ff57f38                rc_callee_get_pingyin_word
 .text.decoder_task_clear_done
                0x000000001ff57fa4       0x36 C:\TMP\offline_asr_alg_pro_sample.elf.b891F8.ltrans0.ltrans.o
 .text.decoder_release_done
                0x000000001ff57fda       0x36 C:\TMP\offline_asr_alg_pro_sample.elf.b891F8.ltrans0.ltrans.o
 .text.decodersys_clear
                0x000000001ff58010       0xae C:\TMP\offline_asr_alg_pro_sample.elf.b891F8.ltrans0.ltrans.o
 .text.decoer_create_lm_get_ac_info
                0x000000001ff580be     0x102c C:\TMP\offline_asr_alg_pro_sample.elf.b891F8.ltrans0.ltrans.o
 .text.send_notdeal_msg_to_decoder_queue
                0x000000001ff590ea       0xca C:\TMP\offline_asr_alg_pro_sample.elf.b891F8.ltrans0.ltrans.o
 .text.decoder_manage_task
                0x000000001ff591b4      0x7e6 C:\TMP\offline_asr_alg_pro_sample.elf.b891F8.ltrans0.ltrans.o
                0x000000001ff591b4                decoder_manage_task
 .text.get_cha_check
                0x000000001ff5999a       0x10 C:\TMP\offline_asr_alg_pro_sample.elf.b891F8.ltrans1.ltrans.o
 .text.limit_min_max
                0x000000001ff599aa       0x12 C:\TMP\offline_asr_alg_pro_sample.elf.b891F8.ltrans1.ltrans.o
 .text.uart_send_bytes
                0x000000001ff599bc       0x22 C:\TMP\offline_asr_alg_pro_sample.elf.b891F8.ltrans1.ltrans.o
 .text.default_play_done_callback
                0x000000001ff599de        0x2 C:\TMP\offline_asr_alg_pro_sample.elf.b891F8.ltrans1.ltrans.o
 .text.other_func_serve_cb
                0x000000001ff599e0       0x1a C:\TMP\offline_asr_alg_pro_sample.elf.b891F8.ltrans1.ltrans.o
 .text.icodec_config
                0x000000001ff599fa      0x112 C:\TMP\offline_asr_alg_pro_sample.elf.b891F8.ltrans1.ltrans.o
 .text.icodec_stop
                0x000000001ff59b0c       0x20 C:\TMP\offline_asr_alg_pro_sample.elf.b891F8.ltrans1.ltrans.o
 .text.inner_codec_adc_dig_gain_set
                0x000000001ff59b2c       0x44 C:\TMP\offline_asr_alg_pro_sample.elf.b891F8.ltrans1.ltrans.o
 .text.get_pga_gain_reg_data_from_db
                0x000000001ff59b70       0x3a C:\TMP\offline_asr_alg_pro_sample.elf.b891F8.ltrans1.ltrans.o
 .text.icodec_ioctl
                0x000000001ff59baa       0xfe C:\TMP\offline_asr_alg_pro_sample.elf.b891F8.ltrans1.ltrans.o
 .text.central_diff
                0x000000001ff59ca8       0x82 C:\TMP\offline_asr_alg_pro_sample.elf.b891F8.ltrans1.ltrans.o
 .text.get_combination_voice_number
                0x000000001ff59d2a       0x54 C:\TMP\offline_asr_alg_pro_sample.elf.b891F8.ltrans1.ltrans.o
 .text.hotid_update
                0x000000001ff59d7e       0x1c C:\TMP\offline_asr_alg_pro_sample.elf.b891F8.ltrans1.ltrans.o
 .text.ADPCM_Decode
                0x000000001ff59d9a       0xa0 C:\TMP\offline_asr_alg_pro_sample.elf.b891F8.ltrans1.ltrans.o
 .text.de_codeadpcm_mono_to_mono
                0x000000001ff59e3a       0x3e C:\TMP\offline_asr_alg_pro_sample.elf.b891F8.ltrans1.ltrans.o
 .text.save_audio_info
                0x000000001ff59e78       0x6e C:\TMP\offline_asr_alg_pro_sample.elf.b891F8.ltrans1.ltrans.o
 .text.audio_play_prompt_init
                0x000000001ff59ee6        0x4 C:\TMP\offline_asr_alg_pro_sample.elf.b891F8.ltrans1.ltrans.o
 .text.registe_decoder_ops
                0x000000001ff59eea       0x20 C:\TMP\offline_asr_alg_pro_sample.elf.b891F8.ltrans1.ltrans.o
 .text.do_call_callback_fun
                0x000000001ff59f0a       0x30 C:\TMP\offline_asr_alg_pro_sample.elf.b891F8.ltrans1.ltrans.o
 .text.audio_play_prompt_destroy
                0x000000001ff59f3a        0x4 C:\TMP\offline_asr_alg_pro_sample.elf.b891F8.ltrans1.ltrans.o
 .text.audio_play_prompt_clear
                0x000000001ff59f3e        0xc C:\TMP\offline_asr_alg_pro_sample.elf.b891F8.ltrans1.ltrans.o
 .text.audio_play_adpcm_decode
                0x000000001ff59f4a       0x62 C:\TMP\offline_asr_alg_pro_sample.elf.b891F8.ltrans1.ltrans.o
 .text.audio_play_ms_wav_decode
                0x000000001ff59fac       0x9c C:\TMP\offline_asr_alg_pro_sample.elf.b891F8.ltrans1.ltrans.o
 .text.audio_play_adpcm_decode2
                0x000000001ff5a048      0x132 C:\TMP\offline_asr_alg_pro_sample.elf.b891F8.ltrans1.ltrans.o
 .text.audio_play_mp3_clear
                0x000000001ff5a17a       0x16 C:\TMP\offline_asr_alg_pro_sample.elf.b891F8.ltrans1.ltrans.o
 .text.audio_play_mp3_destroy
                0x000000001ff5a190       0x1e C:\TMP\offline_asr_alg_pro_sample.elf.b891F8.ltrans1.ltrans.o
 .text.prvInsertBlockIntoFreeList
                0x000000001ff5a1ae       0x42 C:\TMP\offline_asr_alg_pro_sample.elf.b891F8.ltrans1.ltrans.o
 .text.prvResetNextTaskUnblockTime
                0x000000001ff5a1f0       0x1e C:\TMP\offline_asr_alg_pro_sample.elf.b891F8.ltrans1.ltrans.o
 .text.prvCopyDataFromQueue
                0x000000001ff5a20e       0x2c C:\TMP\offline_asr_alg_pro_sample.elf.b891F8.ltrans1.ltrans.o
 .text.prvIsQueueEmpty
                0x000000001ff5a23a       0x18 C:\TMP\offline_asr_alg_pro_sample.elf.b891F8.ltrans1.ltrans.o
 .text.GPIO_IRQ_Default_proc
                0x000000001ff5a252       0x46 C:\TMP\offline_asr_alg_pro_sample.elf.b891F8.ltrans1.ltrans.o
 .text.iis_clk_gate
                0x000000001ff5a298       0x50 C:\TMP\offline_asr_alg_pro_sample.elf.b891F8.ltrans1.ltrans.o
 .text.UART_BAUDRATEConfig
                0x000000001ff5a2e8       0x6c C:\TMP\offline_asr_alg_pro_sample.elf.b891F8.ltrans1.ltrans.o
 .text.inner_codec_dac_enable
                0x000000001ff5a354       0xa2 C:\TMP\offline_asr_alg_pro_sample.elf.b891F8.ltrans1.ltrans.o
 .text.icodec_start
                0x000000001ff5a3f6       0x1a C:\TMP\offline_asr_alg_pro_sample.elf.b891F8.ltrans1.ltrans.o
 .text.icodec_init
                0x000000001ff5a410      0x318 C:\TMP\offline_asr_alg_pro_sample.elf.b891F8.ltrans1.ltrans.o
 .text.erase_feb
                0x000000001ff5a728       0x32 C:\TMP\offline_asr_alg_pro_sample.elf.b891F8.ltrans1.ltrans.o
 .text.write_item_status
                0x000000001ff5a75a       0x8a C:\TMP\offline_asr_alg_pro_sample.elf.b891F8.ltrans1.ltrans.o
 .text.traverse_feb
                0x000000001ff5a7e4      0x26c C:\TMP\offline_asr_alg_pro_sample.elf.b891F8.ltrans1.ltrans.o
 .text.find_item
                0x000000001ff5aa50       0x58 C:\TMP\offline_asr_alg_pro_sample.elf.b891F8.ltrans1.ltrans.o
 .text.find_id  0x000000001ff5aaa8       0x40 C:\TMP\offline_asr_alg_pro_sample.elf.b891F8.ltrans1.ltrans.o
 .text.write_item
                0x000000001ff5aae8      0x11c C:\TMP\offline_asr_alg_pro_sample.elf.b891F8.ltrans1.ltrans.o
 .text.write_feb_status
                0x000000001ff5ac04       0x56 C:\TMP\offline_asr_alg_pro_sample.elf.b891F8.ltrans1.ltrans.o
 .text.reclaim_block
                0x000000001ff5ac5a       0x54 C:\TMP\offline_asr_alg_pro_sample.elf.b891F8.ltrans1.ltrans.o
 .text.init_item
                0x000000001ff5acae       0xca C:\TMP\offline_asr_alg_pro_sample.elf.b891F8.ltrans1.ltrans.o
 .text.cheak_play_event
                0x000000001ff5ad78       0x30 C:\TMP\offline_asr_alg_pro_sample.elf.b891F8.ltrans1.ltrans.o
 .text.prvCheckForValidListAndQueue
                0x000000001ff5ada8       0x7c C:\TMP\offline_asr_alg_pro_sample.elf.b891F8.ltrans1.ltrans.o
 .text.prvSwitchTimerLists
                0x000000001ff5ae24       0x64 C:\TMP\offline_asr_alg_pro_sample.elf.b891F8.ltrans1.ltrans.o
 .text.prvInsertTimerInActiveList
                0x000000001ff5ae88       0x3e C:\TMP\offline_asr_alg_pro_sample.elf.b891F8.ltrans1.ltrans.o
 .text.decoder_task_timeout_deal.lto_priv.0
                0x000000001ff5aec6       0x1c C:\TMP\offline_asr_alg_pro_sample.elf.b891F8.ltrans1.ltrans.o
                0x000000001ff5aec6                decoder_task_timeout_deal.lto_priv.0
 .text.decide_clear
                0x000000001ff5aee2        0xe C:\TMP\offline_asr_alg_pro_sample.elf.b891F8.ltrans1.ltrans.o
                0x000000001ff5aee2                decide_clear
 .text.asrbest_result_clear
                0x000000001ff5aef0       0x34 C:\TMP\offline_asr_alg_pro_sample.elf.b891F8.ltrans1.ltrans.o
                0x000000001ff5aef0                asrbest_result_clear
 .text.check_gb_cmd.part.0
                0x000000001ff5af24       0x3c C:\TMP\offline_asr_alg_pro_sample.elf.b891F8.ltrans1.ltrans.o
                0x000000001ff5af24                check_gb_cmd.part.0
 .text.get_g_asrtop_asrsys_clear_flag
                0x000000001ff5af60       0x1c C:\TMP\offline_asr_alg_pro_sample.elf.b891F8.ltrans1.ltrans.o
                0x000000001ff5af60                get_g_asrtop_asrsys_clear_flag
 .text.set_g_asrtop_asrsys_clear_flag
                0x000000001ff5af7c       0x1c C:\TMP\offline_asr_alg_pro_sample.elf.b891F8.ltrans1.ltrans.o
                0x000000001ff5af7c                set_g_asrtop_asrsys_clear_flag
 .text.IIC0_IRQHandler
                0x000000001ff5af98      0x26e C:\TMP\offline_asr_alg_pro_sample.elf.b891F8.ltrans1.ltrans.o
                0x000000001ff5af98                IIC0_IRQHandler
 .text.AON_PC_IRQHandler
                0x000000001ff5b206       0x12 C:\TMP\offline_asr_alg_pro_sample.elf.b891F8.ltrans1.ltrans.o
                0x000000001ff5b206                AON_PC_IRQHandler
 .text.PB_IRQHandler
                0x000000001ff5b218       0x12 C:\TMP\offline_asr_alg_pro_sample.elf.b891F8.ltrans1.ltrans.o
                0x000000001ff5b218                PB_IRQHandler
 .text.PA_IRQHandler
                0x000000001ff5b22a       0x12 C:\TMP\offline_asr_alg_pro_sample.elf.b891F8.ltrans1.ltrans.o
                0x000000001ff5b22a                PA_IRQHandler
 .text.check_curr_trap
                0x000000001ff5b23c        0xe C:\TMP\offline_asr_alg_pro_sample.elf.b891F8.ltrans1.ltrans.o
                0x000000001ff5b23c                check_curr_trap
 .text.send_msg_to_sys_task
                0x000000001ff5b24a       0x30 C:\TMP\offline_asr_alg_pro_sample.elf.b891F8.ltrans1.ltrans.o
 .text.uart_irq_handler
                0x000000001ff5b27a       0xb4 C:\TMP\offline_asr_alg_pro_sample.elf.b891F8.ltrans1.ltrans.o
 .text.exit_wakeup_timer_callback
                0x000000001ff5b32e       0x1e C:\TMP\offline_asr_alg_pro_sample.elf.b891F8.ltrans1.ltrans.o
 .text.eclic_set_irq_lvl_abs.lto_priv.0
                0x000000001ff5b34c       0x4a C:\TMP\offline_asr_alg_pro_sample.elf.b891F8.ltrans1.ltrans.o
                0x000000001ff5b34c                eclic_set_irq_lvl_abs.lto_priv.0
 .text.decoder_port_free
                0x000000001ff5b396       0x10 C:\TMP\offline_asr_alg_pro_sample.elf.b891F8.ltrans1.ltrans.o
                0x000000001ff5b396                decoder_port_free
 .text.decoder_release
                0x000000001ff5b3a6      0x158 C:\TMP\offline_asr_alg_pro_sample.elf.b891F8.ltrans1.ltrans.o
                0x000000001ff5b3a6                decoder_release
 .text.decoder_port_malloc
                0x000000001ff5b4fe       0x14 C:\TMP\offline_asr_alg_pro_sample.elf.b891F8.ltrans1.ltrans.o
                0x000000001ff5b4fe                decoder_port_malloc
 .text.codec_manage_inner_serve_cb
                0x000000001ff5b512       0xac C:\TMP\offline_asr_alg_pro_sample.elf.b891F8.ltrans1.ltrans.o
 .text.is_valid_cmd_handle
                0x000000001ff5b5be       0x1e C:\TMP\offline_asr_alg_pro_sample.elf.b891F8.ltrans1.ltrans.o
                0x000000001ff5b5be                is_valid_cmd_handle
 .text.ciss_set
                0x000000001ff5b5dc       0x16 C:\TMP\offline_asr_alg_pro_sample.elf.b891F8.ltrans1.ltrans.o
                0x000000001ff5b5dc                ciss_set
 .text.cached_flash_reader_read
                0x000000001ff5b5f2       0xa6 C:\TMP\offline_asr_alg_pro_sample.elf.b891F8.ltrans1.ltrans.o
                0x000000001ff5b5f2                cached_flash_reader_read
 .text._printf  0x000000001ff5b698       0x76 C:\TMP\offline_asr_alg_pro_sample.elf.b891F8.ltrans1.ltrans.o
                0x000000001ff5b698                _printf
 .text.decoder_rpmsg_serve_cb
                0x000000001ff5b70e      0x3dc C:\TMP\offline_asr_alg_pro_sample.elf.b891F8.ltrans1.ltrans.o
 .text.asr_top_outside_serve_cb
                0x000000001ff5baea       0x76 C:\TMP\offline_asr_alg_pro_sample.elf.b891F8.ltrans1.ltrans.o
 .text.play_exit_wakeup_done_cb
                0x000000001ff5bb60       0x2c C:\TMP\offline_asr_alg_pro_sample.elf.b891F8.ltrans1.ltrans.o
 .text.spk_verify_callback
                0x000000001ff5bb8c       0xcc C:\TMP\offline_asr_alg_pro_sample.elf.b891F8.ltrans1.ltrans.o
 .text.spk_enroll_callback
                0x000000001ff5bc58       0x34 C:\TMP\offline_asr_alg_pro_sample.elf.b891F8.ltrans1.ltrans.o
 .text.iis_wait_load_ctrl
                0x000000001ff5bc8c       0x38 C:\TMP\offline_asr_alg_pro_sample.elf.b891F8.ltrans1.ltrans.o
                0x000000001ff5bc8c                iis_wait_load_ctrl
 .text.IISxDMA_TADDR0.part.0
                0x000000001ff5bcc4       0x2c C:\TMP\offline_asr_alg_pro_sample.elf.b891F8.ltrans1.ltrans.o
 .text.IISDMA_ADDRRollBackINT.part.0
                0x000000001ff5bcf0       0x2c C:\TMP\offline_asr_alg_pro_sample.elf.b891F8.ltrans1.ltrans.o
                0x000000001ff5bcf0                IISDMA_ADDRRollBackINT.part.0
 .text.cm_input_interrupt_handler
                0x000000001ff5bd1c       0x74 C:\TMP\offline_asr_alg_pro_sample.elf.b891F8.ltrans1.ltrans.o
 .text.get_iis_dma_channel.lto_priv.0
                0x000000001ff5bd90       0x58 C:\TMP\offline_asr_alg_pro_sample.elf.b891F8.ltrans1.ltrans.o
                0x000000001ff5bd90                get_iis_dma_channel.lto_priv.0
 .text.cm_config_codec.part.0
                0x000000001ff5bde8      0x6a4 C:\TMP\offline_asr_alg_pro_sample.elf.b891F8.ltrans1.ltrans.o
 .text.init_iis.isra.0
                0x000000001ff5c48c       0x8a C:\TMP\offline_asr_alg_pro_sample.elf.b891F8.ltrans1.ltrans.o
 .text.asr_result_callback.part.0
                0x000000001ff5c516      0x12a C:\TMP\offline_asr_alg_pro_sample.elf.b891F8.ltrans1.ltrans.o
                0x000000001ff5c516                asr_result_callback.part.0
 .text.audio_play_prompt_config
                0x000000001ff5c640       0xac C:\TMP\offline_asr_alg_pro_sample.elf.b891F8.ltrans1.ltrans.o
 .text.audio_play_mp3_decode
                0x000000001ff5c6ec      0x110 C:\TMP\offline_asr_alg_pro_sample.elf.b891F8.ltrans1.ltrans.o
 .text.audio_play_mp3_init
                0x000000001ff5c7fc       0x2e C:\TMP\offline_asr_alg_pro_sample.elf.b891F8.ltrans1.ltrans.o
 .text.prvAddCurrentTaskToDelayedList.lto_priv.0
                0x000000001ff5c82a       0x70 C:\TMP\offline_asr_alg_pro_sample.elf.b891F8.ltrans1.ltrans.o
                0x000000001ff5c82a                prvAddCurrentTaskToDelayedList.lto_priv.0
 .text.xTaskGetSchedulerState
                0x000000001ff5c89a       0x14 C:\TMP\offline_asr_alg_pro_sample.elf.b891F8.ltrans1.ltrans.o
                0x000000001ff5c89a                xTaskGetSchedulerState
 .text.cinv_port_mutex_give
                0x000000001ff5c8ae       0x36 C:\TMP\offline_asr_alg_pro_sample.elf.b891F8.ltrans1.ltrans.o
 .text.xTaskCheckForTimeOut
                0x000000001ff5c8e4       0x64 C:\TMP\offline_asr_alg_pro_sample.elf.b891F8.ltrans1.ltrans.o
                0x000000001ff5c8e4                xTaskCheckForTimeOut
 .text.xTaskRemoveFromEventList
                0x000000001ff5c948       0x70 C:\TMP\offline_asr_alg_pro_sample.elf.b891F8.ltrans1.ltrans.o
                0x000000001ff5c948                xTaskRemoveFromEventList
 .text.audio_play_queue_reset
                0x000000001ff5c9b8       0x4c C:\TMP\offline_asr_alg_pro_sample.elf.b891F8.ltrans1.ltrans.o
 .text.vTaskPlaceOnEventList
                0x000000001ff5ca04       0x1c C:\TMP\offline_asr_alg_pro_sample.elf.b891F8.ltrans1.ltrans.o
                0x000000001ff5ca04                vTaskPlaceOnEventList
 .text.xTaskIncrementTick
                0x000000001ff5ca20       0xea C:\TMP\offline_asr_alg_pro_sample.elf.b891F8.ltrans1.ltrans.o
                0x000000001ff5ca20                xTaskIncrementTick
 .text.xTaskResumeAll
                0x000000001ff5cb0a       0xbe C:\TMP\offline_asr_alg_pro_sample.elf.b891F8.ltrans1.ltrans.o
                0x000000001ff5cb0a                xTaskResumeAll
 .text.vTaskSuspendAll
                0x000000001ff5cbc8        0xc C:\TMP\offline_asr_alg_pro_sample.elf.b891F8.ltrans1.ltrans.o
                0x000000001ff5cbc8                vTaskSuspendAll
 .text.vPortFree
                0x000000001ff5cbd4       0x4a C:\TMP\offline_asr_alg_pro_sample.elf.b891F8.ltrans1.ltrans.o
                0x000000001ff5cbd4                vPortFree
 .text.free_bak_data
                0x000000001ff5cc1e       0x26 C:\TMP\offline_asr_alg_pro_sample.elf.b891F8.ltrans1.ltrans.o
 .text.prvIdleTask
                0x000000001ff5cc44       0x60 C:\TMP\offline_asr_alg_pro_sample.elf.b891F8.ltrans1.ltrans.o
 .text.vQueueDelete
                0x000000001ff5cca4       0x38 C:\TMP\offline_asr_alg_pro_sample.elf.b891F8.ltrans1.ltrans.o
 .text.pvPortMalloc
                0x000000001ff5ccdc       0xf2 C:\TMP\offline_asr_alg_pro_sample.elf.b891F8.ltrans1.ltrans.o
                0x000000001ff5ccdc                pvPortMalloc
 .text.realloc_buffer
                0x000000001ff5cdce       0x3a C:\TMP\offline_asr_alg_pro_sample.elf.b891F8.ltrans1.ltrans.o
 .text.cmd_info_change_cur_model_group_inner.part.0
                0x000000001ff5ce08      0x114 C:\TMP\offline_asr_alg_pro_sample.elf.b891F8.ltrans1.ltrans.o
 .text.cmd_file_change_cur_model_group
                0x000000001ff5cf1c       0xac C:\TMP\offline_asr_alg_pro_sample.elf.b891F8.ltrans1.ltrans.o
 .text.get_file_table
                0x000000001ff5cfc8       0x4a C:\TMP\offline_asr_alg_pro_sample.elf.b891F8.ltrans1.ltrans.o
 .text.get_file_addr
                0x000000001ff5d012       0xaa C:\TMP\offline_asr_alg_pro_sample.elf.b891F8.ltrans1.ltrans.o
 .text.get_current_model_addr
                0x000000001ff5d0bc       0x8e C:\TMP\offline_asr_alg_pro_sample.elf.b891F8.ltrans1.ltrans.o
                0x000000001ff5d0bc                get_current_model_addr
 .text.flash_control_inner_serve_cb
                0x000000001ff5d14a       0x76 C:\TMP\offline_asr_alg_pro_sample.elf.b891F8.ltrans1.ltrans.o
 .text.prvListTasksWithinSingleList
                0x000000001ff5d1c0       0xca C:\TMP\offline_asr_alg_pro_sample.elf.b891F8.ltrans1.ltrans.o
 .text.vTaskDelay
                0x000000001ff5d28a       0x28 C:\TMP\offline_asr_alg_pro_sample.elf.b891F8.ltrans1.ltrans.o
                0x000000001ff5d28a                vTaskDelay
 .text.spk_door_close_task
                0x000000001ff5d2b2       0xa2 C:\TMP\offline_asr_alg_pro_sample.elf.b891F8.ltrans1.ltrans.o
 .text.pause_read_data
                0x000000001ff5d354       0x3c C:\TMP\offline_asr_alg_pro_sample.elf.b891F8.ltrans1.ltrans.o
 .text.prvUnlockQueue.lto_priv.0
                0x000000001ff5d390       0x7a C:\TMP\offline_asr_alg_pro_sample.elf.b891F8.ltrans1.ltrans.o
                0x000000001ff5d390                prvUnlockQueue.lto_priv.0
 .text.xQueuePeek
                0x000000001ff5d40a       0xe6 C:\TMP\offline_asr_alg_pro_sample.elf.b891F8.ltrans1.ltrans.o
 .text.prvCopyDataToQueue.lto_priv.0
                0x000000001ff5d4f0       0xc8 C:\TMP\offline_asr_alg_pro_sample.elf.b891F8.ltrans1.ltrans.o
                0x000000001ff5d4f0                prvCopyDataToQueue.lto_priv.0
 .text.xQueueReceiveFromISR
                0x000000001ff5d5b8       0x76 C:\TMP\offline_asr_alg_pro_sample.elf.b891F8.ltrans1.ltrans.o
                0x000000001ff5d5b8                xQueueReceiveFromISR
 .text.cm_output_interrupt_handler
                0x000000001ff5d62e      0x106 C:\TMP\offline_asr_alg_pro_sample.elf.b891F8.ltrans1.ltrans.o
 .text.IIS_DMA_IRQHandler
                0x000000001ff5d734      0x112 C:\TMP\offline_asr_alg_pro_sample.elf.b891F8.ltrans1.ltrans.o
                0x000000001ff5d734                IIS_DMA_IRQHandler
 .text.xQueueSemaphoreTake
                0x000000001ff5d846      0x20e C:\TMP\offline_asr_alg_pro_sample.elf.b891F8.ltrans1.ltrans.o
                0x000000001ff5d846                xQueueSemaphoreTake
 .text.resume_asr
                0x000000001ff5da54       0xb6 C:\TMP\offline_asr_alg_pro_sample.elf.b891F8.ltrans1.ltrans.o
                0x000000001ff5da54                resume_asr
 .text.cmd_info_change_cur_model_group.part.0
                0x000000001ff5db0a       0x6e C:\TMP\offline_asr_alg_pro_sample.elf.b891F8.ltrans1.ltrans.o
 .text.change_asr_normal_word
                0x000000001ff5db78       0x3a C:\TMP\offline_asr_alg_pro_sample.elf.b891F8.ltrans1.ltrans.o
 .text.cmd_info_is_wakeup_word
                0x000000001ff5dbb2       0x42 C:\TMP\offline_asr_alg_pro_sample.elf.b891F8.ltrans1.ltrans.o
                0x000000001ff5dbb2                cmd_info_is_wakeup_word
 .text.cmd_info_get_semantic_id
                0x000000001ff5dbf4       0x5a C:\TMP\offline_asr_alg_pro_sample.elf.b891F8.ltrans1.ltrans.o
                0x000000001ff5dbf4                cmd_info_get_semantic_id
 .text.cmd_info_get_command_id
                0x000000001ff5dc4e       0x52 C:\TMP\offline_asr_alg_pro_sample.elf.b891F8.ltrans1.ltrans.o
                0x000000001ff5dc4e                cmd_info_get_command_id
 .text.cmd_info_find_command_by_string
                0x000000001ff5dca0       0xac C:\TMP\offline_asr_alg_pro_sample.elf.b891F8.ltrans1.ltrans.o
                0x000000001ff5dca0                cmd_info_find_command_by_string
 .text.send_asrout.lto_priv.0
                0x000000001ff5dd4c      0x3f0 C:\TMP\offline_asr_alg_pro_sample.elf.b891F8.ltrans1.ltrans.o
                0x000000001ff5dd4c                send_asrout.lto_priv.0
 .text.check_is_wakeup
                0x000000001ff5e13c       0x1a C:\TMP\offline_asr_alg_pro_sample.elf.b891F8.ltrans1.ltrans.o
                0x000000001ff5e13c                check_is_wakeup
 .text.exit_wakeup_deal
                0x000000001ff5e156       0x68 C:\TMP\offline_asr_alg_pro_sample.elf.b891F8.ltrans1.ltrans.o
 .text.cinv_port_mutex_take
                0x000000001ff5e1be       0x32 C:\TMP\offline_asr_alg_pro_sample.elf.b891F8.ltrans1.ltrans.o
 .text.task_init
                0x000000001ff5e1f0     0x1534 C:\TMP\offline_asr_alg_pro_sample.elf.b891F8.ltrans1.ltrans.o
 .text.cinv_item_delete
                0x000000001ff5f724       0x5e C:\TMP\offline_asr_alg_pro_sample.elf.b891F8.ltrans1.ltrans.o
 .text.cinv_item_read
                0x000000001ff5f782       0xc4 C:\TMP\offline_asr_alg_pro_sample.elf.b891F8.ltrans1.ltrans.o
                0x000000001ff5f782                cinv_item_read
 .text.cinv_item_write
                0x000000001ff5f846       0x8a C:\TMP\offline_asr_alg_pro_sample.elf.b891F8.ltrans1.ltrans.o
 .text.vol_set  0x000000001ff5f8d0       0x5c C:\TMP\offline_asr_alg_pro_sample.elf.b891F8.ltrans1.ltrans.o
 .text.cinv_item_init
                0x000000001ff5f92c       0x62 C:\TMP\offline_asr_alg_pro_sample.elf.b891F8.ltrans1.ltrans.o
 .text.xQueueReceive
                0x000000001ff5f98e       0xe2 C:\TMP\offline_asr_alg_pro_sample.elf.b891F8.ltrans1.ltrans.o
                0x000000001ff5f98e                xQueueReceive
 .text.clear_decode_queuemsg
                0x000000001ff5fa70       0xde C:\TMP\offline_asr_alg_pro_sample.elf.b891F8.ltrans1.ltrans.o
                0x000000001ff5fa70                clear_decode_queuemsg
 .text.UserTaskManageProcess
                0x000000001ff5fb4e      0x5ae C:\TMP\offline_asr_alg_pro_sample.elf.b891F8.ltrans1.ltrans.o
 .text.spk_task
                0x000000001ff600fc      0x9a4 C:\TMP\offline_asr_alg_pro_sample.elf.b891F8.ltrans1.ltrans.o
 .text.cm_start_codec
                0x000000001ff60aa0      0x1e0 C:\TMP\offline_asr_alg_pro_sample.elf.b891F8.ltrans1.ltrans.o
 .text.audio_in_manage_inner_task
                0x000000001ff60c80      0x246 C:\TMP\offline_asr_alg_pro_sample.elf.b891F8.ltrans1.ltrans.o
 .text.clean_play_queue
                0x000000001ff60ec6       0x3a C:\TMP\offline_asr_alg_pro_sample.elf.b891F8.ltrans1.ltrans.o
 .text.pop_from_play_queue
                0x000000001ff60f00       0x2e C:\TMP\offline_asr_alg_pro_sample.elf.b891F8.ltrans1.ltrans.o
 .text.prompt_play_inner.isra.0.lto_priv.0
                0x000000001ff60f2e      0x26e C:\TMP\offline_asr_alg_pro_sample.elf.b891F8.ltrans1.ltrans.o
                0x000000001ff60f2e                prompt_play_inner.isra.0.lto_priv.0
 .text.combination_callback.lto_priv.0
                0x000000001ff6119c       0xc6 C:\TMP\offline_asr_alg_pro_sample.elf.b891F8.ltrans1.ltrans.o
                0x000000001ff6119c                combination_callback.lto_priv.0
 .text.task_get_play_data
                0x000000001ff61262      0x5a0 C:\TMP\offline_asr_alg_pro_sample.elf.b891F8.ltrans1.ltrans.o
 .text.finsh_read_data
                0x000000001ff61802       0x18 C:\TMP\offline_asr_alg_pro_sample.elf.b891F8.ltrans1.ltrans.o
 .text.audio_play_decode_continue
                0x000000001ff6181a      0x4b6 C:\TMP\offline_asr_alg_pro_sample.elf.b891F8.ltrans1.ltrans.o
 .text.task_audio_play
                0x000000001ff61cd0      0x5d4 C:\TMP\offline_asr_alg_pro_sample.elf.b891F8.ltrans1.ltrans.o
 .text.prvTimerTask
                0x000000001ff622a4      0x1a6 C:\TMP\offline_asr_alg_pro_sample.elf.b891F8.ltrans1.ltrans.o
 .text.xQueueGiveFromISR
                0x000000001ff6244a       0x64 C:\TMP\offline_asr_alg_pro_sample.elf.b891F8.ltrans2.ltrans.o
                0x000000001ff6244a                xQueueGiveFromISR
 .text.uxListRemove
                0x000000001ff624ae       0x20 C:\TMP\offline_asr_alg_pro_sample.elf.b891F8.ltrans2.ltrans.o
                0x000000001ff624ae                uxListRemove
 .text.vListInsert
                0x000000001ff624ce       0x2e C:\TMP\offline_asr_alg_pro_sample.elf.b891F8.ltrans2.ltrans.o
                0x000000001ff624ce                vListInsert
 .text.vListInsertEnd
                0x000000001ff624fc       0x18 C:\TMP\offline_asr_alg_pro_sample.elf.b891F8.ltrans2.ltrans.o
                0x000000001ff624fc                vListInsertEnd
 .text.vListInitialise
                0x000000001ff62514       0x14 C:\TMP\offline_asr_alg_pro_sample.elf.b891F8.ltrans2.ltrans.o
                0x000000001ff62514                vListInitialise
 .text.xQueueGenericCreate
                0x000000001ff62528       0x74 C:\TMP\offline_asr_alg_pro_sample.elf.b891F8.ltrans2.ltrans.o
                0x000000001ff62528                xQueueGenericCreate
 .text.xEventGroupCreate
                0x000000001ff6259c       0x1e C:\TMP\offline_asr_alg_pro_sample.elf.b891F8.ltrans2.ltrans.o
                0x000000001ff6259c                xEventGroupCreate
 .text.get_src_clk
                0x000000001ff625ba        0xc C:\TMP\offline_asr_alg_pro_sample.elf.b891F8.ltrans2.ltrans.o
                0x000000001ff625ba                get_src_clk
 .text.init_irq_pri
                0x000000001ff625c6       0x22 C:\TMP\offline_asr_alg_pro_sample.elf.b891F8.ltrans2.ltrans.o
                0x000000001ff625c6                init_irq_pri
 .text._delay_10us_240M
                0x000000001ff625e8       0x2e C:\TMP\offline_asr_alg_pro_sample.elf.b891F8.ltrans2.ltrans.o
                0x000000001ff625e8                _delay_10us_240M
 .text.AON_TIM_INT1_IRQHandler
                0x000000001ff62616        0x2 C:\TMP\offline_asr_alg_pro_sample.elf.b891F8.ltrans2.ltrans.o
                0x000000001ff62616                AON_TIM_INT1_IRQHandler
 .text.IWDG_IRQHandler
                0x000000001ff62618        0x2 C:\TMP\offline_asr_alg_pro_sample.elf.b891F8.ltrans2.ltrans.o
                0x000000001ff62618                IWDG_IRQHandler
 .text.AON_TIM_INT0_IRQHandler
                0x000000001ff6261a        0x2 C:\TMP\offline_asr_alg_pro_sample.elf.b891F8.ltrans2.ltrans.o
                0x000000001ff6261a                AON_TIM_INT0_IRQHandler
 .text.EXT1_IRQHandler
                0x000000001ff6261c        0x2 C:\TMP\offline_asr_alg_pro_sample.elf.b891F8.ltrans2.ltrans.o
                0x000000001ff6261c                EXT1_IRQHandler
 .text.EXT0_IRQHandler
                0x000000001ff6261e        0x2 C:\TMP\offline_asr_alg_pro_sample.elf.b891F8.ltrans2.ltrans.o
                0x000000001ff6261e                EXT0_IRQHandler
 .text.VDT_IRQHandler
                0x000000001ff62620        0x2 C:\TMP\offline_asr_alg_pro_sample.elf.b891F8.ltrans2.ltrans.o
                0x000000001ff62620                VDT_IRQHandler
 .text.V11_OK_IRQHandler
                0x000000001ff62622        0x2 C:\TMP\offline_asr_alg_pro_sample.elf.b891F8.ltrans2.ltrans.o
                0x000000001ff62622                V11_OK_IRQHandler
 .text.DTR_IRQHandler
                0x000000001ff62624        0x2 C:\TMP\offline_asr_alg_pro_sample.elf.b891F8.ltrans2.ltrans.o
                0x000000001ff62624                DTR_IRQHandler
 .text.PDM_IRQHandler
                0x000000001ff62626        0x2 C:\TMP\offline_asr_alg_pro_sample.elf.b891F8.ltrans2.ltrans.o
                0x000000001ff62626                PDM_IRQHandler
 .text.ALC_IRQHandler
                0x000000001ff62628        0x2 C:\TMP\offline_asr_alg_pro_sample.elf.b891F8.ltrans2.ltrans.o
                0x000000001ff62628                ALC_IRQHandler
 .text.IIS2_IRQHandler
                0x000000001ff6262a        0x2 C:\TMP\offline_asr_alg_pro_sample.elf.b891F8.ltrans2.ltrans.o
                0x000000001ff6262a                IIS2_IRQHandler
 .text.IIS1_IRQHandler
                0x000000001ff6262c        0x2 C:\TMP\offline_asr_alg_pro_sample.elf.b891F8.ltrans2.ltrans.o
                0x000000001ff6262c                IIS1_IRQHandler
 .text.IIS0_IRQHandler
                0x000000001ff6262e        0x2 C:\TMP\offline_asr_alg_pro_sample.elf.b891F8.ltrans2.ltrans.o
                0x000000001ff6262e                IIS0_IRQHandler
 .text.UART2_IRQHandler
                0x000000001ff62630        0x2 C:\TMP\offline_asr_alg_pro_sample.elf.b891F8.ltrans2.ltrans.o
                0x000000001ff62630                UART2_IRQHandler
 .text.UART1_IRQHandler
                0x000000001ff62632        0x2 C:\TMP\offline_asr_alg_pro_sample.elf.b891F8.ltrans2.ltrans.o
                0x000000001ff62632                UART1_IRQHandler
 .text.UART0_IRQHandler
                0x000000001ff62634        0x2 C:\TMP\offline_asr_alg_pro_sample.elf.b891F8.ltrans2.ltrans.o
                0x000000001ff62634                UART0_IRQHandler
 .text.TIMER3_IRQHandler
                0x000000001ff62636        0x2 C:\TMP\offline_asr_alg_pro_sample.elf.b891F8.ltrans2.ltrans.o
                0x000000001ff62636                TIMER3_IRQHandler
 .text.TIMER2_IRQHandler
                0x000000001ff62638        0x2 C:\TMP\offline_asr_alg_pro_sample.elf.b891F8.ltrans2.ltrans.o
                0x000000001ff62638                TIMER2_IRQHandler
 .text.TIMER1_IRQHandler
                0x000000001ff6263a        0x2 C:\TMP\offline_asr_alg_pro_sample.elf.b891F8.ltrans2.ltrans.o
                0x000000001ff6263a                TIMER1_IRQHandler
 .text.TIMER0_IRQHandler
                0x000000001ff6263c        0x2 C:\TMP\offline_asr_alg_pro_sample.elf.b891F8.ltrans2.ltrans.o
                0x000000001ff6263c                TIMER0_IRQHandler
 .text.DMA_IRQHandler
                0x000000001ff6263e       0x2a C:\TMP\offline_asr_alg_pro_sample.elf.b891F8.ltrans2.ltrans.o
                0x000000001ff6263e                DMA_IRQHandler
 .text.ADC_IRQHandler
                0x000000001ff62668        0x2 C:\TMP\offline_asr_alg_pro_sample.elf.b891F8.ltrans2.ltrans.o
                0x000000001ff62668                ADC_IRQHandler
 .text.NPU_IRQHandler
                0x000000001ff6266a        0x2 C:\TMP\offline_asr_alg_pro_sample.elf.b891F8.ltrans2.ltrans.o
                0x000000001ff6266a                NPU_IRQHandler
 .text.SCU_IRQHandler
                0x000000001ff6266c        0x2 C:\TMP\offline_asr_alg_pro_sample.elf.b891F8.ltrans2.ltrans.o
                0x000000001ff6266c                SCU_IRQHandler
 .text.TWDG_IRQHandler
                0x000000001ff6266e        0x2 C:\TMP\offline_asr_alg_pro_sample.elf.b891F8.ltrans2.ltrans.o
                0x000000001ff6266e                TWDG_IRQHandler
 .text._fini    0x000000001ff62670        0x2 C:\TMP\offline_asr_alg_pro_sample.elf.b891F8.ltrans2.ltrans.o
                0x000000001ff62670                _fini
 .text._init    0x000000001ff62672       0xc0 C:\TMP\offline_asr_alg_pro_sample.elf.b891F8.ltrans2.ltrans.o
                0x000000001ff62672                _init
 .text.xQueueGenericSend
                0x000000001ff62732       0xee C:\TMP\offline_asr_alg_pro_sample.elf.b891F8.ltrans2.ltrans.o
                0x000000001ff62732                xQueueGenericSend
 .text.xEventGroupSetBits
                0x000000001ff62820       0xbc C:\TMP\offline_asr_alg_pro_sample.elf.b891F8.ltrans2.ltrans.o
                0x000000001ff62820                xEventGroupSetBits
 .text.vEventGroupSetBitsCallback
                0x000000001ff628dc        0xc C:\TMP\offline_asr_alg_pro_sample.elf.b891F8.ltrans2.ltrans.o
                0x000000001ff628dc                vEventGroupSetBitsCallback
 .text.xEventGroupWaitBits
                0x000000001ff628e8       0xd0 C:\TMP\offline_asr_alg_pro_sample.elf.b891F8.ltrans2.ltrans.o
                0x000000001ff628e8                xEventGroupWaitBits
 .text.handle_trap
                0x000000001ff629b8      0x118 C:\TMP\offline_asr_alg_pro_sample.elf.b891F8.ltrans2.ltrans.o
                0x000000001ff629b8                handle_trap
 .text.sbrk     0x000000001ff62ad0       0x6e ../../../libs\libnewlib_port.a(sbrk.o)
                0x000000001ff62ad0                sbrk
 .text.get_heap_bytes_remaining_size
                0x000000001ff62b3e        0x6 ../../../libs\libnewlib_port.a(sbrk.o)
                0x000000001ff62b3e                get_heap_bytes_remaining_size
 .text.__malloc_lock
                0x000000001ff62b44        0xc ../../../libs\libnewlib_port.a(sbrk.o)
                0x000000001ff62b44                __malloc_lock
 .text.__malloc_unlock
                0x000000001ff62b50        0xc ../../../libs\libnewlib_port.a(sbrk.o)
                0x000000001ff62b50                __malloc_unlock
 .text.__wrap_memcmp
                0x000000001ff62b5c       0x10 ../../../libs\libnewlib_port.a(sbrk.o)
                0x000000001ff62b5c                __wrap_memcmp
 .text.__wrap_memcpy
                0x000000001ff62b6c       0x10 ../../../libs\libnewlib_port.a(sbrk.o)
                0x000000001ff62b6c                __wrap_memcpy
 .text.__wrap_memmove
                0x000000001ff62b7c       0x10 ../../../libs\libnewlib_port.a(sbrk.o)
                0x000000001ff62b7c                __wrap_memmove
 .text.__wrap_memset
                0x000000001ff62b8c       0x10 ../../../libs\libnewlib_port.a(sbrk.o)
                0x000000001ff62b8c                __wrap_memset
 .text.__wrap_strcat
                0x000000001ff62b9c       0x10 ../../../libs\libnewlib_port.a(sbrk.o)
                0x000000001ff62b9c                __wrap_strcat
 .text.__wrap_strcmp
                0x000000001ff62bac       0x10 ../../../libs\libnewlib_port.a(sbrk.o)
                0x000000001ff62bac                __wrap_strcmp
 .text.__wrap_strcpy
                0x000000001ff62bbc       0x10 ../../../libs\libnewlib_port.a(sbrk.o)
                0x000000001ff62bbc                __wrap_strcpy
 .text.__wrap_strlen
                0x000000001ff62bcc       0x10 ../../../libs\libnewlib_port.a(sbrk.o)
                0x000000001ff62bcc                __wrap_strlen
 .text.__wrap_strncmp
                0x000000001ff62bdc        0xe ../../../libs\libnewlib_port.a(sbrk.o)
                0x000000001ff62bdc                __wrap_strncmp
 .text.__wrap_strncpy
                0x000000001ff62bea        0xe ../../../libs\libnewlib_port.a(sbrk.o)
                0x000000001ff62bea                __wrap_strncpy
 .text.__wrap_strstr
                0x000000001ff62bf8        0xe ../../../libs\libnewlib_port.a(sbrk.o)
                0x000000001ff62bf8                __wrap_strstr
 .text.__wrap_malloc
                0x000000001ff62c06       0x10 ../../../libs\libnewlib_port.a(sbrk.o)
                0x000000001ff62c06                __wrap_malloc
 .text.__wrap_free
                0x000000001ff62c16       0x10 ../../../libs\libnewlib_port.a(sbrk.o)
                0x000000001ff62c16                __wrap_free
 .text.__wrap_cosf
                0x000000001ff62c26       0x10 ../../../libs\libnewlib_port.a(sbrk.o)
                0x000000001ff62c26                __wrap_cosf
 .text.__wrap_sinf
                0x000000001ff62c36       0x10 ../../../libs\libnewlib_port.a(sbrk.o)
                0x000000001ff62c36                __wrap_sinf
 .text.__wrap_sqrtf
                0x000000001ff62c46       0x10 ../../../libs\libnewlib_port.a(sbrk.o)
                0x000000001ff62c46                __wrap_sqrtf
 .text.__wrap_fabsf
                0x000000001ff62c56       0x10 ../../../libs\libnewlib_port.a(sbrk.o)
                0x000000001ff62c56                __wrap_fabsf
 .text.__wrap_logf
                0x000000001ff62c66       0x10 ../../../libs\libnewlib_port.a(sbrk.o)
                0x000000001ff62c66                __wrap_logf
 *fill*         0x000000001ff62c76        0xa 
 .text.entry    0x000000001ff62c80      0x5f4 ../../../libs\libfreertos_port.a(portasm.o)
                0x000000001ff62c80                trap_entry
                0x000000001ff62d70                irq_entry
                0x000000001ff62ee4                eclic_mtip_handler
                0x000000001ff62fa4                eclic_msip_handler
                0x000000001ff63080                vPortYield_from_ulSynchTrap
                0x000000001ff630c0                vPortYield
                0x000000001ff631f0                xPortStartScheduler
                0x000000001ff63260                vPortEndScheduler
 .text          0x000000001ff63274       0x60 d:/software/yuyin/qiqiyinqiluntai/riscv-nuclei-elf-gcc-9.2.0.0/gcc_fix_raissrc/bin/../lib/gcc/riscv-nuclei-elf/9.2.0/rv32imafc/ilp32f\libgcc.a(save-restore.o)
                0x000000001ff63274                __riscv_save_12
                0x000000001ff6327c                __riscv_save_11
                0x000000001ff6327c                __riscv_save_8
                0x000000001ff6327c                __riscv_save_9
                0x000000001ff6327c                __riscv_save_10
                0x000000001ff6328a                __riscv_save_4
                0x000000001ff6328a                __riscv_save_5
                0x000000001ff6328a                __riscv_save_6
                0x000000001ff6328a                __riscv_save_7
                0x000000001ff632a4                __riscv_save_1
                0x000000001ff632a4                __riscv_save_2
                0x000000001ff632a4                __riscv_save_0
                0x000000001ff632a4                __riscv_save_3
                0x000000001ff632b0                __riscv_restore_12
                0x000000001ff632b4                __riscv_restore_11
                0x000000001ff632b4                __riscv_restore_8
                0x000000001ff632b4                __riscv_restore_10
                0x000000001ff632b4                __riscv_restore_9
                0x000000001ff632be                __riscv_restore_6
                0x000000001ff632be                __riscv_restore_5
                0x000000001ff632be                __riscv_restore_4
                0x000000001ff632be                __riscv_restore_7
                0x000000001ff632c8                __riscv_restore_2
                0x000000001ff632c8                __riscv_restore_0
                0x000000001ff632c8                __riscv_restore_1
                0x000000001ff632c8                __riscv_restore_3
 .text          0x000000001ff632d4      0x3a8 d:/software/yuyin/qiqiyinqiluntai/riscv-nuclei-elf-gcc-9.2.0.0/gcc_fix_raissrc/bin/../lib/gcc/riscv-nuclei-elf/9.2.0/rv32imafc/ilp32f\libgcc.a(_divdi3.o)
                0x000000001ff632d4                __divdi3
 .text          0x000000001ff6367c      0x694 d:/software/yuyin/qiqiyinqiluntai/riscv-nuclei-elf-gcc-9.2.0.0/gcc_fix_raissrc/bin/../lib/gcc/riscv-nuclei-elf/9.2.0/rv32imafc/ilp32f\libgcc.a(divdf3.o)
                0x000000001ff6367c                __divdf3
 .text          0x000000001ff63d10      0x5a0 d:/software/yuyin/qiqiyinqiluntai/riscv-nuclei-elf-gcc-9.2.0.0/gcc_fix_raissrc/bin/../lib/gcc/riscv-nuclei-elf/9.2.0/rv32imafc/ilp32f\libgcc.a(muldf3.o)
                0x000000001ff63d10                __muldf3
 .text          0x000000001ff642b0       0x68 d:/software/yuyin/qiqiyinqiluntai/riscv-nuclei-elf-gcc-9.2.0.0/gcc_fix_raissrc/bin/../lib/gcc/riscv-nuclei-elf/9.2.0/rv32imafc/ilp32f\libgcc.a(floatsidf.o)
                0x000000001ff642b0                __floatsidf
 .text          0x000000001ff64318       0xbc d:/software/yuyin/qiqiyinqiluntai/riscv-nuclei-elf-gcc-9.2.0.0/gcc_fix_raissrc/bin/../lib/gcc/riscv-nuclei-elf/9.2.0/rv32imafc/ilp32f\libgcc.a(extendsfdf2.o)
                0x000000001ff64318                __extendsfdf2
 .text          0x000000001ff643d4      0x20e d:/software/yuyin/qiqiyinqiluntai/riscv-nuclei-elf-gcc-9.2.0.0/gcc_fix_raissrc/bin/../lib/gcc/riscv-nuclei-elf/9.2.0/rv32imafc/ilp32f\libgcc.a(truncdfsf2.o)
                0x000000001ff643d4                __truncdfsf2
 .text          0x000000001ff645e2       0x3c d:/software/yuyin/qiqiyinqiluntai/riscv-nuclei-elf-gcc-9.2.0.0/gcc_fix_raissrc/bin/../lib/gcc/riscv-nuclei-elf/9.2.0/rv32imafc/ilp32f\libgcc.a(_clzsi2.o)
                0x000000001ff645e2                __clzsi2
 .text.atexit   0x000000001ff6461e        0xa d:/software/yuyin/qiqiyinqiluntai/riscv-nuclei-elf-gcc-9.2.0.0/gcc_fix_raissrc/bin/../lib/gcc/riscv-nuclei-elf/9.2.0/../../../../riscv-nuclei-elf/lib/rv32imafc/ilp32f\libg_nano.a(lib_a-atexit.o)
                0x000000001ff6461e                atexit
 .text.exit     0x000000001ff64628       0x24 d:/software/yuyin/qiqiyinqiluntai/riscv-nuclei-elf-gcc-9.2.0.0/gcc_fix_raissrc/bin/../lib/gcc/riscv-nuclei-elf/9.2.0/../../../../riscv-nuclei-elf/lib/rv32imafc/ilp32f\libg_nano.a(lib_a-exit.o)
                0x000000001ff64628                exit
 .text.__libc_fini_array
                0x000000001ff6464c       0x3a d:/software/yuyin/qiqiyinqiluntai/riscv-nuclei-elf-gcc-9.2.0.0/gcc_fix_raissrc/bin/../lib/gcc/riscv-nuclei-elf/9.2.0/../../../../riscv-nuclei-elf/lib/rv32imafc/ilp32f\libg_nano.a(lib_a-fini.o)
                0x000000001ff6464c                __libc_fini_array
 .text.__libc_init_array
                0x000000001ff64686       0x6e d:/software/yuyin/qiqiyinqiluntai/riscv-nuclei-elf-gcc-9.2.0.0/gcc_fix_raissrc/bin/../lib/gcc/riscv-nuclei-elf/9.2.0/../../../../riscv-nuclei-elf/lib/rv32imafc/ilp32f\libg_nano.a(lib_a-init.o)
                0x000000001ff64686                __libc_init_array
 .text.rand     0x000000001ff646f4       0x86 d:/software/yuyin/qiqiyinqiluntai/riscv-nuclei-elf-gcc-9.2.0.0/gcc_fix_raissrc/bin/../lib/gcc/riscv-nuclei-elf/9.2.0/../../../../riscv-nuclei-elf/lib/rv32imafc/ilp32f\libg_nano.a(lib_a-rand.o)
                0x000000001ff646f4                rand
 .text.strtok   0x000000001ff6477a       0x7c d:/software/yuyin/qiqiyinqiluntai/riscv-nuclei-elf-gcc-9.2.0.0/gcc_fix_raissrc/bin/../lib/gcc/riscv-nuclei-elf/9.2.0/../../../../riscv-nuclei-elf/lib/rv32imafc/ilp32f\libg_nano.a(lib_a-strtok.o)
                0x000000001ff6477a                strtok
 .text.__strtok_r
                0x000000001ff647f6       0x5c d:/software/yuyin/qiqiyinqiluntai/riscv-nuclei-elf-gcc-9.2.0.0/gcc_fix_raissrc/bin/../lib/gcc/riscv-nuclei-elf/9.2.0/../../../../riscv-nuclei-elf/lib/rv32imafc/ilp32f\libg_nano.a(lib_a-strtok_r.o)
                0x000000001ff647f6                __strtok_r
 .text.__register_exitproc
                0x000000001ff64852       0x7c d:/software/yuyin/qiqiyinqiluntai/riscv-nuclei-elf-gcc-9.2.0.0/gcc_fix_raissrc/bin/../lib/gcc/riscv-nuclei-elf/9.2.0/../../../../riscv-nuclei-elf/lib/rv32imafc/ilp32f\libg_nano.a(lib_a-__atexit.o)
                0x000000001ff64852                __register_exitproc
 .text.__call_exitprocs
                0x000000001ff648ce       0xc4 d:/software/yuyin/qiqiyinqiluntai/riscv-nuclei-elf-gcc-9.2.0.0/gcc_fix_raissrc/bin/../lib/gcc/riscv-nuclei-elf/9.2.0/../../../../riscv-nuclei-elf/lib/rv32imafc/ilp32f\libg_nano.a(lib_a-__call_atexit.o)
                0x000000001ff648ce                __call_exitprocs
 .text.strchr   0x000000001ff64992       0x1a d:/software/yuyin/qiqiyinqiluntai/riscv-nuclei-elf-gcc-9.2.0.0/gcc_fix_raissrc/bin/../lib/gcc/riscv-nuclei-elf/9.2.0/../../../../riscv-nuclei-elf/lib/rv32imafc/ilp32f\libg_nano.a(lib_a-strchr.o)
                0x000000001ff64992                strchr
 .text._exit    0x000000001ff649ac       0x2a d:/software/yuyin/qiqiyinqiluntai/riscv-nuclei-elf-gcc-9.2.0.0/gcc_fix_raissrc/bin/../lib/gcc/riscv-nuclei-elf/9.2.0/../../../../riscv-nuclei-elf/lib/rv32imafc/ilp32f\libgloss_nano.a(sys_exit.o)
                0x000000001ff649ac                _exit
 .text.__errno  0x000000001ff649d6        0x6 d:/software/yuyin/qiqiyinqiluntai/riscv-nuclei-elf-gcc-9.2.0.0/gcc_fix_raissrc/bin/../lib/gcc/riscv-nuclei-elf/9.2.0/../../../../riscv-nuclei-elf/lib/rv32imafc/ilp32f\libc_nano.a(lib_a-errno.o)
                0x000000001ff649d6                __errno
 .text          0x000000001ff649dc      0x31c d:/software/yuyin/qiqiyinqiluntai/riscv-nuclei-elf-gcc-9.2.0.0/gcc_fix_raissrc/bin/../lib/gcc/riscv-nuclei-elf/9.2.0/../../../../riscv-nuclei-elf/lib/rv32imafc/ilp32f\libm.a(lib_a-wf_pow.o)
                0x000000001ff649dc                powf
 .text          0x000000001ff64cf8      0x64e d:/software/yuyin/qiqiyinqiluntai/riscv-nuclei-elf-gcc-9.2.0.0/gcc_fix_raissrc/bin/../lib/gcc/riscv-nuclei-elf/9.2.0/../../../../riscv-nuclei-elf/lib/rv32imafc/ilp32f\libm.a(lib_a-ef_pow.o)
                0x000000001ff64cf8                __ieee754_powf
 .text          0x000000001ff65346       0xc6 d:/software/yuyin/qiqiyinqiluntai/riscv-nuclei-elf-gcc-9.2.0.0/gcc_fix_raissrc/bin/../lib/gcc/riscv-nuclei-elf/9.2.0/../../../../riscv-nuclei-elf/lib/rv32imafc/ilp32f\libm.a(lib_a-ef_sqrt.o)
                0x000000001ff65346                __ieee754_sqrtf
 .text          0x000000001ff6540c       0x12 d:/software/yuyin/qiqiyinqiluntai/riscv-nuclei-elf-gcc-9.2.0.0/gcc_fix_raissrc/bin/../lib/gcc/riscv-nuclei-elf/9.2.0/../../../../riscv-nuclei-elf/lib/rv32imafc/ilp32f\libm.a(lib_a-sf_finite.o)
                0x000000001ff6540c                finitef
 .text          0x000000001ff6541e        0xa d:/software/yuyin/qiqiyinqiluntai/riscv-nuclei-elf-gcc-9.2.0.0/gcc_fix_raissrc/bin/../lib/gcc/riscv-nuclei-elf/9.2.0/../../../../riscv-nuclei-elf/lib/rv32imafc/ilp32f\libm.a(lib_a-sf_nan.o)
                0x000000001ff6541e                nanf
 .text          0x000000001ff65428       0xd2 d:/software/yuyin/qiqiyinqiluntai/riscv-nuclei-elf-gcc-9.2.0.0/gcc_fix_raissrc/bin/../lib/gcc/riscv-nuclei-elf/9.2.0/../../../../riscv-nuclei-elf/lib/rv32imafc/ilp32f\libm.a(lib_a-sf_rint.o)
                0x000000001ff65428                rintf
 .text          0x000000001ff654fa       0xfe d:/software/yuyin/qiqiyinqiluntai/riscv-nuclei-elf-gcc-9.2.0.0/gcc_fix_raissrc/bin/../lib/gcc/riscv-nuclei-elf/9.2.0/../../../../riscv-nuclei-elf/lib/rv32imafc/ilp32f\libm.a(lib_a-sf_scalbn.o)
                0x000000001ff654fa                scalbnf
 .text          0x000000001ff655f8        0x4 d:/software/yuyin/qiqiyinqiluntai/riscv-nuclei-elf-gcc-9.2.0.0/gcc_fix_raissrc/bin/../lib/gcc/riscv-nuclei-elf/9.2.0/../../../../riscv-nuclei-elf/lib/rv32imafc/ilp32f\libm.a(lib_a-s_matherr.o)
                0x000000001ff655f8                matherr
 .text          0x000000001ff655fc       0x1c d:/software/yuyin/qiqiyinqiluntai/riscv-nuclei-elf-gcc-9.2.0.0/gcc_fix_raissrc/bin/../lib/gcc/riscv-nuclei-elf/9.2.0/../../../../riscv-nuclei-elf/lib/rv32imafc/ilp32f\libm.a(lib_a-sf_copysign.o)
                0x000000001ff655fc                copysignf
 *(.gnu.linkonce.t.*)

.fini
 *(SORT_NONE(.fini))
                0x000000001ff65618                . = ALIGN (0x4)
                [!provide]                        PROVIDE (__etext = .)
                [!provide]                        PROVIDE (_etext = .)
                [!provide]                        PROVIDE (etext = .)
                0x000000001ff65618                PROVIDE (_eilm = .)

.preinit_array  0x000000001ff65618        0x0
                0x000000001ff65618                PROVIDE (__preinit_array_start = .)
 *(.preinit_array)
                0x000000001ff65618                PROVIDE (__preinit_array_end = .)

.init_array     0x000000001ff65618        0x0
                0x000000001ff65618                PROVIDE (__init_array_start = .)
 *(SORT_BY_INIT_PRIORITY(.init_array.*) SORT_BY_INIT_PRIORITY(.ctors.*))
 *(.init_array EXCLUDE_FILE(*crtend?.o *crtend.o *crtbegin?.o *crtbegin.o) .ctors)
                0x000000001ff65618                PROVIDE (__init_array_end = .)

.fini_array     0x000000001ff65618        0x0
                0x000000001ff65618                PROVIDE (__fini_array_start = .)
 *(SORT_BY_INIT_PRIORITY(.fini_array.*) SORT_BY_INIT_PRIORITY(.dtors.*))
 *(.fini_array EXCLUDE_FILE(*crtend?.o *crtend.o *crtbegin?.o *crtbegin.o) .dtors)
                0x000000001ff65618                PROVIDE (__fini_array_end = .)

.ctors
 *crtbegin.o(.ctors)
 *crtbegin?.o(.ctors)
 *(EXCLUDE_FILE(*crtend?.o *crtend.o) .ctors)
 *(SORT_BY_NAME(.ctors.*))
 *(.ctors)

.dtors
 *crtbegin.o(.dtors)
 *crtbegin?.o(.dtors)
 *(EXCLUDE_FILE(*crtend?.o *crtend.o) .dtors)
 *(SORT_BY_NAME(.dtors.*))
 *(.dtors)

.ro_data        0x000000001ff65618     0x1e1c
 *(.rdata)
 *(.rodata .rodata.*)
 .rodata.CI0057.str1.4
                0x000000001ff65618        0x2 C:\TMP\offline_asr_alg_pro_sample.elf.b891F8.ltrans0.ltrans.o
 *fill*         0x000000001ff6561a        0x2 
 .rodata.pause_audio_play_prompt.constprop.0.str1.4
                0x000000001ff6561c        0x7 C:\TMP\offline_asr_alg_pro_sample.elf.b891F8.ltrans0.ltrans.o
 *fill*         0x000000001ff65623        0x1 
 .rodata.CI0154.lto_priv.0.str1.4
                0x000000001ff65624        0xd C:\TMP\offline_asr_alg_pro_sample.elf.b891F8.ltrans0.ltrans.o
 *fill*         0x000000001ff65631        0x3 
 .rodata.asrGetCmdWordsAndScore.constprop.0.str1.4
                0x000000001ff65634        0x4 C:\TMP\offline_asr_alg_pro_sample.elf.b891F8.ltrans0.ltrans.o
 .rodata.cm_get_pcm_buffer.constprop.0.str1.4
                0x000000001ff65638       0x8b C:\TMP\offline_asr_alg_pro_sample.elf.b891F8.ltrans0.ltrans.o
 *fill*         0x000000001ff656c3        0x1 
 .rodata.cm_write_codec.constprop.0.str1.4
                0x000000001ff656c4       0x12 C:\TMP\offline_asr_alg_pro_sample.elf.b891F8.ltrans0.ltrans.o
 *fill*         0x000000001ff656d6        0x2 
 .rodata.IISDMA_ChannelIntENConfig.constprop.0.str1.4
                0x000000001ff656d8       0x1b C:\TMP\offline_asr_alg_pro_sample.elf.b891F8.ltrans0.ltrans.o
                                         0x1f (size before relaxing)
 *fill*         0x000000001ff656f3        0x1 
 .rodata.rc_callee_alg_aes_addr.str1.4
                0x000000001ff656f4       0x1d C:\TMP\offline_asr_alg_pro_sample.elf.b891F8.ltrans0.ltrans.o
 *fill*         0x000000001ff65711        0x3 
 .rodata.rc_callee_alg_aes_type_tip.str1.4
                0x000000001ff65714       0x68 C:\TMP\offline_asr_alg_pro_sample.elf.b891F8.ltrans0.ltrans.o
 .rodata.rc_callee_print_bnpu_err_type_in_host.str1.4
                0x000000001ff6577c       0x2e C:\TMP\offline_asr_alg_pro_sample.elf.b891F8.ltrans0.ltrans.o
 *fill*         0x000000001ff657aa        0x2 
 .rodata.rc_callee_audio_deal_one_frm_callback.str1.4
                0x000000001ff657ac       0x1f C:\TMP\offline_asr_alg_pro_sample.elf.b891F8.ltrans0.ltrans.o
 *fill*         0x000000001ff657cb        0x1 
 .rodata.rc_callee_free_in_host.str1.4
                0x000000001ff657cc       0x12 C:\TMP\offline_asr_alg_pro_sample.elf.b891F8.ltrans0.ltrans.o
                                         0x16 (size before relaxing)
 *fill*         0x000000001ff657de        0x2 
 .rodata.mailbox_send_msg.str1.4
                0x000000001ff657e0       0x27 C:\TMP\offline_asr_alg_pro_sample.elf.b891F8.ltrans0.ltrans.o
 *fill*         0x000000001ff65807        0x1 
 .rodata.nuclear_com_send.constprop.0.str1.4
                0x000000001ff65808        0xe C:\TMP\offline_asr_alg_pro_sample.elf.b891F8.ltrans0.ltrans.o
 *fill*         0x000000001ff65816        0x2 
 .rodata.asrtop_asr_system_create_model.constprop.0.str1.4
                0x000000001ff65818       0x2a C:\TMP\offline_asr_alg_pro_sample.elf.b891F8.ltrans0.ltrans.o
 *fill*         0x000000001ff65842        0x2 
 .rodata.pause_asr.constprop.0.str1.4
                0x000000001ff65844       0x36 C:\TMP\offline_asr_alg_pro_sample.elf.b891F8.ltrans0.ltrans.o
 *fill*         0x000000001ff6587a        0x2 
 .rodata.prompt_play_by_cmd_handle.constprop.0.str1.4
                0x000000001ff6587c       0x40 C:\TMP\offline_asr_alg_pro_sample.elf.b891F8.ltrans0.ltrans.o
 .rodata.nuclear_com_irq_handler.str1.4
                0x000000001ff658bc       0x20 C:\TMP\offline_asr_alg_pro_sample.elf.b891F8.ltrans0.ltrans.o
 .rodata.nlp_callback.str1.4
                0x000000001ff658dc       0x18 C:\TMP\offline_asr_alg_pro_sample.elf.b891F8.ltrans0.ltrans.o
 .rodata.ci_sprintf.str1.4
                0x000000001ff658f4       0x16 C:\TMP\offline_asr_alg_pro_sample.elf.b891F8.ltrans0.ltrans.o
 *fill*         0x000000001ff6590a        0x2 
 .rodata.asr_result_callback_nlp.constprop.0.str1.4
                0x000000001ff6590c      0x107 C:\TMP\offline_asr_alg_pro_sample.elf.b891F8.ltrans0.ltrans.o
 *fill*         0x000000001ff65a13        0x1 
 .rodata.app_deal_asr_reuslt_callback.constprop.0.str1.4
                0x000000001ff65a14       0x34 C:\TMP\offline_asr_alg_pro_sample.elf.b891F8.ltrans0.ltrans.o
 .rodata.flash_manage_req_wait_op_done_sem.str1.4
                0x000000001ff65a48        0xd C:\TMP\offline_asr_alg_pro_sample.elf.b891F8.ltrans0.ltrans.o
 *fill*         0x000000001ff65a55        0x3 
 .rodata.post_erase_flash.constprop.0.str1.4
                0x000000001ff65a58       0x2b C:\TMP\offline_asr_alg_pro_sample.elf.b891F8.ltrans0.ltrans.o
 *fill*         0x000000001ff65a83        0x1 
 .rodata.decoer_create_lm_get_ac_info.str1.4
                0x000000001ff65a84      0x1c7 C:\TMP\offline_asr_alg_pro_sample.elf.b891F8.ltrans0.ltrans.o
 *fill*         0x000000001ff65c4b        0x1 
 .rodata.decoer_create_lm_get_ac_info
                0x000000001ff65c4c       0x1c C:\TMP\offline_asr_alg_pro_sample.elf.b891F8.ltrans0.ltrans.o
 .rodata.decoder_manage_task.str1.4
                0x000000001ff65c68       0x4c C:\TMP\offline_asr_alg_pro_sample.elf.b891F8.ltrans0.ltrans.o
 .rodata.decoder_manage_task